
Merging program properties

Removed property 0xc0000002 to merge ../ACPI/acpi.o (0x3) and ./switch.o (not found)

Allocating common symbols
Common symbol       size              file

x                   0x4               ../kernel/spinlock.o
PML4E               0x8               ../kernel/gdt.o
vfslist             0x30              ../kernel/kernel.o
rootfs              0x8               ../kernel/kernel.o
bitmap              0x8               ../kernel/gdt.o
head                0x8               ../kernel/kernel.o
PIT_COUNTER         0x4               ../kernel/time.o
lapicc              0x8               ../ACPI/acpi.o
MAXPG               0x8               ../kernel/gdt.o
rsdt                0x8               ../ACPI/acpi.o
spinlock            0x4               ../kernel/spinlock.o
mountedlist         0x8               ../kernel/kernel.o
EOI                 0x8               ../kernel/time.o
NMI_LINT            0x1               ../kernel/time.o

Discarded input sections

 .note.GNU-stack
                0x0000000000000000        0x0 ../ACPI/acpi.o
 .note.gnu.property
                0x0000000000000000       0x20 ../ACPI/acpi.o
 .note.GNU-stack
                0x0000000000000000        0x0 ../kernel/spinlock.o
 .note.gnu.property
                0x0000000000000000       0x20 ../kernel/spinlock.o
 .note.GNU-stack
                0x0000000000000000        0x0 ../kernel/panic.o
 .note.gnu.property
                0x0000000000000000       0x20 ../kernel/panic.o
 .note.GNU-stack
                0x0000000000000000        0x0 ../kernel/time.o
 .note.gnu.property
                0x0000000000000000       0x20 ../kernel/time.o
 .note.GNU-stack
                0x0000000000000000        0x0 ../kernel/apic.o
 .note.gnu.property
                0x0000000000000000       0x20 ../kernel/apic.o
 .note.GNU-stack
                0x0000000000000000        0x0 ../kernel/string.o
 .note.gnu.property
                0x0000000000000000       0x20 ../kernel/string.o
 .note.GNU-stack
                0x0000000000000000        0x0 ../kernel/gdt.o
 .note.gnu.property
                0x0000000000000000       0x20 ../kernel/gdt.o
 .note.GNU-stack
                0x0000000000000000        0x0 ../kernel/interrupt.o
 .note.gnu.property
                0x0000000000000000       0x20 ../kernel/interrupt.o
 .note.GNU-stack
                0x0000000000000000        0x0 ../kernel/kbd.o
 .note.gnu.property
                0x0000000000000000       0x20 ../kernel/kbd.o
 .note.GNU-stack
                0x0000000000000000        0x0 ../kernel/io.o
 .note.gnu.property
                0x0000000000000000       0x20 ../kernel/io.o
 .note.GNU-stack
                0x0000000000000000        0x0 ../kernel/pmm.o
 .note.gnu.property
                0x0000000000000000       0x20 ../kernel/pmm.o
 .note.GNU-stack
                0x0000000000000000        0x0 ../kernel/idt.o
 .note.gnu.property
                0x0000000000000000       0x20 ../kernel/idt.o
 .note.GNU-stack
                0x0000000000000000        0x0 ../kernel/vmm.o
 .note.gnu.property
                0x0000000000000000       0x20 ../kernel/vmm.o
 .note.GNU-stack
                0x0000000000000000        0x0 ../kernel/proc.o
 .note.gnu.property
                0x0000000000000000       0x20 ../kernel/proc.o
 .note.GNU-stack
                0x0000000000000000        0x0 ../kernel/pic.o
 .note.gnu.property
                0x0000000000000000       0x20 ../kernel/pic.o
 .note.GNU-stack
                0x0000000000000000        0x0 ../kernel/cpu.o
 .note.gnu.property
                0x0000000000000000       0x20 ../kernel/cpu.o
 .note.GNU-stack
                0x0000000000000000        0x0 ../kernel/tmpfs.o
 .note.gnu.property
                0x0000000000000000       0x20 ../kernel/tmpfs.o
 .note.GNU-stack
                0x0000000000000000        0x0 ../kernel/kernel.o
 .note.gnu.property
                0x0000000000000000       0x20 ../kernel/kernel.o
 .note.GNU-stack
                0x0000000000000000        0x0 ../kernel/slab.o
 .note.gnu.property
                0x0000000000000000       0x20 ../kernel/slab.o
 .note.GNU-stack
                0x0000000000000000        0x0 ../fs/vfs.o
 .note.gnu.property
                0x0000000000000000       0x20 ../fs/vfs.o
 .note.GNU-stack
                0x0000000000000000        0x0 ../fs/ramfs.o
 .note.gnu.property
                0x0000000000000000       0x20 ../fs/ramfs.o

Memory Configuration

Name             Origin             Length             Attributes
*default*        0x0000000000000000 0xffffffffffffffff

Linker script and memory map

LOAD ../ACPI/acpi.o
LOAD ../kernel/spinlock.o
LOAD ../kernel/panic.o
LOAD ../kernel/time.o
LOAD ../kernel/apic.o
LOAD ../kernel/string.o
LOAD ../kernel/gdt.o
LOAD ../kernel/interrupt.o
LOAD ../kernel/kbd.o
LOAD ../kernel/io.o
LOAD ../kernel/pmm.o
LOAD ../kernel/idt.o
LOAD ../kernel/vmm.o
LOAD ../kernel/proc.o
LOAD ../kernel/pic.o
LOAD ../kernel/cpu.o
LOAD ../kernel/tmpfs.o
LOAD ../kernel/kernel.o
LOAD ../kernel/slab.o
LOAD ../fs/vfs.o
LOAD ../fs/ramfs.o
LOAD ./switch.o
LOAD ./isr.o
                0xffffffff80000000                . = 0xffffffff80000000

.text           0xffffffff80000000     0x3ae2
 *(.text .text.*)
 .text          0xffffffff80000000      0x113 ../ACPI/acpi.o
                0xffffffff80000000                init_acpi
                0xffffffff80000096                get_acpi_sdt
 .text          0xffffffff80000113       0x77 ../kernel/spinlock.o
                0xffffffff80000113                acquire
                0xffffffff8000014a                release
                0xffffffff8000016d                init_lock
 .text          0xffffffff8000018a       0x21 ../kernel/panic.o
                0xffffffff8000018a                panic
 .text          0xffffffff800001ab      0x1cb ../kernel/time.o
                0xffffffff80000271                sleep
                0xffffffff800002af                configure_timer
                0xffffffff80000322                init_pit
 .text          0xffffffff80000376      0x221 ../kernel/apic.o
                0xffffffff80000376                walk_madt
                0xffffffff80000416                init_apic
                0xffffffff80000545                apic_timer
 .text          0xffffffff80000597      0x2d4 ../kernel/string.o
                0xffffffff80000597                strlen
                0xffffffff800005d3                strcmp
                0xffffffff80000657                strcpy
                0xffffffff8000069a                strdup
                0xffffffff80000712                memcpy
                0xffffffff8000076d                memzero
                0xffffffff800007ad                itoa
 .text          0xffffffff8000086b      0x33d ../kernel/gdt.o
                0xffffffff80000931                load_gdt
                0xffffffff80000943                init_gdt
                0xffffffff80000a64                init_tss
 .text          0xffffffff80000ba8      0x166 ../kernel/interrupt.o
                0xffffffff80000c6e                init_interrupt
                0xffffffff80000ce5                timerh
 .text          0xffffffff80000d0e      0x474 ../kernel/kbd.o
                0xffffffff80000dd4                kbd_press
                0xffffffff80000e8f                print_char
                0xffffffff80000ede                init_kbd
                0xffffffff80000f64                setconfb
                0xffffffff80000fa4                getconfb
                0xffffffff80000fd8                getscancode
                0xffffffff80001028                gettype
                0xffffffff80001078                testps2port
                0xffffffff800010e3                testps2control
                0xffffffff80001132                disdev
                0xffffffff8000115b                check_ps2
 .text          0xffffffff80001182       0x4a ../kernel/io.o
                0xffffffff80001182                write32
                0xffffffff800011ad                read32
 .text          0xffffffff800011cc      0x519 ../kernel/pmm.o
                0xffffffff800011cc                togglepage
                0xffffffff80001222                isfree
                0xffffffff80001263                palloc
                0xffffffff800013b2                pallocaddr
                0xffffffff80001433                freepg
                0xffffffff8000148d                initbmap
                0xffffffff80001591                setentry
                0xffffffff800015f9                getmemsz
                0xffffffff8000166e                getentry
 .text          0xffffffff800016e5      0x29f ../kernel/idt.o
                0xffffffff800017ab                load_idt
                0xffffffff800017bd                init_idt
                0xffffffff80001822                new_irq
                0xffffffff80001851                set_idt_entry
                0xffffffff800018dc                trap
 .text          0xffffffff80001984      0x7bc ../kernel/vmm.o
                0xffffffff80001984                V2P
                0xffffffff800019a7                P2V
                0xffffffff800019ca                getpaddr
                0xffffffff800019e6                init_vmm
                0xffffffff80001a23                mappage
                0xffffffff80001b70                unmappage
                0xffffffff80001bd3                remappage
                0xffffffff80001e2f                newentry
                0xffffffff80001ed2                test
 .text          0xffffffff80002140      0x3f4 ../kernel/proc.o
                0xffffffff80002206                init_plock
                0xffffffff8000221b                init_proc
                0xffffffff80002263                acq
                0xffffffff8000227f                r
                0xffffffff8000229b                set_current_proc
                0xffffffff800022c2                get_current_proc
                0xffffffff800022d6                startproc
                0xffffffff80002325                allocproc
                0xffffffff8000243d                scheduler
 .text          0xffffffff80002534      0x1d9 ../kernel/pic.o
                0xffffffff800025fa                unmask_irq
                0xffffffff80002645                pic_remap
 .text          0xffffffff8000270d      0x190 ../kernel/cpu.o
                0xffffffff800027d3                init_cpu
                0xffffffff80002804                cpu
 .text          0xffffffff8000289d        0x0 ../kernel/tmpfs.o
 .text          0xffffffff8000289d      0x2d4 ../kernel/kernel.o
                0xffffffff80002963                print
                0xffffffff800029d5                kmain
                0xffffffff80002b32                thread3
                0xffffffff80002b47                thread2
                0xffffffff80002b5c                thread1
 .text          0xffffffff80002b71      0x5c8 ../kernel/slab.o
                0xffffffff80002b71                kalloc
                0xffffffff80002c46                kfree
                0xffffffff80002ed1                roundup
                0xffffffff80002f19                test_slab
 .text          0xffffffff80003139      0x285 ../fs/vfs.o
                0xffffffff80003139                init_rootfs
                0xffffffff80003198                lookup
                0xffffffff8000322d                solve
                0xffffffff8000324c                vfs_mount
                0xffffffff80003357                getnewvnode
                0xffffffff80003399                vfs_root
 .text          0xffffffff800033be      0x508 ../fs/ramfs.o
                0xffffffff800033be                ramfs_mount
                0xffffffff80003405                testt
                0xffffffff800035ba                ramfs_alloc_dentry
                0xffffffff8000363f                ramfs_dir_attach
                0xffffffff8000366f                ramfs_create
                0xffffffff800036ec                ramfs_root
                0xffffffff8000374f                ramfs_vget
                0xffffffff80003813                ramfs_lookup
 *fill*         0xffffffff800038c6        0xa 
 .text          0xffffffff800038d0       0x1b ./switch.o
                0xffffffff800038d0                switc
 *fill*         0xffffffff800038eb        0x5 
 .text          0xffffffff800038f0      0x1f2 ./isr.o
                0xffffffff800038f0                isr_timer
                0xffffffff800038f4                isr_kbd
                0xffffffff800038f8                isr_apic_timer
                0xffffffff800038fc                spurious
                0xffffffff80003924                ret
                0xffffffff800039e2                isr_table

.iplt           0xffffffff80003ae2        0x0
 .iplt          0xffffffff80003ae2        0x0 ../ACPI/acpi.o
                0xffffffff80004ae2                . = (. + CONSTANT (MAXPAGESIZE))

.rodata         0xffffffff80004b00      0x250
 *(.rodata .rodata.*)
 .rodata        0xffffffff80004b00       0x13 ../kernel/apic.o
 .rodata        0xffffffff80004b13       0x29 ../kernel/kbd.o
 *fill*         0xffffffff80004b3c        0x4 
 .rodata        0xffffffff80004b40       0x5d ../kernel/pmm.o
 .rodata        0xffffffff80004b9d        0xd ../kernel/idt.o
 *fill*         0xffffffff80004baa        0x6 
 .rodata        0xffffffff80004bb0       0xc1 ../kernel/vmm.o
 *fill*         0xffffffff80004c71        0x7 
 .rodata        0xffffffff80004c78       0x47 ../kernel/kernel.o
 .rodata        0xffffffff80004cbf       0x32 ../kernel/slab.o
 .rodata        0xffffffff80004cf1        0x2 ../fs/vfs.o
 *fill*         0xffffffff80004cf3        0xd 
 .rodata        0xffffffff80004d00       0x50 ../fs/ramfs.o
                0xffffffff80004d20                ram_ops

.eh_frame       0xffffffff80004d50     0x13e0
 .eh_frame      0xffffffff80004d50       0x58 ../ACPI/acpi.o
 .eh_frame      0xffffffff80004da8       0x60 ../kernel/spinlock.o
                                         0x78 (size before relaxing)
 .eh_frame      0xffffffff80004e08       0x20 ../kernel/panic.o
                                         0x38 (size before relaxing)
 .eh_frame      0xffffffff80004e28      0x120 ../kernel/time.o
                                        0x138 (size before relaxing)
 .eh_frame      0xffffffff80004f48       0x80 ../kernel/apic.o
                                         0x98 (size before relaxing)
 .eh_frame      0xffffffff80004fc8       0xe0 ../kernel/string.o
                                         0xf8 (size before relaxing)
 .eh_frame      0xffffffff800050a8      0x148 ../kernel/gdt.o
                                        0x160 (size before relaxing)
 .eh_frame      0xffffffff800051f0      0x100 ../kernel/interrupt.o
                                        0x118 (size before relaxing)
 .eh_frame      0xffffffff800052f0      0x220 ../kernel/kbd.o
                                        0x238 (size before relaxing)
 .eh_frame      0xffffffff80005510       0x40 ../kernel/io.o
                                         0x58 (size before relaxing)
 .eh_frame      0xffffffff80005550      0x120 ../kernel/pmm.o
                                        0x138 (size before relaxing)
 .eh_frame      0xffffffff80005670      0x160 ../kernel/idt.o
                                        0x178 (size before relaxing)
 .eh_frame      0xffffffff800057d0      0x148 ../kernel/vmm.o
                                        0x160 (size before relaxing)
 .eh_frame      0xffffffff80005918      0x200 ../kernel/proc.o
                                        0x218 (size before relaxing)
 .eh_frame      0xffffffff80005b18      0x100 ../kernel/pic.o
                                        0x118 (size before relaxing)
 .eh_frame      0xffffffff80005c18      0x100 ../kernel/cpu.o
                                        0x118 (size before relaxing)
 .eh_frame      0xffffffff80005d18      0x158 ../kernel/kernel.o
                                        0x170 (size before relaxing)
 .eh_frame      0xffffffff80005e70       0xe0 ../kernel/slab.o
                                         0xf8 (size before relaxing)
 .eh_frame      0xffffffff80005f50       0xc0 ../fs/vfs.o
                                         0xd8 (size before relaxing)
 .eh_frame      0xffffffff80006010      0x120 ../fs/ramfs.o
                                        0x138 (size before relaxing)

.rela.dyn       0xffffffff80006130        0x0
 .rela.got      0xffffffff80006130        0x0 ../ACPI/acpi.o
 .rela.iplt     0xffffffff80006130        0x0 ../ACPI/acpi.o
 .rela.text     0xffffffff80006130        0x0 ../ACPI/acpi.o
                0xffffffff80007130                . = (. + CONSTANT (MAXPAGESIZE))

.data           0xffffffff80007140      0x188
 *(.data .data.*)
 .data          0xffffffff80007140       0x30 ../ACPI/acpi.o
 .data          0xffffffff80007170        0x0 ../kernel/spinlock.o
 .data          0xffffffff80007170        0x0 ../kernel/panic.o
 .data          0xffffffff80007170        0x0 ../kernel/time.o
 .data          0xffffffff80007170        0x0 ../kernel/apic.o
 .data          0xffffffff80007170        0x0 ../kernel/string.o
 .data          0xffffffff80007170        0x0 ../kernel/gdt.o
 .data          0xffffffff80007170        0x0 ../kernel/interrupt.o
 *fill*         0xffffffff80007170       0x10 
 .data          0xffffffff80007180       0x7f ../kernel/kbd.o
 .data          0xffffffff800071ff        0x0 ../kernel/io.o
 .data          0xffffffff800071ff        0x0 ../kernel/pmm.o
 .data          0xffffffff800071ff        0x0 ../kernel/idt.o
 .data          0xffffffff800071ff        0x0 ../kernel/vmm.o
 .data          0xffffffff800071ff        0x1 ../kernel/proc.o
 .data          0xffffffff80007200        0x0 ../kernel/pic.o
 .data          0xffffffff80007200       0x38 ../kernel/cpu.o
 .data          0xffffffff80007238        0x0 ../kernel/tmpfs.o
 *fill*         0xffffffff80007238        0x8 
 .data          0xffffffff80007240       0x88 ../kernel/kernel.o
 .data          0xffffffff800072c8        0x0 ../kernel/slab.o
 .data          0xffffffff800072c8        0x0 ../fs/vfs.o
 .data          0xffffffff800072c8        0x0 ../fs/ramfs.o

.got            0xffffffff800072c8        0x0
 .got           0xffffffff800072c8        0x0 ../ACPI/acpi.o

.got.plt        0xffffffff800072c8        0x0
 .got.plt       0xffffffff800072c8        0x0 ../ACPI/acpi.o

.igot.plt       0xffffffff800072c8        0x0
 .igot.plt      0xffffffff800072c8        0x0 ../ACPI/acpi.o

.bss            0xffffffff800072e0     0x3114
 *(COMMON)
 COMMON         0xffffffff800072e0       0x10 ../ACPI/acpi.o
                0xffffffff800072e0                lapicc
                0xffffffff800072e8                rsdt
 COMMON         0xffffffff800072f0        0x8 ../kernel/spinlock.o
                0xffffffff800072f0                x
                0xffffffff800072f4                spinlock
 COMMON         0xffffffff800072f8       0x11 ../kernel/time.o
                0xffffffff800072f8                PIT_COUNTER
                0xffffffff80007300                EOI
                0xffffffff80007308                NMI_LINT
 *fill*         0xffffffff80007309        0x7 
 COMMON         0xffffffff80007310       0x18 ../kernel/gdt.o
                0xffffffff80007310                PML4E
                0xffffffff80007318                bitmap
                0xffffffff80007320                MAXPG
 *fill*         0xffffffff80007328       0x18 
 COMMON         0xffffffff80007340       0x48 ../kernel/kernel.o
                0xffffffff80007340                vfslist
                0xffffffff80007370                rootfs
                0xffffffff80007378                head
                0xffffffff80007380                mountedlist
 COMMON         0xffffffff80007388        0x0 ../fs/vfs.o
 *(.bss .bss.*)
 .bss           0xffffffff80007388        0x0 ../ACPI/acpi.o
 .bss           0xffffffff80007388        0x0 ../kernel/spinlock.o
 .bss           0xffffffff80007388        0x0 ../kernel/panic.o
 .bss           0xffffffff80007388        0x0 ../kernel/time.o
 .bss           0xffffffff80007388        0x8 ../kernel/apic.o
 .bss           0xffffffff80007390        0x0 ../kernel/string.o
 .bss           0xffffffff80007390       0x1a ../kernel/gdt.o
 .bss           0xffffffff800073aa        0x0 ../kernel/interrupt.o
 .bss           0xffffffff800073aa        0x2 ../kernel/kbd.o
 .bss           0xffffffff800073ac        0x0 ../kernel/io.o
 .bss           0xffffffff800073ac        0x0 ../kernel/pmm.o
 *fill*         0xffffffff800073ac        0x4 
 .bss           0xffffffff800073b0     0x100a ../kernel/idt.o
 .bss           0xffffffff800083ba        0x0 ../kernel/vmm.o
 *fill*         0xffffffff800083ba        0x6 
 .bss           0xffffffff800083c0     0x200c ../kernel/proc.o
 .bss           0xffffffff8000a3cc        0x0 ../kernel/pic.o
 .bss           0xffffffff8000a3cc        0x0 ../kernel/cpu.o
 .bss           0xffffffff8000a3cc        0x0 ../kernel/tmpfs.o
 .bss           0xffffffff8000a3cc        0x8 ../kernel/kernel.o
 *fill*         0xffffffff8000a3d4        0xc 
 .bss           0xffffffff8000a3e0       0x14 ../kernel/slab.o
 .bss           0xffffffff8000a3f4        0x0 ../fs/vfs.o
 .bss           0xffffffff8000a3f4        0x0 ../fs/ramfs.o

/DISCARD/
 *(.note .note.*)
OUTPUT(kernel.elf elf64-x86-64)

.debug_info     0x0000000000000000     0x6382
 .debug_info    0x0000000000000000      0x38c ../ACPI/acpi.o
 .debug_info    0x000000000000038c      0x19e ../kernel/spinlock.o
 .debug_info    0x000000000000052a       0xd5 ../kernel/panic.o
 .debug_info    0x00000000000005ff      0x40d ../kernel/time.o
 .debug_info    0x0000000000000a0c      0x5eb ../kernel/apic.o
 .debug_info    0x0000000000000ff7      0x328 ../kernel/string.o
 .debug_info    0x000000000000131f      0x48e ../kernel/gdt.o
 .debug_info    0x00000000000017ad      0x25b ../kernel/interrupt.o
 .debug_info    0x0000000000001a08      0x7fa ../kernel/kbd.o
 .debug_info    0x0000000000002202      0x109 ../kernel/io.o
 .debug_info    0x000000000000230b      0x4fe ../kernel/pmm.o
 .debug_info    0x0000000000002809      0x6b1 ../kernel/idt.o
 .debug_info    0x0000000000002eba      0x680 ../kernel/vmm.o
 .debug_info    0x000000000000353a      0x887 ../kernel/proc.o
 .debug_info    0x0000000000003dc1      0x27c ../kernel/pic.o
 .debug_info    0x000000000000403d      0x614 ../kernel/cpu.o
 .debug_info    0x0000000000004651      0xb3e ../kernel/kernel.o
 .debug_info    0x000000000000518f      0x5ec ../kernel/slab.o
 .debug_info    0x000000000000577b      0x3f6 ../fs/vfs.o
 .debug_info    0x0000000000005b71      0x77c ../fs/ramfs.o
 .debug_info    0x00000000000062ed       0x4c ./switch.o
 .debug_info    0x0000000000006339       0x49 ./isr.o

.debug_abbrev   0x0000000000000000     0x22d2
 .debug_abbrev  0x0000000000000000      0x156 ../ACPI/acpi.o
 .debug_abbrev  0x0000000000000156       0xda ../kernel/spinlock.o
 .debug_abbrev  0x0000000000000230       0x95 ../kernel/panic.o
 .debug_abbrev  0x00000000000002c5      0x1d1 ../kernel/time.o
 .debug_abbrev  0x0000000000000496      0x1df ../kernel/apic.o
 .debug_abbrev  0x0000000000000675      0x12a ../kernel/string.o
 .debug_abbrev  0x000000000000079f      0x222 ../kernel/gdt.o
 .debug_abbrev  0x00000000000009c1      0x19e ../kernel/interrupt.o
 .debug_abbrev  0x0000000000000b5f      0x239 ../kernel/kbd.o
 .debug_abbrev  0x0000000000000d98       0xa0 ../kernel/io.o
 .debug_abbrev  0x0000000000000e38      0x171 ../kernel/pmm.o
 .debug_abbrev  0x0000000000000fa9      0x284 ../kernel/idt.o
 .debug_abbrev  0x000000000000122d      0x1e1 ../kernel/vmm.o
 .debug_abbrev  0x000000000000140e      0x2a4 ../kernel/proc.o
 .debug_abbrev  0x00000000000016b2      0x146 ../kernel/pic.o
 .debug_abbrev  0x00000000000017f8      0x227 ../kernel/cpu.o
 .debug_abbrev  0x0000000000001a1f      0x2b2 ../kernel/kernel.o
 .debug_abbrev  0x0000000000001cd1      0x22e ../kernel/slab.o
 .debug_abbrev  0x0000000000001eff      0x186 ../fs/vfs.o
 .debug_abbrev  0x0000000000002085      0x217 ../fs/ramfs.o
 .debug_abbrev  0x000000000000229c       0x1b ./switch.o
 .debug_abbrev  0x00000000000022b7       0x1b ./isr.o

.debug_aranges  0x0000000000000000      0x420
 .debug_aranges
                0x0000000000000000       0x30 ../ACPI/acpi.o
 .debug_aranges
                0x0000000000000030       0x30 ../kernel/spinlock.o
 .debug_aranges
                0x0000000000000060       0x30 ../kernel/panic.o
 .debug_aranges
                0x0000000000000090       0x30 ../kernel/time.o
 .debug_aranges
                0x00000000000000c0       0x30 ../kernel/apic.o
 .debug_aranges
                0x00000000000000f0       0x30 ../kernel/string.o
 .debug_aranges
                0x0000000000000120       0x30 ../kernel/gdt.o
 .debug_aranges
                0x0000000000000150       0x30 ../kernel/interrupt.o
 .debug_aranges
                0x0000000000000180       0x30 ../kernel/kbd.o
 .debug_aranges
                0x00000000000001b0       0x30 ../kernel/io.o
 .debug_aranges
                0x00000000000001e0       0x30 ../kernel/pmm.o
 .debug_aranges
                0x0000000000000210       0x30 ../kernel/idt.o
 .debug_aranges
                0x0000000000000240       0x30 ../kernel/vmm.o
 .debug_aranges
                0x0000000000000270       0x30 ../kernel/proc.o
 .debug_aranges
                0x00000000000002a0       0x30 ../kernel/pic.o
 .debug_aranges
                0x00000000000002d0       0x30 ../kernel/cpu.o
 .debug_aranges
                0x0000000000000300       0x30 ../kernel/kernel.o
 .debug_aranges
                0x0000000000000330       0x30 ../kernel/slab.o
 .debug_aranges
                0x0000000000000360       0x30 ../fs/vfs.o
 .debug_aranges
                0x0000000000000390       0x30 ../fs/ramfs.o
 .debug_aranges
                0x00000000000003c0       0x30 ./switch.o
 .debug_aranges
                0x00000000000003f0       0x30 ./isr.o

.debug_line     0x0000000000000000     0x248e
 .debug_line    0x0000000000000000      0x156 ../ACPI/acpi.o
 .debug_line    0x0000000000000156       0xde ../kernel/spinlock.o
 .debug_line    0x0000000000000234       0xb8 ../kernel/panic.o
 .debug_line    0x00000000000002ec      0x189 ../kernel/time.o
 .debug_line    0x0000000000000475      0x18d ../kernel/apic.o
 .debug_line    0x0000000000000602      0x20e ../kernel/string.o
 .debug_line    0x0000000000000810      0x1e7 ../kernel/gdt.o
 .debug_line    0x00000000000009f7      0x14a ../kernel/interrupt.o
 .debug_line    0x0000000000000b41      0x236 ../kernel/kbd.o
 .debug_line    0x0000000000000d77       0x6b ../kernel/io.o
 .debug_line    0x0000000000000de2      0x345 ../kernel/pmm.o
 .debug_line    0x0000000000001127      0x1ef ../kernel/idt.o
 .debug_line    0x0000000000001316      0x3b7 ../kernel/vmm.o
 .debug_line    0x00000000000016cd      0x240 ../kernel/proc.o
 .debug_line    0x000000000000190d      0x122 ../kernel/pic.o
 .debug_line    0x0000000000001a2f      0x184 ../kernel/cpu.o
 .debug_line    0x0000000000001bb3        0x0 ../kernel/tmpfs.o
 .debug_line    0x0000000000001bb3      0x221 ../kernel/kernel.o
 .debug_line    0x0000000000001dd4      0x2bf ../kernel/slab.o
 .debug_line    0x0000000000002093      0x132 ../fs/vfs.o
 .debug_line    0x00000000000021c5      0x216 ../fs/ramfs.o
 .debug_line    0x00000000000023db       0x42 ./switch.o
 .debug_line    0x000000000000241d       0x71 ./isr.o

.debug_str      0x0000000000000000     0x1047
 .debug_str     0x0000000000000000      0x243 ../ACPI/acpi.o
                                        0x2aa (size before relaxing)
 .debug_str     0x0000000000000243      0x1b4 ../kernel/spinlock.o
                                        0x241 (size before relaxing)
 .debug_str     0x00000000000003f7       0x18 ../kernel/panic.o
                                        0x1b8 (size before relaxing)
 .debug_str     0x000000000000040f       0x77 ../kernel/time.o
                                        0x2ab (size before relaxing)
 .debug_str     0x0000000000000486       0xb9 ../kernel/apic.o
                                        0x31f (size before relaxing)
 .debug_str     0x000000000000053f       0x5b ../kernel/string.o
                                        0x1ff (size before relaxing)
 .debug_str     0x000000000000059a       0xfe ../kernel/gdt.o
                                        0x2f7 (size before relaxing)
 .debug_str     0x0000000000000698       0x36 ../kernel/interrupt.o
                                        0x20d (size before relaxing)
 .debug_str     0x00000000000006ce      0x22e ../kernel/kbd.o
                                        0x48f (size before relaxing)
 .debug_str     0x00000000000008fc       0x23 ../kernel/io.o
                                        0x1ac (size before relaxing)
 .debug_str     0x000000000000091f       0xcb ../kernel/pmm.o
                                        0x2e9 (size before relaxing)
 .debug_str     0x00000000000009ea       0x80 ../kernel/idt.o
                                        0x32e (size before relaxing)
 .debug_str     0x0000000000000a6a       0x88 ../kernel/vmm.o
                                        0x2a1 (size before relaxing)
 .debug_str     0x0000000000000af2       0x8a ../kernel/proc.o
                                        0x39b (size before relaxing)
 .debug_str     0x0000000000000b7c       0x37 ../kernel/pic.o
                                        0x202 (size before relaxing)
 .debug_str     0x0000000000000bb3       0xad ../kernel/cpu.o
                                        0x39a (size before relaxing)
 .debug_str     0x0000000000000c60       0x12 ../kernel/tmpfs.o
                                        0x133 (size before relaxing)
 .debug_str     0x0000000000000c72      0x236 ../kernel/kernel.o
                                        0x5ea (size before relaxing)
 .debug_str     0x0000000000000ea8       0x76 ../kernel/slab.o
                                        0x2a4 (size before relaxing)
 .debug_str     0x0000000000000f1e       0x51 ../fs/vfs.o
                                        0x2bd (size before relaxing)
 .debug_str     0x0000000000000f6f       0xd8 ../fs/ramfs.o
                                        0x360 (size before relaxing)

.comment        0x0000000000000000       0x2b
 .comment       0x0000000000000000       0x2b ../ACPI/acpi.o
                                         0x2c (size before relaxing)
 .comment       0x000000000000002b       0x2c ../kernel/spinlock.o
 .comment       0x000000000000002b       0x2c ../kernel/panic.o
 .comment       0x000000000000002b       0x2c ../kernel/time.o
 .comment       0x000000000000002b       0x2c ../kernel/apic.o
 .comment       0x000000000000002b       0x2c ../kernel/string.o
 .comment       0x000000000000002b       0x2c ../kernel/gdt.o
 .comment       0x000000000000002b       0x2c ../kernel/interrupt.o
 .comment       0x000000000000002b       0x2c ../kernel/kbd.o
 .comment       0x000000000000002b       0x2c ../kernel/io.o
 .comment       0x000000000000002b       0x2c ../kernel/pmm.o
 .comment       0x000000000000002b       0x2c ../kernel/idt.o
 .comment       0x000000000000002b       0x2c ../kernel/vmm.o
 .comment       0x000000000000002b       0x2c ../kernel/proc.o
 .comment       0x000000000000002b       0x2c ../kernel/pic.o
 .comment       0x000000000000002b       0x2c ../kernel/cpu.o
 .comment       0x000000000000002b       0x2c ../kernel/tmpfs.o
 .comment       0x000000000000002b       0x2c ../kernel/kernel.o
 .comment       0x000000000000002b       0x2c ../kernel/slab.o
 .comment       0x000000000000002b       0x2c ../fs/vfs.o
 .comment       0x000000000000002b       0x2c ../fs/ramfs.o

.debug_pubnames
                0x0000000000000000       0x24
 .debug_pubnames
                0x0000000000000000       0x12 ./switch.o
 .debug_pubnames
                0x0000000000000012       0x12 ./isr.o

.debug_frame    0x0000000000000000        0xc
 .debug_frame   0x0000000000000000        0x4 ./switch.o
 *fill*         0x0000000000000004        0x4 
 .debug_frame   0x0000000000000008        0x4 ./isr.o

.debug_loc      0x0000000000000000       0x20
 .debug_loc     0x0000000000000000       0x10 ./switch.o
 .debug_loc     0x0000000000000010       0x10 ./isr.o
