
Merging program properties

Removed property 0xc0000002 to merge ../ACPI/acpi.o (0x3) and ./switch.o (not found)

Allocating common symbols
Common symbol       size              file

PML4E               0x8               ../kernel/gdt.o
bitmap              0x8               ../kernel/gdt.o
curproc             0x8               ../kernel/proc.o
PIT_COUNTER         0x4               ../kernel/time.o
lapicc              0x8               ../ACPI/acpi.o
MAXPG               0x8               ../kernel/gdt.o
rsdt                0x8               ../ACPI/acpi.o
spinlock            0x4               ../kernel/spinlock.o
ptable              0x1e0             ../kernel/proc.o
EOI                 0x8               ../kernel/time.o
NMI_LINT            0x1               ../kernel/time.o

Discarded input sections

 .note.GNU-stack
                0x0000000000000000        0x0 ../ACPI/acpi.o
 .note.gnu.property
                0x0000000000000000       0x20 ../ACPI/acpi.o
 .note.GNU-stack
                0x0000000000000000        0x0 ../kernel/spinlock.o
 .note.gnu.property
                0x0000000000000000       0x20 ../kernel/spinlock.o
 .note.GNU-stack
                0x0000000000000000        0x0 ../kernel/panic.o
 .note.gnu.property
                0x0000000000000000       0x20 ../kernel/panic.o
 .note.GNU-stack
                0x0000000000000000        0x0 ../kernel/time.o
 .note.gnu.property
                0x0000000000000000       0x20 ../kernel/time.o
 .note.GNU-stack
                0x0000000000000000        0x0 ../kernel/apic.o
 .note.gnu.property
                0x0000000000000000       0x20 ../kernel/apic.o
 .note.GNU-stack
                0x0000000000000000        0x0 ../kernel/string.o
 .note.gnu.property
                0x0000000000000000       0x20 ../kernel/string.o
 .note.GNU-stack
                0x0000000000000000        0x0 ../kernel/gdt.o
 .note.gnu.property
                0x0000000000000000       0x20 ../kernel/gdt.o
 .note.GNU-stack
                0x0000000000000000        0x0 ../kernel/interrupt.o
 .note.gnu.property
                0x0000000000000000       0x20 ../kernel/interrupt.o
 .note.GNU-stack
                0x0000000000000000        0x0 ../kernel/kbd.o
 .note.gnu.property
                0x0000000000000000       0x20 ../kernel/kbd.o
 .note.GNU-stack
                0x0000000000000000        0x0 ../kernel/io.o
 .note.gnu.property
                0x0000000000000000       0x20 ../kernel/io.o
 .note.GNU-stack
                0x0000000000000000        0x0 ../kernel/pmm.o
 .note.gnu.property
                0x0000000000000000       0x20 ../kernel/pmm.o
 .note.GNU-stack
                0x0000000000000000        0x0 ../kernel/idt.o
 .note.gnu.property
                0x0000000000000000       0x20 ../kernel/idt.o
 .note.GNU-stack
                0x0000000000000000        0x0 ../kernel/vmm.o
 .note.gnu.property
                0x0000000000000000       0x20 ../kernel/vmm.o
 .note.GNU-stack
                0x0000000000000000        0x0 ../kernel/proc.o
 .note.gnu.property
                0x0000000000000000       0x20 ../kernel/proc.o
 .note.GNU-stack
                0x0000000000000000        0x0 ../kernel/pic.o
 .note.gnu.property
                0x0000000000000000       0x20 ../kernel/pic.o
 .note.GNU-stack
                0x0000000000000000        0x0 ../kernel/cpu.o
 .note.gnu.property
                0x0000000000000000       0x20 ../kernel/cpu.o
 .note.GNU-stack
                0x0000000000000000        0x0 ../kernel/kernel.o
 .note.gnu.property
                0x0000000000000000       0x20 ../kernel/kernel.o

Memory Configuration

Name             Origin             Length             Attributes
*default*        0x0000000000000000 0xffffffffffffffff

Linker script and memory map

LOAD ../ACPI/acpi.o
LOAD ../kernel/spinlock.o
LOAD ../kernel/panic.o
LOAD ../kernel/time.o
LOAD ../kernel/apic.o
LOAD ../kernel/string.o
LOAD ../kernel/gdt.o
LOAD ../kernel/interrupt.o
LOAD ../kernel/kbd.o
LOAD ../kernel/io.o
LOAD ../kernel/pmm.o
LOAD ../kernel/idt.o
LOAD ../kernel/vmm.o
LOAD ../kernel/proc.o
LOAD ../kernel/pic.o
LOAD ../kernel/cpu.o
LOAD ../kernel/kernel.o
LOAD ./switch.o
LOAD ./isr.o
                0xffffffff80000000                . = 0xffffffff80000000

.text           0xffffffff80000000     0x2b22
 *(.text .text.*)
 .text          0xffffffff80000000      0x113 ../ACPI/acpi.o
                0xffffffff80000000                init_acpi
                0xffffffff80000096                get_acpi_sdt
 .text          0xffffffff80000113       0x80 ../kernel/spinlock.o
                0xffffffff80000113                acquire
                0xffffffff80000153                release
                0xffffffff80000176                init_lock
 .text          0xffffffff80000193       0x21 ../kernel/panic.o
                0xffffffff80000193                panic
 .text          0xffffffff800001b4      0x1e0 ../kernel/time.o
                0xffffffff8000028f                sleep
                0xffffffff800002cd                configure_timer
                0xffffffff80000340                init_pit
 .text          0xffffffff80000394      0x202 ../kernel/apic.o
                0xffffffff80000394                walk_madt
                0xffffffff80000434                init_apic
                0xffffffff80000563                apic_timer
 .text          0xffffffff80000596      0x18b ../kernel/string.o
                0xffffffff80000596                strlen
                0xffffffff800005d0                memcpy
                0xffffffff80000627                memzero
                0xffffffff80000663                itoa
 .text          0xffffffff80000721      0x352 ../kernel/gdt.o
                0xffffffff800007fc                load_gdt
                0xffffffff8000080e                init_gdt
                0xffffffff8000092f                init_tss
 .text          0xffffffff80000a73      0x17b ../kernel/interrupt.o
                0xffffffff80000b4e                init_interrupt
                0xffffffff80000bc5                timerh
 .text          0xffffffff80000bee      0x48c ../kernel/kbd.o
                0xffffffff80000cc9                kbd_press
                0xffffffff80000d84                print_char
                0xffffffff80000dd3                init_kbd
                0xffffffff80000e59                setconfb
                0xffffffff80000e9c                getconfb
                0xffffffff80000ed0                getscancode
                0xffffffff80000f20                gettype
                0xffffffff80000f70                testps2port
                0xffffffff80000fdb                testps2control
                0xffffffff8000102a                disdev
                0xffffffff80001053                check_ps2
 .text          0xffffffff8000107a       0x4a ../kernel/io.o
                0xffffffff8000107a                write32
                0xffffffff800010a5                read32
 .text          0xffffffff800010c4      0x522 ../kernel/pmm.o
                0xffffffff800010c4                togglepage
                0xffffffff8000111a                isfree
                0xffffffff8000115b                palloc
                0xffffffff800012b1                pallocaddr
                0xffffffff8000132f                freepg
                0xffffffff80001389                initbmap
                0xffffffff80001492                setentry
                0xffffffff800014fa                getmemsz
                0xffffffff8000156f                getentry
 .text          0xffffffff800015e6      0x2c9 ../kernel/idt.o
                0xffffffff800016c1                load_idt
                0xffffffff800016d3                init_idt
                0xffffffff80001738                new_irq
                0xffffffff80001767                set_idt_entry
                0xffffffff800017f2                l
                0xffffffff800017fd                trap
 .text          0xffffffff800018af      0x7c1 ../kernel/vmm.o
                0xffffffff800018af                V2P
                0xffffffff800018d2                P2V
                0xffffffff800018f5                getpaddr
                0xffffffff80001911                init_vmm
                0xffffffff8000194e                mappage
                0xffffffff80001a9b                unmappage
                0xffffffff80001b06                remappage
                0xffffffff80001d5f                newentry
                0xffffffff80001e02                test
 .text          0xffffffff80002070      0x2c5 ../kernel/proc.o
                0xffffffff8000214b                set_current_proc
                0xffffffff80002189                get_current_proc
                0xffffffff800021c3                startproc
                0xffffffff80002218                allocproc
                0xffffffff8000228c                scheduler
 .text          0xffffffff80002335      0x1fd ../kernel/pic.o
                0xffffffff80002410                unmask_irq
                0xffffffff8000245e                pic_remap
 .text          0xffffffff80002532      0x196 ../kernel/cpu.o
                0xffffffff8000260d                init_cpu
                0xffffffff8000263e                cpu
 .text          0xffffffff800026c8      0x24f ../kernel/kernel.o
                0xffffffff800027a3                print
                0xffffffff80002815                kmain
                0xffffffff800028f6                thread3
                0xffffffff80002901                thread2
                0xffffffff8000290c                thread1
 *fill*         0xffffffff80002917        0x9 
 .text          0xffffffff80002920        0x9 ./switch.o
                0xffffffff80002920                switc
 *fill*         0xffffffff80002929        0x7 
 .text          0xffffffff80002930      0x1f2 ./isr.o
                0xffffffff80002930                isr_timer
                0xffffffff80002934                isr_kbd
                0xffffffff80002938                isr_apic_timer
                0xffffffff8000293c                spurious
                0xffffffff80002961                ret
                0xffffffff80002a22                isr_table

.iplt           0xffffffff80002b22        0x0
 .iplt          0xffffffff80002b22        0x0 ../ACPI/acpi.o
                0xffffffff80003b22                . = (. + CONSTANT (MAXPAGESIZE))

.rodata         0xffffffff80003b28      0x18d
 *(.rodata .rodata.*)
 .rodata        0xffffffff80003b28       0x13 ../kernel/apic.o
 .rodata        0xffffffff80003b3b       0x29 ../kernel/kbd.o
 *fill*         0xffffffff80003b64        0x4 
 .rodata        0xffffffff80003b68       0x5d ../kernel/pmm.o
 .rodata        0xffffffff80003bc5        0xd ../kernel/idt.o
 *fill*         0xffffffff80003bd2        0x6 
 .rodata        0xffffffff80003bd8       0xc1 ../kernel/vmm.o
 .rodata        0xffffffff80003c99       0x1c ../kernel/kernel.o

.eh_frame       0xffffffff80003cb8     0x103c
 .eh_frame      0xffffffff80003cb8       0x58 ../ACPI/acpi.o
 .eh_frame      0xffffffff80003d10       0x60 ../kernel/spinlock.o
                                         0x78 (size before relaxing)
 .eh_frame      0xffffffff80003d70       0x20 ../kernel/panic.o
                                         0x38 (size before relaxing)
 .eh_frame      0xffffffff80003d90      0x120 ../kernel/time.o
                                        0x138 (size before relaxing)
 .eh_frame      0xffffffff80003eb0       0x80 ../kernel/apic.o
                                         0x98 (size before relaxing)
 .eh_frame      0xffffffff80003f30       0x80 ../kernel/string.o
                                         0x98 (size before relaxing)
 .eh_frame      0xffffffff80003fb0      0x148 ../kernel/gdt.o
                                        0x160 (size before relaxing)
 .eh_frame      0xffffffff800040f8      0x100 ../kernel/interrupt.o
                                        0x118 (size before relaxing)
 .eh_frame      0xffffffff800041f8      0x220 ../kernel/kbd.o
                                        0x238 (size before relaxing)
 .eh_frame      0xffffffff80004418       0x40 ../kernel/io.o
                                         0x58 (size before relaxing)
 .eh_frame      0xffffffff80004458      0x120 ../kernel/pmm.o
                                        0x138 (size before relaxing)
 .eh_frame      0xffffffff80004578      0x180 ../kernel/idt.o
                                        0x198 (size before relaxing)
 .eh_frame      0xffffffff800046f8      0x148 ../kernel/vmm.o
                                        0x160 (size before relaxing)
 .eh_frame      0xffffffff80004840      0x160 ../kernel/proc.o
                                        0x178 (size before relaxing)
 .eh_frame      0xffffffff800049a0      0x100 ../kernel/pic.o
                                        0x118 (size before relaxing)
 .eh_frame      0xffffffff80004aa0      0x100 ../kernel/cpu.o
                                        0x118 (size before relaxing)
 .eh_frame      0xffffffff80004ba0      0x154 ../kernel/kernel.o
                                        0x170 (size before relaxing)

.rela.dyn       0xffffffff80004cf8        0x0
 .rela.got      0xffffffff80004cf8        0x0 ../ACPI/acpi.o
 .rela.iplt     0xffffffff80004cf8        0x0 ../ACPI/acpi.o
 .rela.text     0xffffffff80004cf8        0x0 ../ACPI/acpi.o
                0xffffffff80005cf8                . = (. + CONSTANT (MAXPAGESIZE))

.data           0xffffffff80005d00      0x190
 *(.data .data.*)
 .data          0xffffffff80005d00       0x30 ../ACPI/acpi.o
 .data          0xffffffff80005d30        0x0 ../kernel/spinlock.o
 .data          0xffffffff80005d30        0x0 ../kernel/panic.o
 .data          0xffffffff80005d30        0x0 ../kernel/time.o
 .data          0xffffffff80005d30        0x0 ../kernel/apic.o
 .data          0xffffffff80005d30        0x0 ../kernel/string.o
 .data          0xffffffff80005d30        0x0 ../kernel/gdt.o
 .data          0xffffffff80005d30        0x0 ../kernel/interrupt.o
 *fill*         0xffffffff80005d30       0x10 
 .data          0xffffffff80005d40       0x7f ../kernel/kbd.o
 .data          0xffffffff80005dbf        0x0 ../kernel/io.o
 .data          0xffffffff80005dbf        0x0 ../kernel/pmm.o
 .data          0xffffffff80005dbf        0x0 ../kernel/idt.o
 .data          0xffffffff80005dbf        0x0 ../kernel/vmm.o
 .data          0xffffffff80005dbf        0x2 ../kernel/proc.o
 .data          0xffffffff80005dc1        0x0 ../kernel/pic.o
 *fill*         0xffffffff80005dc1       0x1f 
 .data          0xffffffff80005de0       0x38 ../kernel/cpu.o
 *fill*         0xffffffff80005e18        0x8 
 .data          0xffffffff80005e20       0x70 ../kernel/kernel.o

.got            0xffffffff80005e90        0x0
 .got           0xffffffff80005e90        0x0 ../ACPI/acpi.o

.got.plt        0xffffffff80005e90        0x0
 .got.plt       0xffffffff80005e90        0x0 ../ACPI/acpi.o

.igot.plt       0xffffffff80005e90        0x0
 .igot.plt      0xffffffff80005e90        0x0 ../ACPI/acpi.o

.bss            0xffffffff80005ea0     0x12a0
 *(COMMON)
 COMMON         0xffffffff80005ea0       0x10 ../ACPI/acpi.o
                0xffffffff80005ea0                lapicc
                0xffffffff80005ea8                rsdt
 COMMON         0xffffffff80005eb0        0x4 ../kernel/spinlock.o
                0xffffffff80005eb0                spinlock
 *fill*         0xffffffff80005eb4        0x4 
 COMMON         0xffffffff80005eb8       0x11 ../kernel/time.o
                0xffffffff80005eb8                PIT_COUNTER
                0xffffffff80005ec0                EOI
                0xffffffff80005ec8                NMI_LINT
 *fill*         0xffffffff80005ec9        0x7 
 COMMON         0xffffffff80005ed0       0x18 ../kernel/gdt.o
                0xffffffff80005ed0                PML4E
                0xffffffff80005ed8                bitmap
                0xffffffff80005ee0                MAXPG
 *fill*         0xffffffff80005ee8       0x18 
 COMMON         0xffffffff80005f00      0x200 ../kernel/proc.o
                0xffffffff80005f00                curproc
                0xffffffff80005f20                ptable
 *(.bss .bss.*)
 .bss           0xffffffff80006100        0x0 ../ACPI/acpi.o
 .bss           0xffffffff80006100        0x0 ../kernel/spinlock.o
 .bss           0xffffffff80006100        0x0 ../kernel/panic.o
 .bss           0xffffffff80006100        0x0 ../kernel/time.o
 .bss           0xffffffff80006100        0x8 ../kernel/apic.o
 .bss           0xffffffff80006108        0x0 ../kernel/string.o
 .bss           0xffffffff80006108       0x1a ../kernel/gdt.o
 .bss           0xffffffff80006122        0x0 ../kernel/interrupt.o
 .bss           0xffffffff80006122        0x2 ../kernel/kbd.o
 .bss           0xffffffff80006124        0x0 ../kernel/io.o
 .bss           0xffffffff80006124        0x0 ../kernel/pmm.o
 *fill*         0xffffffff80006124        0xc 
 .bss           0xffffffff80006130     0x100a ../kernel/idt.o
 .bss           0xffffffff8000713a        0x0 ../kernel/vmm.o
 *fill*         0xffffffff8000713a        0x2 
 .bss           0xffffffff8000713c        0x4 ../kernel/proc.o
 .bss           0xffffffff80007140        0x0 ../kernel/pic.o
 .bss           0xffffffff80007140        0x0 ../kernel/cpu.o
 .bss           0xffffffff80007140        0x0 ../kernel/kernel.o

/DISCARD/
 *(.note .note.*)
OUTPUT(kernel.elf elf64-x86-64)

.debug_info     0x0000000000000000     0x4bbe
 .debug_info    0x0000000000000000      0x38c ../ACPI/acpi.o
 .debug_info    0x000000000000038c      0x13e ../kernel/spinlock.o
 .debug_info    0x00000000000004ca       0xb5 ../kernel/panic.o
 .debug_info    0x000000000000057f      0x3ea ../kernel/time.o
 .debug_info    0x0000000000000969      0x528 ../kernel/apic.o
 .debug_info    0x0000000000000e91      0x204 ../kernel/string.o
 .debug_info    0x0000000000001095      0x46a ../kernel/gdt.o
 .debug_info    0x00000000000014ff      0x23f ../kernel/interrupt.o
 .debug_info    0x000000000000173e      0x7ea ../kernel/kbd.o
 .debug_info    0x0000000000001f28       0xf5 ../kernel/io.o
 .debug_info    0x000000000000201d      0x507 ../kernel/pmm.o
 .debug_info    0x0000000000002524      0x6b0 ../kernel/idt.o
 .debug_info    0x0000000000002bd4      0x6a6 ../kernel/vmm.o
 .debug_info    0x000000000000327a      0x68c ../kernel/proc.o
 .debug_info    0x0000000000003906      0x26c ../kernel/pic.o
 .debug_info    0x0000000000003b72      0x5db ../kernel/cpu.o
 .debug_info    0x000000000000414d      0x9dc ../kernel/kernel.o
 .debug_info    0x0000000000004b29       0x4c ./switch.o
 .debug_info    0x0000000000004b75       0x49 ./isr.o

.debug_abbrev   0x0000000000000000     0x1a52
 .debug_abbrev  0x0000000000000000      0x156 ../ACPI/acpi.o
 .debug_abbrev  0x0000000000000156       0xbe ../kernel/spinlock.o
 .debug_abbrev  0x0000000000000214       0x76 ../kernel/panic.o
 .debug_abbrev  0x000000000000028a      0x1b5 ../kernel/time.o
 .debug_abbrev  0x000000000000043f      0x1b7 ../kernel/apic.o
 .debug_abbrev  0x00000000000005f6       0xdb ../kernel/string.o
 .debug_abbrev  0x00000000000006d1      0x1f3 ../kernel/gdt.o
 .debug_abbrev  0x00000000000008c4      0x178 ../kernel/interrupt.o
 .debug_abbrev  0x0000000000000a3c      0x20a ../kernel/kbd.o
 .debug_abbrev  0x0000000000000c46       0x8d ../kernel/io.o
 .debug_abbrev  0x0000000000000cd3      0x15e ../kernel/pmm.o
 .debug_abbrev  0x0000000000000e31      0x29d ../kernel/idt.o
 .debug_abbrev  0x00000000000010ce      0x1c3 ../kernel/vmm.o
 .debug_abbrev  0x0000000000001291      0x20f ../kernel/proc.o
 .debug_abbrev  0x00000000000014a0      0x120 ../kernel/pic.o
 .debug_abbrev  0x00000000000015c0      0x1f3 ../kernel/cpu.o
 .debug_abbrev  0x00000000000017b3      0x269 ../kernel/kernel.o
 .debug_abbrev  0x0000000000001a1c       0x1b ./switch.o
 .debug_abbrev  0x0000000000001a37       0x1b ./isr.o

.debug_aranges  0x0000000000000000      0x390
 .debug_aranges
                0x0000000000000000       0x30 ../ACPI/acpi.o
 .debug_aranges
                0x0000000000000030       0x30 ../kernel/spinlock.o
 .debug_aranges
                0x0000000000000060       0x30 ../kernel/panic.o
 .debug_aranges
                0x0000000000000090       0x30 ../kernel/time.o
 .debug_aranges
                0x00000000000000c0       0x30 ../kernel/apic.o
 .debug_aranges
                0x00000000000000f0       0x30 ../kernel/string.o
 .debug_aranges
                0x0000000000000120       0x30 ../kernel/gdt.o
 .debug_aranges
                0x0000000000000150       0x30 ../kernel/interrupt.o
 .debug_aranges
                0x0000000000000180       0x30 ../kernel/kbd.o
 .debug_aranges
                0x00000000000001b0       0x30 ../kernel/io.o
 .debug_aranges
                0x00000000000001e0       0x30 ../kernel/pmm.o
 .debug_aranges
                0x0000000000000210       0x30 ../kernel/idt.o
 .debug_aranges
                0x0000000000000240       0x30 ../kernel/vmm.o
 .debug_aranges
                0x0000000000000270       0x30 ../kernel/proc.o
 .debug_aranges
                0x00000000000002a0       0x30 ../kernel/pic.o
 .debug_aranges
                0x00000000000002d0       0x30 ../kernel/cpu.o
 .debug_aranges
                0x0000000000000300       0x30 ../kernel/kernel.o
 .debug_aranges
                0x0000000000000330       0x30 ./switch.o
 .debug_aranges
                0x0000000000000360       0x30 ./isr.o

.debug_line     0x0000000000000000     0x1c19
 .debug_line    0x0000000000000000      0x156 ../ACPI/acpi.o
 .debug_line    0x0000000000000156       0xd9 ../kernel/spinlock.o
 .debug_line    0x000000000000022f       0x64 ../kernel/panic.o
 .debug_line    0x0000000000000293      0x178 ../kernel/time.o
 .debug_line    0x000000000000040b      0x177 ../kernel/apic.o
 .debug_line    0x0000000000000582      0x135 ../kernel/string.o
 .debug_line    0x00000000000006b7      0x1d6 ../kernel/gdt.o
 .debug_line    0x000000000000088d      0x139 ../kernel/interrupt.o
 .debug_line    0x00000000000009c6      0x243 ../kernel/kbd.o
 .debug_line    0x0000000000000c09       0x59 ../kernel/io.o
 .debug_line    0x0000000000000c62      0x336 ../kernel/pmm.o
 .debug_line    0x0000000000000f98      0x1e5 ../kernel/idt.o
 .debug_line    0x000000000000117d      0x3a5 ../kernel/vmm.o
 .debug_line    0x0000000000001522      0x1de ../kernel/proc.o
 .debug_line    0x0000000000001700      0x11f ../kernel/pic.o
 .debug_line    0x000000000000181f      0x172 ../kernel/cpu.o
 .debug_line    0x0000000000001991      0x1d7 ../kernel/kernel.o
 .debug_line    0x0000000000001b68       0x40 ./switch.o
 .debug_line    0x0000000000001ba8       0x71 ./isr.o

.debug_str      0x0000000000000000      0xc47
 .debug_str     0x0000000000000000      0x25e ../ACPI/acpi.o
                                        0x2aa (size before relaxing)
 .debug_str     0x000000000000025e       0x42 ../kernel/spinlock.o
                                        0x1cf (size before relaxing)
 .debug_str     0x00000000000002a0        0xe ../kernel/panic.o
                                        0x19c (size before relaxing)
 .debug_str     0x00000000000002ae       0x6f ../kernel/time.o
                                        0x29f (size before relaxing)
 .debug_str     0x000000000000031d       0xb4 ../kernel/apic.o
                                        0x309 (size before relaxing)
 .debug_str     0x00000000000003d1       0x33 ../kernel/string.o
                                        0x1c0 (size before relaxing)
 .debug_str     0x0000000000000404       0xfe ../kernel/gdt.o
                                        0x2d9 (size before relaxing)
 .debug_str     0x0000000000000502       0x36 ../kernel/interrupt.o
                                        0x206 (size before relaxing)
 .debug_str     0x0000000000000538      0x22e ../kernel/kbd.o
                                        0x490 (size before relaxing)
 .debug_str     0x0000000000000766       0x23 ../kernel/io.o
                                        0x1a3 (size before relaxing)
 .debug_str     0x0000000000000789       0xd5 ../kernel/pmm.o
                                        0x2d2 (size before relaxing)
 .debug_str     0x000000000000085e       0x76 ../kernel/idt.o
                                        0x331 (size before relaxing)
 .debug_str     0x00000000000008d4       0x88 ../kernel/vmm.o
                                        0x28d (size before relaxing)
 .debug_str     0x000000000000095c       0x77 ../kernel/proc.o
                                        0x342 (size before relaxing)
 .debug_str     0x00000000000009d3       0x37 ../kernel/pic.o
                                        0x203 (size before relaxing)
 .debug_str     0x0000000000000a0a       0xad ../kernel/cpu.o
                                        0x372 (size before relaxing)
 .debug_str     0x0000000000000ab7      0x190 ../kernel/kernel.o
                                        0x555 (size before relaxing)

.comment        0x0000000000000000       0x2b
 .comment       0x0000000000000000       0x2b ../ACPI/acpi.o
                                         0x2c (size before relaxing)
 .comment       0x000000000000002b       0x2c ../kernel/spinlock.o
 .comment       0x000000000000002b       0x2c ../kernel/panic.o
 .comment       0x000000000000002b       0x2c ../kernel/time.o
 .comment       0x000000000000002b       0x2c ../kernel/apic.o
 .comment       0x000000000000002b       0x2c ../kernel/string.o
 .comment       0x000000000000002b       0x2c ../kernel/gdt.o
 .comment       0x000000000000002b       0x2c ../kernel/interrupt.o
 .comment       0x000000000000002b       0x2c ../kernel/kbd.o
 .comment       0x000000000000002b       0x2c ../kernel/io.o
 .comment       0x000000000000002b       0x2c ../kernel/pmm.o
 .comment       0x000000000000002b       0x2c ../kernel/idt.o
 .comment       0x000000000000002b       0x2c ../kernel/vmm.o
 .comment       0x000000000000002b       0x2c ../kernel/proc.o
 .comment       0x000000000000002b       0x2c ../kernel/pic.o
 .comment       0x000000000000002b       0x2c ../kernel/cpu.o
 .comment       0x000000000000002b       0x2c ../kernel/kernel.o

.debug_pubnames
                0x0000000000000000       0x24
 .debug_pubnames
                0x0000000000000000       0x12 ./switch.o
 .debug_pubnames
                0x0000000000000012       0x12 ./isr.o

.debug_frame    0x0000000000000000        0xc
 .debug_frame   0x0000000000000000        0x4 ./switch.o
 *fill*         0x0000000000000004        0x4 
 .debug_frame   0x0000000000000008        0x4 ./isr.o

.debug_loc      0x0000000000000000       0x20
 .debug_loc     0x0000000000000000       0x10 ./switch.o
 .debug_loc     0x0000000000000010       0x10 ./isr.o
