
Merging program properties

Removed property 0xc0000002 to merge ../kernel/acpi.o (0x3) and ./switch.o (not found)

Allocating common symbols
Common symbol       size              file

x                   0x4               ../kernel/spinlock.o
PML4E               0x8               ../kernel/gdt.o
vfslist             0x38              ../kernel/cpu.o
rootfs              0x8               ../fs/vfs.o
bitmap              0x8               ../kernel/gdt.o
head                0x8               ../kernel/cpu.o
PIT_COUNTER         0x4               ../kernel/time.o
lapicc              0x8               ../kernel/acpi.o
MAXPG               0x8               ../kernel/gdt.o
rsdt                0x8               ../kernel/acpi.o
rootvn              0x8               ../kernel/cpu.o
spinlock            0x4               ../kernel/spinlock.o
mountedlist         0x8               ../kernel/cpu.o
kernel_vm_map       0x8               ../kernel/vmm.o
EOI                 0x8               ../kernel/time.o
NMI_LINT            0x1               ../kernel/time.o

Discarded input sections

 .note.GNU-stack
                0x0000000000000000        0x0 ../kernel/acpi.o
 .note.gnu.property
                0x0000000000000000       0x20 ../kernel/acpi.o
 .note.GNU-stack
                0x0000000000000000        0x0 ../kernel/spinlock.o
 .note.gnu.property
                0x0000000000000000       0x20 ../kernel/spinlock.o
 .note.GNU-stack
                0x0000000000000000        0x0 ../kernel/panic.o
 .note.gnu.property
                0x0000000000000000       0x20 ../kernel/panic.o
 .note.GNU-stack
                0x0000000000000000        0x0 ../kernel/time.o
 .note.gnu.property
                0x0000000000000000       0x20 ../kernel/time.o
 .note.GNU-stack
                0x0000000000000000        0x0 ../kernel/apic.o
 .note.gnu.property
                0x0000000000000000       0x20 ../kernel/apic.o
 .note.GNU-stack
                0x0000000000000000        0x0 ../kernel/string.o
 .note.gnu.property
                0x0000000000000000       0x20 ../kernel/string.o
 .note.GNU-stack
                0x0000000000000000        0x0 ../kernel/gdt.o
 .note.gnu.property
                0x0000000000000000       0x20 ../kernel/gdt.o
 .note.GNU-stack
                0x0000000000000000        0x0 ../kernel/interrupt.o
 .note.gnu.property
                0x0000000000000000       0x20 ../kernel/interrupt.o
 .note.GNU-stack
                0x0000000000000000        0x0 ../kernel/kbd.o
 .note.gnu.property
                0x0000000000000000       0x20 ../kernel/kbd.o
 .note.GNU-stack
                0x0000000000000000        0x0 ../kernel/io.o
 .note.gnu.property
                0x0000000000000000       0x20 ../kernel/io.o
 .note.GNU-stack
                0x0000000000000000        0x0 ../kernel/pmm.o
 .note.gnu.property
                0x0000000000000000       0x20 ../kernel/pmm.o
 .note.GNU-stack
                0x0000000000000000        0x0 ../kernel/idt.o
 .note.gnu.property
                0x0000000000000000       0x20 ../kernel/idt.o
 .note.GNU-stack
                0x0000000000000000        0x0 ../kernel/vmm.o
 .note.gnu.property
                0x0000000000000000       0x20 ../kernel/vmm.o
 .note.GNU-stack
                0x0000000000000000        0x0 ../kernel/vm/vm.o
 .note.gnu.property
                0x0000000000000000       0x20 ../kernel/vm/vm.o
 .note.GNU-stack
                0x0000000000000000        0x0 ../kernel/proc.o
 .note.gnu.property
                0x0000000000000000       0x20 ../kernel/proc.o
 .note.GNU-stack
                0x0000000000000000        0x0 ../kernel/pic.o
 .note.gnu.property
                0x0000000000000000       0x20 ../kernel/pic.o
 .note.GNU-stack
                0x0000000000000000        0x0 ../kernel/cpu.o
 .note.gnu.property
                0x0000000000000000       0x20 ../kernel/cpu.o
 .note.GNU-stack
                0x0000000000000000        0x0 ../kernel/kernel.o
 .note.gnu.property
                0x0000000000000000       0x20 ../kernel/kernel.o
 .note.GNU-stack
                0x0000000000000000        0x0 ../kernel/slab.o
 .note.gnu.property
                0x0000000000000000       0x20 ../kernel/slab.o
 .note.GNU-stack
                0x0000000000000000        0x0 ../main.o
 .note.gnu.property
                0x0000000000000000       0x20 ../main.o
 .note.GNU-stack
                0x0000000000000000        0x0 ../fs/ramfs/ramfs_subr.o
 .note.gnu.property
                0x0000000000000000       0x20 ../fs/ramfs/ramfs_subr.o
 .note.GNU-stack
                0x0000000000000000        0x0 ../fs/ramfs/ramfs.o
 .note.gnu.property
                0x0000000000000000       0x20 ../fs/ramfs/ramfs.o
 .note.GNU-stack
                0x0000000000000000        0x0 ../fs/ramfs/initramfs.o
 .note.gnu.property
                0x0000000000000000       0x20 ../fs/ramfs/initramfs.o
 .note.GNU-stack
                0x0000000000000000        0x0 ../fs/vfs.o
 .note.gnu.property
                0x0000000000000000       0x20 ../fs/vfs.o

Memory Configuration

Name             Origin             Length             Attributes
*default*        0x0000000000000000 0xffffffffffffffff

Linker script and memory map

LOAD ../kernel/acpi.o
LOAD ../kernel/spinlock.o
LOAD ../kernel/panic.o
LOAD ../kernel/time.o
LOAD ../kernel/apic.o
LOAD ../kernel/string.o
LOAD ../kernel/gdt.o
LOAD ../kernel/interrupt.o
LOAD ../kernel/kbd.o
LOAD ../kernel/io.o
LOAD ../kernel/pmm.o
LOAD ../kernel/idt.o
LOAD ../kernel/vmm.o
LOAD ../kernel/vm/vm.o
LOAD ../kernel/proc.o
LOAD ../kernel/pic.o
LOAD ../kernel/cpu.o
LOAD ../kernel/kernel.o
LOAD ../kernel/slab.o
LOAD ../main.o
LOAD ../fs/ramfs/ramfs_subr.o
LOAD ../fs/ramfs/ramfs.o
LOAD ../fs/ramfs/initramfs.o
LOAD ../fs/vfs.o
LOAD ./switch.o
LOAD ./isr.o
                0xffffffff80000000                . = 0xffffffff80000000
                0xffffffff80000000                text_start_addr = .

.text           0xffffffff80000000     0x7782
 *(.text .text.*)
 .text          0xffffffff80000000      0x113 ../kernel/acpi.o
                0xffffffff80000000                init_acpi
                0xffffffff80000096                get_acpi_sdt
 .text          0xffffffff80000113       0xc0 ../kernel/spinlock.o
                0xffffffff80000113                acquire
                0xffffffff8000014a                release
                0xffffffff8000016d                trylock
                0xffffffff8000018b                init_lock
                0xffffffff800001a8                init_and_acquire
 .text          0xffffffff800001d3       0x21 ../kernel/panic.o
                0xffffffff800001d3                panic
 .text          0xffffffff800001f4      0x1cb ../kernel/time.o
                0xffffffff800002ba                sleep
                0xffffffff800002f8                configure_timer
                0xffffffff8000036b                init_pit
 .text          0xffffffff800003bf      0x221 ../kernel/apic.o
                0xffffffff800003bf                walk_madt
                0xffffffff8000045f                init_apic
                0xffffffff8000058e                apic_timer
 .text          0xffffffff800005e0      0x465 ../kernel/string.o
                0xffffffff800005e0                memcpy
                0xffffffff80000642                memset
                0xffffffff8000068e                strlen
                0xffffffff800006ca                strcmp
                0xffffffff8000074e                strncmp
                0xffffffff800007ad                strchr
                0xffffffff800007f2                strcpy
                0xffffffff8000085b                strdup
                0xffffffff800008d7                strldup
                0xffffffff80000947                memzero
                0xffffffff80000987                itoa
 .text          0xffffffff80000a45      0x33d ../kernel/gdt.o
                0xffffffff80000b0b                load_gdt
                0xffffffff80000b1d                init_gdt
                0xffffffff80000c3e                init_tss
 .text          0xffffffff80000d82      0x166 ../kernel/interrupt.o
                0xffffffff80000e48                init_interrupt
                0xffffffff80000ebf                timerh
 .text          0xffffffff80000ee8      0x474 ../kernel/kbd.o
                0xffffffff80000fae                kbd_press
                0xffffffff80001069                print_char
                0xffffffff800010b8                init_kbd
                0xffffffff8000113e                setconfb
                0xffffffff8000117e                getconfb
                0xffffffff800011b2                getscancode
                0xffffffff80001202                gettype
                0xffffffff80001252                testps2port
                0xffffffff800012bd                testps2control
                0xffffffff8000130c                disdev
                0xffffffff80001335                check_ps2
 .text          0xffffffff8000135c       0x4a ../kernel/io.o
                0xffffffff8000135c                write32
                0xffffffff80001387                read32
 .text          0xffffffff800013a6      0x50b ../kernel/pmm.o
                0xffffffff8000151a                pallocaddr
                0xffffffff8000159b                freepg
                0xffffffff8000160e                palloc
                0xffffffff800016c0                initbmap
 .text          0xffffffff800018b1      0x29f ../kernel/idt.o
                0xffffffff80001977                load_idt
                0xffffffff80001989                init_idt
                0xffffffff800019ee                new_irq
                0xffffffff80001a1d                set_idt_entry
                0xffffffff80001aa8                trap
 .text          0xffffffff80001b50      0x7a3 ../kernel/vmm.o
                0xffffffff80001b50                V2P
                0xffffffff80001b73                P2V
                0xffffffff80001b96                getpaddr
                0xffffffff80001bb2                init_vmm
                0xffffffff80001bbd                get_next_level
                0xffffffff80001c89                init_vm
                0xffffffff80001f05                mappages
                0xffffffff80001f8d                mappage2
                0xffffffff80001ff4                destroy_vmap
                0xffffffff8000217c                switchvm
                0xffffffff800021a1                newvm_map
                0xffffffff80002225                va2pte
 .text          0xffffffff800022f3       0x63 ../kernel/vm/vm.o
                0xffffffff800022f3                vm_alloc
 .text          0xffffffff80002356      0xa87 ../kernel/proc.o
                0xffffffff8000241c                init_plock
                0xffffffff80002431                init_proc
                0xffffffff80002479                acq
                0xffffffff80002495                r
                0xffffffff800024b1                set_current_proc
                0xffffffff800024d8                get_current_proc
                0xffffffff800024ec                exec
                0xffffffff8000285b                copyargs
                0xffffffff80002ae0                startproc
                0xffffffff80002b2f                replace_proc
                0xffffffff80002bcb                allocproc
                0xffffffff80002ce6                scheduler
 .text          0xffffffff80002ddd      0x1d9 ../kernel/pic.o
                0xffffffff80002ea3                unmask_irq
                0xffffffff80002eee                pic_remap
 .text          0xffffffff80002fb6      0x18b ../kernel/cpu.o
                0xffffffff8000307c                init_cpu
                0xffffffff800030ad                cpu
 .text          0xffffffff80003141      0x3c7 ../kernel/kernel.o
                0xffffffff80003207                print
                0xffffffff80003279                printl
                0xffffffff800032a8                kmain
                0xffffffff8000348c                thread3
                0xffffffff800034cd                thread2
                0xffffffff800034e2                thread1
 .text          0xffffffff80003508      0x6e3 ../kernel/slab.o
                0xffffffff80003508                kalloc
                0xffffffff800035dd                kfree
                0xffffffff8000395b                roundup
                0xffffffff800039a3                test_slab
 .text          0xffffffff80003beb       0x33 ../main.o
                0xffffffff80003beb                main
 .text          0xffffffff80003c1e      0x13c ../fs/ramfs/ramfs_subr.o
 .text          0xffffffff80003d5a     0x2276 ../fs/ramfs/ramfs.o
                0xffffffff800051dd                ramfs_t
 .text          0xffffffff80005fd0      0x1ce ../fs/ramfs/initramfs.o
                0xffffffff80006036                initramfs
 .text          0xffffffff8000619e     0x13d2 ../fs/vfs.o
                0xffffffff80006214                init_rootfs
                0xffffffff8000627f                init_rootvn
                0xffffffff800062bd                namei
                0xffffffff80006479                lookup
                0xffffffff800067c6                vfs_readdir
                0xffffffff8000684d                vfs_link
                0xffffffff8000695d                vfs_readlink_locked
                0xffffffff800069b4                vfs_readlink
                0xffffffff80006a2d                vfs_symlink
                0xffffffff80006adf                vfs_root
                0xffffffff80006b2f                vfs_mount
                0xffffffff80006d0b                vfs_unmount
                0xffffffff80006e5d                vfs_unlink
                0xffffffff80006f72                vfs_read
                0xffffffff80006ff2                vfs_write
                0xffffffff80007072                vfs_open
                0xffffffff8000719d                vfs_create
                0xffffffff800071d4                vfs_mkdir
                0xffffffff800072c0                vfs_rmdir
                0xffffffff800073f3                vfs_close
                0xffffffff800074ad                printdir
 .text          0xffffffff80007570       0x1b ./switch.o
                0xffffffff80007570                switc
 *fill*         0xffffffff8000758b        0x5 
 .text          0xffffffff80007590      0x1f2 ./isr.o
                0xffffffff80007590                isr_timer
                0xffffffff80007594                isr_kbd
                0xffffffff80007598                isr_apic_timer
                0xffffffff8000759c                spurious
                0xffffffff800075c4                ret
                0xffffffff80007682                isr_table
                0xffffffff80007782                text_end_addr = .

.iplt           0xffffffff80007782        0x0
 .iplt          0xffffffff80007782        0x0 ../kernel/acpi.o
                0xffffffff80008782                . = (. + CONSTANT (MAXPAGESIZE))
                0xffffffff80008782                rodata_start_addr = .

.rodata         0xffffffff800087a0      0x535
 *(.rodata .rodata.*)
 .rodata        0xffffffff800087a0       0x13 ../kernel/apic.o
 .rodata        0xffffffff800087b3       0x29 ../kernel/kbd.o
 *fill*         0xffffffff800087dc        0x4 
 .rodata        0xffffffff800087e0       0x25 ../kernel/pmm.o
 .rodata        0xffffffff80008805        0xd ../kernel/idt.o
 .rodata        0xffffffff80008812        0x6 ../kernel/proc.o
 .rodata        0xffffffff80008818       0x22 ../kernel/kernel.o
 .rodata        0xffffffff8000883a       0x25 ../kernel/slab.o
 *fill*         0xffffffff8000885f        0x1 
 .rodata        0xffffffff80008860       0x22 ../fs/ramfs/ramfs_subr.o
 *fill*         0xffffffff80008882       0x1e 
 .rodata        0xffffffff800088a0      0x3ff ../fs/ramfs/ramfs.o
                0xffffffff800089e0                ram_ops
 .rodata        0xffffffff80008c9f       0x2f ../fs/ramfs/initramfs.o
 .rodata        0xffffffff80008cce        0x7 ../fs/vfs.o
                0xffffffff80008cd5                rodata_end_addr = .

.eh_frame       0xffffffff80008cd8     0x1b78
 .eh_frame      0xffffffff80008cd8       0x58 ../kernel/acpi.o
 .eh_frame      0xffffffff80008d30       0xa0 ../kernel/spinlock.o
                                         0xb8 (size before relaxing)
 .eh_frame      0xffffffff80008dd0       0x20 ../kernel/panic.o
                                         0x38 (size before relaxing)
 .eh_frame      0xffffffff80008df0      0x120 ../kernel/time.o
                                        0x138 (size before relaxing)
 .eh_frame      0xffffffff80008f10       0x80 ../kernel/apic.o
                                         0x98 (size before relaxing)
 .eh_frame      0xffffffff80008f90      0x160 ../kernel/string.o
                                        0x178 (size before relaxing)
 .eh_frame      0xffffffff800090f0      0x148 ../kernel/gdt.o
                                        0x160 (size before relaxing)
 .eh_frame      0xffffffff80009238      0x100 ../kernel/interrupt.o
                                        0x118 (size before relaxing)
 .eh_frame      0xffffffff80009338      0x220 ../kernel/kbd.o
                                        0x238 (size before relaxing)
 .eh_frame      0xffffffff80009558       0x40 ../kernel/io.o
                                         0x58 (size before relaxing)
 .eh_frame      0xffffffff80009598      0x120 ../kernel/pmm.o
                                        0x138 (size before relaxing)
 .eh_frame      0xffffffff800096b8      0x160 ../kernel/idt.o
                                        0x178 (size before relaxing)
 .eh_frame      0xffffffff80009818      0x180 ../kernel/vmm.o
                                        0x198 (size before relaxing)
 .eh_frame      0xffffffff80009998       0x20 ../kernel/vm/vm.o
                                         0x38 (size before relaxing)
 .eh_frame      0xffffffff800099b8      0x270 ../kernel/proc.o
                                        0x288 (size before relaxing)
 .eh_frame      0xffffffff80009c28      0x100 ../kernel/pic.o
                                        0x118 (size before relaxing)
 .eh_frame      0xffffffff80009d28      0x100 ../kernel/cpu.o
                                        0x118 (size before relaxing)
 .eh_frame      0xffffffff80009e28      0x178 ../kernel/kernel.o
                                        0x190 (size before relaxing)
 .eh_frame      0xffffffff80009fa0      0x128 ../kernel/slab.o
                                        0x140 (size before relaxing)
 .eh_frame      0xffffffff8000a0c8       0x20 ../main.o
                                         0x38 (size before relaxing)
 .eh_frame      0xffffffff8000a0e8       0x40 ../fs/ramfs/ramfs_subr.o
                                         0x58 (size before relaxing)
 .eh_frame      0xffffffff8000a128      0x3e8 ../fs/ramfs/ramfs.o
                                        0x400 (size before relaxing)
 .eh_frame      0xffffffff8000a510       0x40 ../fs/ramfs/initramfs.o
                                         0x58 (size before relaxing)
 .eh_frame      0xffffffff8000a550      0x300 ../fs/vfs.o
                                        0x318 (size before relaxing)

.rela.dyn       0xffffffff8000a850        0x0
 .rela.got      0xffffffff8000a850        0x0 ../kernel/acpi.o
 .rela.iplt     0xffffffff8000a850        0x0 ../kernel/acpi.o
 .rela.text     0xffffffff8000a850        0x0 ../kernel/acpi.o
                0xffffffff8000b850                . = (. + CONSTANT (MAXPAGESIZE))
                0xffffffff8000b850                data_start_addr = .

.data           0xffffffff8000b860      0x1f0
 *(.data .data.*)
 .data          0xffffffff8000b860       0x30 ../kernel/acpi.o
 .data          0xffffffff8000b890        0x0 ../kernel/spinlock.o
 .data          0xffffffff8000b890        0x0 ../kernel/panic.o
 .data          0xffffffff8000b890        0x0 ../kernel/time.o
 .data          0xffffffff8000b890        0x0 ../kernel/apic.o
 .data          0xffffffff8000b890        0x0 ../kernel/string.o
 .data          0xffffffff8000b890        0x0 ../kernel/gdt.o
 .data          0xffffffff8000b890        0x0 ../kernel/interrupt.o
 *fill*         0xffffffff8000b890       0x10 
 .data          0xffffffff8000b8a0       0x7f ../kernel/kbd.o
 .data          0xffffffff8000b91f        0x0 ../kernel/io.o
 *fill*         0xffffffff8000b91f        0x1 
 .data          0xffffffff8000b920       0x34 ../kernel/pmm.o
                0xffffffff8000b920                memmap_request
                0xffffffff8000b950                g
 .data          0xffffffff8000b954        0x0 ../kernel/idt.o
 *fill*         0xffffffff8000b954        0xc 
 .data          0xffffffff8000b960       0x30 ../kernel/vmm.o
 .data          0xffffffff8000b990        0x0 ../kernel/vm/vm.o
 .data          0xffffffff8000b990        0x1 ../kernel/proc.o
 .data          0xffffffff8000b991        0x0 ../kernel/pic.o
 *fill*         0xffffffff8000b991        0xf 
 .data          0xffffffff8000b9a0       0x38 ../kernel/cpu.o
 *fill*         0xffffffff8000b9d8        0x8 
 .data          0xffffffff8000b9e0       0x3c ../kernel/kernel.o
 .data          0xffffffff8000ba1c        0x0 ../kernel/slab.o
 .data          0xffffffff8000ba1c        0x0 ../main.o
 .data          0xffffffff8000ba1c        0x0 ../fs/ramfs/ramfs_subr.o
 .data          0xffffffff8000ba1c        0x0 ../fs/ramfs/ramfs.o
 *fill*         0xffffffff8000ba1c        0x4 
 .data          0xffffffff8000ba20       0x30 ../fs/ramfs/initramfs.o
 .data          0xffffffff8000ba50        0x0 ../fs/vfs.o

.got            0xffffffff8000ba50        0x0
 .got           0xffffffff8000ba50        0x0 ../kernel/acpi.o

.got.plt        0xffffffff8000ba50        0x0
 .got.plt       0xffffffff8000ba50        0x0 ../kernel/acpi.o

.igot.plt       0xffffffff8000ba50        0x0
 .igot.plt      0xffffffff8000ba50        0x0 ../kernel/acpi.o

.bss            0xffffffff8000ba60     0x3134
 *(COMMON)
 COMMON         0xffffffff8000ba60       0x10 ../kernel/acpi.o
                0xffffffff8000ba60                lapicc
                0xffffffff8000ba68                rsdt
 COMMON         0xffffffff8000ba70        0x8 ../kernel/spinlock.o
                0xffffffff8000ba70                x
                0xffffffff8000ba74                spinlock
 COMMON         0xffffffff8000ba78       0x11 ../kernel/time.o
                0xffffffff8000ba78                PIT_COUNTER
                0xffffffff8000ba80                EOI
                0xffffffff8000ba88                NMI_LINT
 *fill*         0xffffffff8000ba89        0x7 
 COMMON         0xffffffff8000ba90       0x18 ../kernel/gdt.o
                0xffffffff8000ba90                PML4E
                0xffffffff8000ba98                bitmap
                0xffffffff8000baa0                MAXPG
 COMMON         0xffffffff8000baa8        0x8 ../kernel/vmm.o
                0xffffffff8000baa8                kernel_vm_map
 *fill*         0xffffffff8000bab0       0x10 
 COMMON         0xffffffff8000bac0       0x50 ../kernel/cpu.o
                0xffffffff8000bac0                vfslist
                0xffffffff8000baf8                head
                0xffffffff8000bb00                rootvn
                0xffffffff8000bb08                mountedlist
 COMMON         0xffffffff8000bb10        0x8 ../fs/vfs.o
                0xffffffff8000bb10                rootfs
 *(.bss .bss.*)
 .bss           0xffffffff8000bb18        0x0 ../kernel/acpi.o
 .bss           0xffffffff8000bb18        0x0 ../kernel/spinlock.o
 .bss           0xffffffff8000bb18        0x0 ../kernel/panic.o
 .bss           0xffffffff8000bb18        0x0 ../kernel/time.o
 .bss           0xffffffff8000bb18        0x8 ../kernel/apic.o
 .bss           0xffffffff8000bb20        0x0 ../kernel/string.o
 .bss           0xffffffff8000bb20       0x1a ../kernel/gdt.o
 .bss           0xffffffff8000bb3a        0x0 ../kernel/interrupt.o
 .bss           0xffffffff8000bb3a        0x2 ../kernel/kbd.o
 .bss           0xffffffff8000bb3c        0x0 ../kernel/io.o
 .bss           0xffffffff8000bb3c        0x0 ../kernel/pmm.o
 *fill*         0xffffffff8000bb3c        0x4 
 .bss           0xffffffff8000bb40     0x100a ../kernel/idt.o
 .bss           0xffffffff8000cb4a        0x0 ../kernel/vmm.o
 .bss           0xffffffff8000cb4a        0x0 ../kernel/vm/vm.o
 *fill*         0xffffffff8000cb4a       0x16 
 .bss           0xffffffff8000cb60     0x200c ../kernel/proc.o
 .bss           0xffffffff8000eb6c        0x0 ../kernel/pic.o
 .bss           0xffffffff8000eb6c        0x0 ../kernel/cpu.o
 .bss           0xffffffff8000eb6c        0x8 ../kernel/kernel.o
 *fill*         0xffffffff8000eb74        0xc 
 .bss           0xffffffff8000eb80       0x14 ../kernel/slab.o
 .bss           0xffffffff8000eb94        0x0 ../main.o
 .bss           0xffffffff8000eb94        0x0 ../fs/ramfs/ramfs_subr.o
 .bss           0xffffffff8000eb94        0x0 ../fs/ramfs/ramfs.o
 .bss           0xffffffff8000eb94        0x0 ../fs/ramfs/initramfs.o
 .bss           0xffffffff8000eb94        0x0 ../fs/vfs.o
                0xffffffff8000eb94                data_end_addr = .

/DISCARD/
 *(.note .note.*)
OUTPUT(kernel.elf elf64-x86-64)

.debug_info     0x0000000000000000     0xa54b
 .debug_info    0x0000000000000000      0x38c ../kernel/acpi.o
 .debug_info    0x000000000000038c      0x20b ../kernel/spinlock.o
 .debug_info    0x0000000000000597       0xd5 ../kernel/panic.o
 .debug_info    0x000000000000066c      0x40d ../kernel/time.o
 .debug_info    0x0000000000000a79      0x5d3 ../kernel/apic.o
 .debug_info    0x000000000000104c      0x4b6 ../kernel/string.o
 .debug_info    0x0000000000001502      0x47a ../kernel/gdt.o
 .debug_info    0x000000000000197c      0x25b ../kernel/interrupt.o
 .debug_info    0x0000000000001bd7      0x7fa ../kernel/kbd.o
 .debug_info    0x00000000000023d1      0x109 ../kernel/io.o
 .debug_info    0x00000000000024da      0x535 ../kernel/pmm.o
 .debug_info    0x0000000000002a0f      0x6b1 ../kernel/idt.o
 .debug_info    0x00000000000030c0      0x896 ../kernel/vmm.o
 .debug_info    0x0000000000003956      0x19d ../kernel/vm/vm.o
 .debug_info    0x0000000000003af3      0xe86 ../kernel/proc.o
 .debug_info    0x0000000000004979      0x27c ../kernel/pic.o
 .debug_info    0x0000000000004bf5      0x9bf ../kernel/cpu.o
 .debug_info    0x00000000000055b4      0xe60 ../kernel/kernel.o
 .debug_info    0x0000000000006414      0x6b8 ../kernel/slab.o
 .debug_info    0x0000000000006acc       0xa3 ../main.o
 .debug_info    0x0000000000006b6f      0x5b9 ../fs/ramfs/ramfs_subr.o
 .debug_info    0x0000000000007128     0x1b4b ../fs/ramfs/ramfs.o
 .debug_info    0x0000000000008c73      0x85e ../fs/ramfs/initramfs.o
 .debug_info    0x00000000000094d1      0xfe5 ../fs/vfs.o
 .debug_info    0x000000000000a4b6       0x4c ./switch.o
 .debug_info    0x000000000000a502       0x49 ./isr.o

.debug_abbrev   0x0000000000000000     0x2c67
 .debug_abbrev  0x0000000000000000      0x156 ../kernel/acpi.o
 .debug_abbrev  0x0000000000000156      0x114 ../kernel/spinlock.o
 .debug_abbrev  0x000000000000026a       0x95 ../kernel/panic.o
 .debug_abbrev  0x00000000000002ff      0x1d1 ../kernel/time.o
 .debug_abbrev  0x00000000000004d0      0x1df ../kernel/apic.o
 .debug_abbrev  0x00000000000006af      0x10e ../kernel/string.o
 .debug_abbrev  0x00000000000007bd      0x222 ../kernel/gdt.o
 .debug_abbrev  0x00000000000009df      0x19e ../kernel/interrupt.o
 .debug_abbrev  0x0000000000000b7d      0x239 ../kernel/kbd.o
 .debug_abbrev  0x0000000000000db6       0xa0 ../kernel/io.o
 .debug_abbrev  0x0000000000000e56      0x1cc ../kernel/pmm.o
 .debug_abbrev  0x0000000000001022      0x284 ../kernel/idt.o
 .debug_abbrev  0x00000000000012a6      0x22c ../kernel/vmm.o
 .debug_abbrev  0x00000000000014d2       0xcb ../kernel/vm/vm.o
 .debug_abbrev  0x000000000000159d      0x378 ../kernel/proc.o
 .debug_abbrev  0x0000000000001915      0x146 ../kernel/pic.o
 .debug_abbrev  0x0000000000001a5b      0x266 ../kernel/cpu.o
 .debug_abbrev  0x0000000000001cc1      0x2d5 ../kernel/kernel.o
 .debug_abbrev  0x0000000000001f96      0x26d ../kernel/slab.o
 .debug_abbrev  0x0000000000002203       0x73 ../main.o
 .debug_abbrev  0x0000000000002276      0x1c7 ../fs/ramfs/ramfs_subr.o
 .debug_abbrev  0x000000000000243d      0x336 ../fs/ramfs/ramfs.o
 .debug_abbrev  0x0000000000002773      0x208 ../fs/ramfs/initramfs.o
 .debug_abbrev  0x000000000000297b      0x2b6 ../fs/vfs.o
 .debug_abbrev  0x0000000000002c31       0x1b ./switch.o
 .debug_abbrev  0x0000000000002c4c       0x1b ./isr.o

.debug_aranges  0x0000000000000000      0x4e0
 .debug_aranges
                0x0000000000000000       0x30 ../kernel/acpi.o
 .debug_aranges
                0x0000000000000030       0x30 ../kernel/spinlock.o
 .debug_aranges
                0x0000000000000060       0x30 ../kernel/panic.o
 .debug_aranges
                0x0000000000000090       0x30 ../kernel/time.o
 .debug_aranges
                0x00000000000000c0       0x30 ../kernel/apic.o
 .debug_aranges
                0x00000000000000f0       0x30 ../kernel/string.o
 .debug_aranges
                0x0000000000000120       0x30 ../kernel/gdt.o
 .debug_aranges
                0x0000000000000150       0x30 ../kernel/interrupt.o
 .debug_aranges
                0x0000000000000180       0x30 ../kernel/kbd.o
 .debug_aranges
                0x00000000000001b0       0x30 ../kernel/io.o
 .debug_aranges
                0x00000000000001e0       0x30 ../kernel/pmm.o
 .debug_aranges
                0x0000000000000210       0x30 ../kernel/idt.o
 .debug_aranges
                0x0000000000000240       0x30 ../kernel/vmm.o
 .debug_aranges
                0x0000000000000270       0x30 ../kernel/vm/vm.o
 .debug_aranges
                0x00000000000002a0       0x30 ../kernel/proc.o
 .debug_aranges
                0x00000000000002d0       0x30 ../kernel/pic.o
 .debug_aranges
                0x0000000000000300       0x30 ../kernel/cpu.o
 .debug_aranges
                0x0000000000000330       0x30 ../kernel/kernel.o
 .debug_aranges
                0x0000000000000360       0x30 ../kernel/slab.o
 .debug_aranges
                0x0000000000000390       0x30 ../main.o
 .debug_aranges
                0x00000000000003c0       0x30 ../fs/ramfs/ramfs_subr.o
 .debug_aranges
                0x00000000000003f0       0x30 ../fs/ramfs/ramfs.o
 .debug_aranges
                0x0000000000000420       0x30 ../fs/ramfs/initramfs.o
 .debug_aranges
                0x0000000000000450       0x30 ../fs/vfs.o
 .debug_aranges
                0x0000000000000480       0x30 ./switch.o
 .debug_aranges
                0x00000000000004b0       0x30 ./isr.o

.debug_line     0x0000000000000000     0x3ce1
 .debug_line    0x0000000000000000      0x158 ../kernel/acpi.o
 .debug_line    0x0000000000000158       0xec ../kernel/spinlock.o
 .debug_line    0x0000000000000244       0xb8 ../kernel/panic.o
 .debug_line    0x00000000000002fc      0x179 ../kernel/time.o
 .debug_line    0x0000000000000475      0x185 ../kernel/apic.o
 .debug_line    0x00000000000005fa      0x2d4 ../kernel/string.o
 .debug_line    0x00000000000008ce      0x1d5 ../kernel/gdt.o
 .debug_line    0x0000000000000aa3      0x13c ../kernel/interrupt.o
 .debug_line    0x0000000000000bdf      0x214 ../kernel/kbd.o
 .debug_line    0x0000000000000df3       0x69 ../kernel/io.o
 .debug_line    0x0000000000000e5c      0x318 ../kernel/pmm.o
 .debug_line    0x0000000000001174      0x1d9 ../kernel/idt.o
 .debug_line    0x000000000000134d      0x42a ../kernel/vmm.o
 .debug_line    0x0000000000001777      0x105 ../kernel/vm/vm.o
 .debug_line    0x000000000000187c      0x516 ../kernel/proc.o
 .debug_line    0x0000000000001d92      0x114 ../kernel/pic.o
 .debug_line    0x0000000000001ea6      0x1b2 ../kernel/cpu.o
 .debug_line    0x0000000000002058      0x29e ../kernel/kernel.o
 .debug_line    0x00000000000022f6      0x314 ../kernel/slab.o
 .debug_line    0x000000000000260a       0x55 ../main.o
 .debug_line    0x000000000000265f      0x146 ../fs/ramfs/ramfs_subr.o
 .debug_line    0x00000000000027a5      0xab0 ../fs/ramfs/ramfs.o
 .debug_line    0x0000000000003255      0x195 ../fs/ramfs/initramfs.o
 .debug_line    0x00000000000033ea      0x844 ../fs/vfs.o
 .debug_line    0x0000000000003c2e       0x42 ./switch.o
 .debug_line    0x0000000000003c70       0x71 ./isr.o

.debug_str      0x0000000000000000     0x15c9
 .debug_str     0x0000000000000000      0x24e ../kernel/acpi.o
                                        0x2b5 (size before relaxing)
 .debug_str     0x000000000000024e       0xb7 ../kernel/spinlock.o
                                        0x25a (size before relaxing)
 .debug_str     0x0000000000000305       0x18 ../kernel/panic.o
                                        0x1b8 (size before relaxing)
 .debug_str     0x000000000000031d       0x77 ../kernel/time.o
                                        0x2ab (size before relaxing)
 .debug_str     0x0000000000000394       0xb2 ../kernel/apic.o
                                        0x318 (size before relaxing)
 .debug_str     0x0000000000000446       0x72 ../kernel/string.o
                                        0x21d (size before relaxing)
 .debug_str     0x00000000000004b8       0xea ../kernel/gdt.o
                                        0x2e3 (size before relaxing)
 .debug_str     0x00000000000005a2       0x36 ../kernel/interrupt.o
                                        0x20d (size before relaxing)
 .debug_str     0x00000000000005d8      0x22e ../kernel/kbd.o
                                        0x48f (size before relaxing)
 .debug_str     0x0000000000000806       0x1e ../kernel/io.o
                                        0x1ac (size before relaxing)
 .debug_str     0x0000000000000824       0xef ../kernel/pmm.o
                                        0x339 (size before relaxing)
 .debug_str     0x0000000000000913       0x76 ../kernel/idt.o
                                        0x32e (size before relaxing)
 .debug_str     0x0000000000000989      0x198 ../kernel/vmm.o
                                        0x47f (size before relaxing)
 .debug_str     0x0000000000000b21       0x1b ../kernel/vm/vm.o
                                        0x234 (size before relaxing)
 .debug_str     0x0000000000000b3c      0x210 ../kernel/proc.o
                                        0x5fe (size before relaxing)
 .debug_str     0x0000000000000d4c       0x30 ../kernel/pic.o
                                        0x202 (size before relaxing)
 .debug_str     0x0000000000000d7c      0x126 ../kernel/cpu.o
                                        0x51f (size before relaxing)
 .debug_str     0x0000000000000ea2      0x1dd ../kernel/kernel.o
                                        0x6fc (size before relaxing)
 .debug_str     0x000000000000107f       0x9c ../kernel/slab.o
                                        0x30e (size before relaxing)
 .debug_str     0x000000000000111b        0xa ../main.o
                                        0x148 (size before relaxing)
 .debug_str     0x0000000000001125       0x6f ../fs/ramfs/ramfs_subr.o
                                        0x386 (size before relaxing)
 .debug_str     0x0000000000001194      0x275 ../fs/ramfs/ramfs.o
                                        0x640 (size before relaxing)
 .debug_str     0x0000000000001409      0x11e ../fs/ramfs/initramfs.o
                                        0x49f (size before relaxing)
 .debug_str     0x0000000000001527       0xa2 ../fs/vfs.o
                                        0x4bf (size before relaxing)

.comment        0x0000000000000000       0x2b
 .comment       0x0000000000000000       0x2b ../kernel/acpi.o
                                         0x2c (size before relaxing)
 .comment       0x000000000000002b       0x2c ../kernel/spinlock.o
 .comment       0x000000000000002b       0x2c ../kernel/panic.o
 .comment       0x000000000000002b       0x2c ../kernel/time.o
 .comment       0x000000000000002b       0x2c ../kernel/apic.o
 .comment       0x000000000000002b       0x2c ../kernel/string.o
 .comment       0x000000000000002b       0x2c ../kernel/gdt.o
 .comment       0x000000000000002b       0x2c ../kernel/interrupt.o
 .comment       0x000000000000002b       0x2c ../kernel/kbd.o
 .comment       0x000000000000002b       0x2c ../kernel/io.o
 .comment       0x000000000000002b       0x2c ../kernel/pmm.o
 .comment       0x000000000000002b       0x2c ../kernel/idt.o
 .comment       0x000000000000002b       0x2c ../kernel/vmm.o
 .comment       0x000000000000002b       0x2c ../kernel/vm/vm.o
 .comment       0x000000000000002b       0x2c ../kernel/proc.o
 .comment       0x000000000000002b       0x2c ../kernel/pic.o
 .comment       0x000000000000002b       0x2c ../kernel/cpu.o
 .comment       0x000000000000002b       0x2c ../kernel/kernel.o
 .comment       0x000000000000002b       0x2c ../kernel/slab.o
 .comment       0x000000000000002b       0x2c ../main.o
 .comment       0x000000000000002b       0x2c ../fs/ramfs/ramfs_subr.o
 .comment       0x000000000000002b       0x2c ../fs/ramfs/ramfs.o
 .comment       0x000000000000002b       0x2c ../fs/ramfs/initramfs.o
 .comment       0x000000000000002b       0x2c ../fs/vfs.o

.debug_ranges   0x0000000000000000       0x30
 .debug_ranges  0x0000000000000000       0x30 ../fs/vfs.o

.debug_pubnames
                0x0000000000000000       0x24
 .debug_pubnames
                0x0000000000000000       0x12 ./switch.o
 .debug_pubnames
                0x0000000000000012       0x12 ./isr.o

.debug_frame    0x0000000000000000        0xc
 .debug_frame   0x0000000000000000        0x4 ./switch.o
 *fill*         0x0000000000000004        0x4 
 .debug_frame   0x0000000000000008        0x4 ./isr.o

.debug_loc      0x0000000000000000       0x20
 .debug_loc     0x0000000000000000       0x10 ./switch.o
 .debug_loc     0x0000000000000010       0x10 ./isr.o
