
Merging program properties

Removed property 0xc0000002 to merge ../ACPI/acpi.o (0x3) and ./switch.o (not found)

Allocating common symbols
Common symbol       size              file

x                   0x4               ../kernel/spinlock.o
PML4E               0x8               ../kernel/gdt.o
vfslist             0x38              ../kernel/cpu.o
rootfs              0x8               ../fs/vfs.o
bitmap              0x8               ../kernel/gdt.o
head                0x8               ../kernel/cpu.o
PIT_COUNTER         0x4               ../kernel/time.o
lapicc              0x8               ../ACPI/acpi.o
MAXPG               0x8               ../kernel/gdt.o
rsdt                0x8               ../ACPI/acpi.o
spinlock            0x4               ../kernel/spinlock.o
mountedlist         0x8               ../kernel/cpu.o
EOI                 0x8               ../kernel/time.o
NMI_LINT            0x1               ../kernel/time.o

Discarded input sections

 .note.GNU-stack
                0x0000000000000000        0x0 ../ACPI/acpi.o
 .note.gnu.property
                0x0000000000000000       0x20 ../ACPI/acpi.o
 .note.GNU-stack
                0x0000000000000000        0x0 ../kernel/spinlock.o
 .note.gnu.property
                0x0000000000000000       0x20 ../kernel/spinlock.o
 .note.GNU-stack
                0x0000000000000000        0x0 ../kernel/panic.o
 .note.gnu.property
                0x0000000000000000       0x20 ../kernel/panic.o
 .note.GNU-stack
                0x0000000000000000        0x0 ../kernel/time.o
 .note.gnu.property
                0x0000000000000000       0x20 ../kernel/time.o
 .note.GNU-stack
                0x0000000000000000        0x0 ../kernel/apic.o
 .note.gnu.property
                0x0000000000000000       0x20 ../kernel/apic.o
 .note.GNU-stack
                0x0000000000000000        0x0 ../kernel/string.o
 .note.gnu.property
                0x0000000000000000       0x20 ../kernel/string.o
 .note.GNU-stack
                0x0000000000000000        0x0 ../kernel/gdt.o
 .note.gnu.property
                0x0000000000000000       0x20 ../kernel/gdt.o
 .note.GNU-stack
                0x0000000000000000        0x0 ../kernel/l.o
 .note.gnu.property
                0x0000000000000000       0x20 ../kernel/l.o
 .note.GNU-stack
                0x0000000000000000        0x0 ../kernel/interrupt.o
 .note.gnu.property
                0x0000000000000000       0x20 ../kernel/interrupt.o
 .note.GNU-stack
                0x0000000000000000        0x0 ../kernel/kbd.o
 .note.gnu.property
                0x0000000000000000       0x20 ../kernel/kbd.o
 .note.GNU-stack
                0x0000000000000000        0x0 ../kernel/io.o
 .note.gnu.property
                0x0000000000000000       0x20 ../kernel/io.o
 .note.GNU-stack
                0x0000000000000000        0x0 ../kernel/pmm.o
 .note.gnu.property
                0x0000000000000000       0x20 ../kernel/pmm.o
 .note.GNU-stack
                0x0000000000000000        0x0 ../kernel/idt.o
 .note.gnu.property
                0x0000000000000000       0x20 ../kernel/idt.o
 .note.GNU-stack
                0x0000000000000000        0x0 ../kernel/vmm.o
 .note.gnu.property
                0x0000000000000000       0x20 ../kernel/vmm.o
 .note.GNU-stack
                0x0000000000000000        0x0 ../kernel/proc.o
 .note.gnu.property
                0x0000000000000000       0x20 ../kernel/proc.o
 .note.GNU-stack
                0x0000000000000000        0x0 ../kernel/pic.o
 .note.gnu.property
                0x0000000000000000       0x20 ../kernel/pic.o
 .note.GNU-stack
                0x0000000000000000        0x0 ../kernel/cpu.o
 .note.gnu.property
                0x0000000000000000       0x20 ../kernel/cpu.o
 .note.GNU-stack
                0x0000000000000000        0x0 ../kernel/tmpfs.o
 .note.gnu.property
                0x0000000000000000       0x20 ../kernel/tmpfs.o
 .note.GNU-stack
                0x0000000000000000        0x0 ../kernel/kernel.o
 .note.gnu.property
                0x0000000000000000       0x20 ../kernel/kernel.o
 .note.GNU-stack
                0x0000000000000000        0x0 ../kernel/slab.o
 .note.gnu.property
                0x0000000000000000       0x20 ../kernel/slab.o
 .note.GNU-stack
                0x0000000000000000        0x0 ../fs/vfs.o
 .note.gnu.property
                0x0000000000000000       0x20 ../fs/vfs.o
 .note.GNU-stack
                0x0000000000000000        0x0 ../fs/ramfs.o
 .note.gnu.property
                0x0000000000000000       0x20 ../fs/ramfs.o

Memory Configuration

Name             Origin             Length             Attributes
*default*        0x0000000000000000 0xffffffffffffffff

Linker script and memory map

LOAD ../ACPI/acpi.o
LOAD ../kernel/spinlock.o
LOAD ../kernel/panic.o
LOAD ../kernel/time.o
LOAD ../kernel/apic.o
LOAD ../kernel/string.o
LOAD ../kernel/gdt.o
LOAD ../kernel/l.o
LOAD ../kernel/interrupt.o
LOAD ../kernel/kbd.o
LOAD ../kernel/io.o
LOAD ../kernel/pmm.o
LOAD ../kernel/idt.o
LOAD ../kernel/vmm.o
LOAD ../kernel/proc.o
LOAD ../kernel/pic.o
LOAD ../kernel/cpu.o
LOAD ../kernel/tmpfs.o
LOAD ../kernel/kernel.o
LOAD ../kernel/slab.o
LOAD ../fs/vfs.o
LOAD ../fs/ramfs.o
LOAD ./switch.o
LOAD ./isr.o
                0xffffffff80000000                . = 0xffffffff80000000

.text           0xffffffff80000000     0x5472
 *(.text .text.*)
 .text          0xffffffff80000000      0x113 ../ACPI/acpi.o
                0xffffffff80000000                init_acpi
                0xffffffff80000096                get_acpi_sdt
 .text          0xffffffff80000113       0xc0 ../kernel/spinlock.o
                0xffffffff80000113                acquire
                0xffffffff8000014a                release
                0xffffffff8000016d                trylock
                0xffffffff8000018b                init_lock
                0xffffffff800001a8                init_and_acquire
 .text          0xffffffff800001d3       0x21 ../kernel/panic.o
                0xffffffff800001d3                panic
 .text          0xffffffff800001f4      0x1cb ../kernel/time.o
                0xffffffff800002ba                sleep
                0xffffffff800002f8                configure_timer
                0xffffffff8000036b                init_pit
 .text          0xffffffff800003bf      0x221 ../kernel/apic.o
                0xffffffff800003bf                walk_madt
                0xffffffff8000045f                init_apic
                0xffffffff8000058e                apic_timer
 .text          0xffffffff800005e0      0x3a9 ../kernel/string.o
                0xffffffff800005e0                memcpy
                0xffffffff80000642                strlen
                0xffffffff8000067e                strcmp
                0xffffffff80000702                strncmp
                0xffffffff80000761                strchr
                0xffffffff800007a6                strcpy
                0xffffffff8000080f                strdup
                0xffffffff8000088b                memzero
                0xffffffff800008cb                itoa
 .text          0xffffffff80000989      0x33d ../kernel/gdt.o
                0xffffffff80000a4f                load_gdt
                0xffffffff80000a61                init_gdt
                0xffffffff80000b82                init_tss
 .text          0xffffffff80000cc6        0x0 ../kernel/l.o
 .text          0xffffffff80000cc6      0x166 ../kernel/interrupt.o
                0xffffffff80000d8c                init_interrupt
                0xffffffff80000e03                timerh
 .text          0xffffffff80000e2c      0x474 ../kernel/kbd.o
                0xffffffff80000ef2                kbd_press
                0xffffffff80000fad                print_char
                0xffffffff80000ffc                init_kbd
                0xffffffff80001082                setconfb
                0xffffffff800010c2                getconfb
                0xffffffff800010f6                getscancode
                0xffffffff80001146                gettype
                0xffffffff80001196                testps2port
                0xffffffff80001201                testps2control
                0xffffffff80001250                disdev
                0xffffffff80001279                check_ps2
 .text          0xffffffff800012a0       0x4a ../kernel/io.o
                0xffffffff800012a0                write32
                0xffffffff800012cb                read32
 .text          0xffffffff800012ea      0x519 ../kernel/pmm.o
                0xffffffff800012ea                togglepage
                0xffffffff80001340                isfree
                0xffffffff80001381                palloc
                0xffffffff800014d0                pallocaddr
                0xffffffff80001551                freepg
                0xffffffff800015ab                initbmap
                0xffffffff800016af                setentry
                0xffffffff80001717                getmemsz
                0xffffffff8000178c                getentry
 .text          0xffffffff80001803      0x29f ../kernel/idt.o
                0xffffffff800018c9                load_idt
                0xffffffff800018db                init_idt
                0xffffffff80001940                new_irq
                0xffffffff8000196f                set_idt_entry
                0xffffffff800019fa                trap
 .text          0xffffffff80001aa2      0x7bc ../kernel/vmm.o
                0xffffffff80001aa2                V2P
                0xffffffff80001ac5                P2V
                0xffffffff80001ae8                getpaddr
                0xffffffff80001b04                init_vmm
                0xffffffff80001b41                mappage
                0xffffffff80001c8e                unmappage
                0xffffffff80001cf1                remappage
                0xffffffff80001f4d                newentry
                0xffffffff80001ff0                test
 .text          0xffffffff8000225e      0x3f4 ../kernel/proc.o
                0xffffffff80002324                init_plock
                0xffffffff80002339                init_proc
                0xffffffff80002381                acq
                0xffffffff8000239d                r
                0xffffffff800023b9                set_current_proc
                0xffffffff800023e0                get_current_proc
                0xffffffff800023f4                startproc
                0xffffffff80002443                allocproc
                0xffffffff8000255b                scheduler
 .text          0xffffffff80002652      0x1d9 ../kernel/pic.o
                0xffffffff80002718                unmask_irq
                0xffffffff80002763                pic_remap
 .text          0xffffffff8000282b      0x190 ../kernel/cpu.o
                0xffffffff800028f1                init_cpu
                0xffffffff80002922                cpu
 .text          0xffffffff800029bb        0x0 ../kernel/tmpfs.o
 .text          0xffffffff800029bb      0x273 ../kernel/kernel.o
                0xffffffff80002a81                print
                0xffffffff80002af3                kmain
                0xffffffff80002bef                thread3
                0xffffffff80002c04                thread2
                0xffffffff80002c19                thread1
 .text          0xffffffff80002c2e      0x5bc ../kernel/slab.o
                0xffffffff80002c2e                kalloc
                0xffffffff80002d03                kfree
                0xffffffff80002f8e                roundup
                0xffffffff80002fd6                test_slab
 .text          0xffffffff800031ea      0xc7e ../fs/vfs.o
                0xffffffff800031ea                init_rootfs
                0xffffffff80003255                namei
                0xffffffff800032b2                lookup
                0xffffffff800034e1                vfs_readdir
                0xffffffff80003563                vfs_link
                0xffffffff80003615                vfs_readlink_locked
                0xffffffff8000366c                vfs_readlink
                0xffffffff800036e5                vfs_symlink
                0xffffffff80003777                vfs_lookup
                0xffffffff800037d6                vfs_root
                0xffffffff80003826                vfs_mount
                0xffffffff800039d7                vfs_unmount
                0xffffffff80003a1d                vfs_remove
                0xffffffff80003ab0                vfs_read
                0xffffffff80003b30                vfs_write
                0xffffffff80003bb0                vfs_open
                0xffffffff80003bf7                vfs_create
                0xffffffff80003c80                vfs_mkdir
                0xffffffff80003cb9                vfs_rmdir
                0xffffffff80003d68                vfs_vget
                0xffffffff80003dae                vfs_close
 .text          0xffffffff80003e68     0x13f8 ../fs/ramfs.o
                0xffffffff80003e9f                ramfs_t
 .text          0xffffffff80005260       0x1b ./switch.o
                0xffffffff80005260                switc
 *fill*         0xffffffff8000527b        0x5 
 .text          0xffffffff80005280      0x1f2 ./isr.o
                0xffffffff80005280                isr_timer
                0xffffffff80005284                isr_kbd
                0xffffffff80005288                isr_apic_timer
                0xffffffff8000528c                spurious
                0xffffffff800052b4                ret
                0xffffffff80005372                isr_table

.iplt           0xffffffff80005472        0x0
 .iplt          0xffffffff80005472        0x0 ../ACPI/acpi.o
                0xffffffff80006472                . = (. + CONSTANT (MAXPAGESIZE))

.rodata         0xffffffff80006480      0x390
 *(.rodata .rodata.*)
 .rodata        0xffffffff80006480       0x13 ../kernel/apic.o
 .rodata        0xffffffff80006493       0x29 ../kernel/kbd.o
 *fill*         0xffffffff800064bc        0x4 
 .rodata        0xffffffff800064c0       0x5d ../kernel/pmm.o
 .rodata        0xffffffff8000651d        0xd ../kernel/idt.o
 *fill*         0xffffffff8000652a        0x6 
 .rodata        0xffffffff80006530       0xc1 ../kernel/vmm.o
 *fill*         0xffffffff800065f1        0x7 
 .rodata        0xffffffff800065f8       0x47 ../kernel/kernel.o
 .rodata        0xffffffff8000663f       0x32 ../kernel/slab.o
 .rodata        0xffffffff80006671        0x3 ../fs/vfs.o
 *fill*         0xffffffff80006674        0xc 
 .rodata        0xffffffff80006680      0x190 ../fs/ramfs.o
                0xffffffff800067e0                ram_ops

.eh_frame       0xffffffff80006810     0x18c4
 .eh_frame      0xffffffff80006810       0x58 ../ACPI/acpi.o
 .eh_frame      0xffffffff80006868       0xa0 ../kernel/spinlock.o
                                         0xb8 (size before relaxing)
 .eh_frame      0xffffffff80006908       0x20 ../kernel/panic.o
                                         0x38 (size before relaxing)
 .eh_frame      0xffffffff80006928      0x120 ../kernel/time.o
                                        0x138 (size before relaxing)
 .eh_frame      0xffffffff80006a48       0x80 ../kernel/apic.o
                                         0x98 (size before relaxing)
 .eh_frame      0xffffffff80006ac8      0x120 ../kernel/string.o
                                        0x138 (size before relaxing)
 .eh_frame      0xffffffff80006be8      0x148 ../kernel/gdt.o
                                        0x160 (size before relaxing)
 .eh_frame      0xffffffff80006d30      0x100 ../kernel/interrupt.o
                                        0x118 (size before relaxing)
 .eh_frame      0xffffffff80006e30      0x220 ../kernel/kbd.o
                                        0x238 (size before relaxing)
 .eh_frame      0xffffffff80007050       0x40 ../kernel/io.o
                                         0x58 (size before relaxing)
 .eh_frame      0xffffffff80007090      0x120 ../kernel/pmm.o
                                        0x138 (size before relaxing)
 .eh_frame      0xffffffff800071b0      0x160 ../kernel/idt.o
                                        0x178 (size before relaxing)
 .eh_frame      0xffffffff80007310      0x148 ../kernel/vmm.o
                                        0x160 (size before relaxing)
 .eh_frame      0xffffffff80007458      0x200 ../kernel/proc.o
                                        0x218 (size before relaxing)
 .eh_frame      0xffffffff80007658      0x100 ../kernel/pic.o
                                        0x118 (size before relaxing)
 .eh_frame      0xffffffff80007758      0x100 ../kernel/cpu.o
                                        0x118 (size before relaxing)
 .eh_frame      0xffffffff80007858      0x158 ../kernel/kernel.o
                                        0x170 (size before relaxing)
 .eh_frame      0xffffffff800079b0       0xe0 ../kernel/slab.o
                                         0xf8 (size before relaxing)
 .eh_frame      0xffffffff80007a90      0x2a0 ../fs/vfs.o
                                        0x2b8 (size before relaxing)
 .eh_frame      0xffffffff80007d30      0x3a4 ../fs/ramfs.o
                                        0x3c0 (size before relaxing)

.rela.dyn       0xffffffff800080d8        0x0
 .rela.got      0xffffffff800080d8        0x0 ../ACPI/acpi.o
 .rela.iplt     0xffffffff800080d8        0x0 ../ACPI/acpi.o
 .rela.text     0xffffffff800080d8        0x0 ../ACPI/acpi.o
                0xffffffff800090d8                . = (. + CONSTANT (MAXPAGESIZE))

.data           0xffffffff800090e0      0x188
 *(.data .data.*)
 .data          0xffffffff800090e0       0x30 ../ACPI/acpi.o
 .data          0xffffffff80009110        0x0 ../kernel/spinlock.o
 .data          0xffffffff80009110        0x0 ../kernel/panic.o
 .data          0xffffffff80009110        0x0 ../kernel/time.o
 .data          0xffffffff80009110        0x0 ../kernel/apic.o
 .data          0xffffffff80009110        0x0 ../kernel/string.o
 .data          0xffffffff80009110        0x0 ../kernel/gdt.o
 .data          0xffffffff80009110        0x0 ../kernel/l.o
 .data          0xffffffff80009110        0x0 ../kernel/interrupt.o
 *fill*         0xffffffff80009110       0x10 
 .data          0xffffffff80009120       0x7f ../kernel/kbd.o
 .data          0xffffffff8000919f        0x0 ../kernel/io.o
 .data          0xffffffff8000919f        0x0 ../kernel/pmm.o
 .data          0xffffffff8000919f        0x0 ../kernel/idt.o
 .data          0xffffffff8000919f        0x0 ../kernel/vmm.o
 .data          0xffffffff8000919f        0x1 ../kernel/proc.o
 .data          0xffffffff800091a0        0x0 ../kernel/pic.o
 .data          0xffffffff800091a0       0x38 ../kernel/cpu.o
 .data          0xffffffff800091d8        0x0 ../kernel/tmpfs.o
 *fill*         0xffffffff800091d8        0x8 
 .data          0xffffffff800091e0       0x88 ../kernel/kernel.o
 .data          0xffffffff80009268        0x0 ../kernel/slab.o
 .data          0xffffffff80009268        0x0 ../fs/vfs.o
 .data          0xffffffff80009268        0x0 ../fs/ramfs.o

.got            0xffffffff80009268        0x0
 .got           0xffffffff80009268        0x0 ../ACPI/acpi.o

.got.plt        0xffffffff80009268        0x0
 .got.plt       0xffffffff80009268        0x0 ../ACPI/acpi.o

.igot.plt       0xffffffff80009268        0x0
 .igot.plt      0xffffffff80009268        0x0 ../ACPI/acpi.o

.bss            0xffffffff80009280     0x3134
 *(COMMON)
 COMMON         0xffffffff80009280       0x10 ../ACPI/acpi.o
                0xffffffff80009280                lapicc
                0xffffffff80009288                rsdt
 COMMON         0xffffffff80009290        0x8 ../kernel/spinlock.o
                0xffffffff80009290                x
                0xffffffff80009294                spinlock
 COMMON         0xffffffff80009298       0x11 ../kernel/time.o
                0xffffffff80009298                PIT_COUNTER
                0xffffffff800092a0                EOI
                0xffffffff800092a8                NMI_LINT
 *fill*         0xffffffff800092a9        0x7 
 COMMON         0xffffffff800092b0       0x18 ../kernel/gdt.o
                0xffffffff800092b0                PML4E
                0xffffffff800092b8                bitmap
                0xffffffff800092c0                MAXPG
 *fill*         0xffffffff800092c8       0x18 
 COMMON         0xffffffff800092e0       0x48 ../kernel/cpu.o
                0xffffffff800092e0                vfslist
                0xffffffff80009318                head
                0xffffffff80009320                mountedlist
 COMMON         0xffffffff80009328        0x8 ../fs/vfs.o
                0xffffffff80009328                rootfs
 *(.bss .bss.*)
 .bss           0xffffffff80009330        0x0 ../ACPI/acpi.o
 .bss           0xffffffff80009330        0x0 ../kernel/spinlock.o
 .bss           0xffffffff80009330        0x0 ../kernel/panic.o
 .bss           0xffffffff80009330        0x0 ../kernel/time.o
 .bss           0xffffffff80009330        0x8 ../kernel/apic.o
 .bss           0xffffffff80009338        0x0 ../kernel/string.o
 .bss           0xffffffff80009338       0x1a ../kernel/gdt.o
 .bss           0xffffffff80009352        0x0 ../kernel/l.o
 .bss           0xffffffff80009352        0x0 ../kernel/interrupt.o
 .bss           0xffffffff80009352        0x2 ../kernel/kbd.o
 .bss           0xffffffff80009354        0x0 ../kernel/io.o
 .bss           0xffffffff80009354        0x0 ../kernel/pmm.o
 *fill*         0xffffffff80009354        0xc 
 .bss           0xffffffff80009360     0x100a ../kernel/idt.o
 .bss           0xffffffff8000a36a        0x0 ../kernel/vmm.o
 *fill*         0xffffffff8000a36a       0x16 
 .bss           0xffffffff8000a380     0x200c ../kernel/proc.o
 .bss           0xffffffff8000c38c        0x0 ../kernel/pic.o
 .bss           0xffffffff8000c38c        0x0 ../kernel/cpu.o
 .bss           0xffffffff8000c38c        0x0 ../kernel/tmpfs.o
 .bss           0xffffffff8000c38c        0x8 ../kernel/kernel.o
 *fill*         0xffffffff8000c394        0xc 
 .bss           0xffffffff8000c3a0       0x14 ../kernel/slab.o
 .bss           0xffffffff8000c3b4        0x0 ../fs/vfs.o
 .bss           0xffffffff8000c3b4        0x0 ../fs/ramfs.o

/DISCARD/
 *(.note .note.*)
OUTPUT(kernel.elf elf64-x86-64)

.debug_info     0x0000000000000000     0x7e69
 .debug_info    0x0000000000000000      0x38c ../ACPI/acpi.o
 .debug_info    0x000000000000038c      0x20b ../kernel/spinlock.o
 .debug_info    0x0000000000000597       0xd5 ../kernel/panic.o
 .debug_info    0x000000000000066c      0x40d ../kernel/time.o
 .debug_info    0x0000000000000a79      0x5eb ../kernel/apic.o
 .debug_info    0x0000000000001064      0x3fb ../kernel/string.o
 .debug_info    0x000000000000145f      0x48e ../kernel/gdt.o
 .debug_info    0x00000000000018ed      0x25b ../kernel/interrupt.o
 .debug_info    0x0000000000001b48      0x7fa ../kernel/kbd.o
 .debug_info    0x0000000000002342      0x109 ../kernel/io.o
 .debug_info    0x000000000000244b      0x4fe ../kernel/pmm.o
 .debug_info    0x0000000000002949      0x6b1 ../kernel/idt.o
 .debug_info    0x0000000000002ffa      0x680 ../kernel/vmm.o
 .debug_info    0x000000000000367a      0x887 ../kernel/proc.o
 .debug_info    0x0000000000003f01      0x27c ../kernel/pic.o
 .debug_info    0x000000000000417d      0x8e8 ../kernel/cpu.o
 .debug_info    0x0000000000004a65      0xc3e ../kernel/kernel.o
 .debug_info    0x00000000000056a3      0x5ec ../kernel/slab.o
 .debug_info    0x0000000000005c8f      0xd50 ../fs/vfs.o
 .debug_info    0x00000000000069df     0x13f5 ../fs/ramfs.o
 .debug_info    0x0000000000007dd4       0x4c ./switch.o
 .debug_info    0x0000000000007e20       0x49 ./isr.o

.debug_abbrev   0x0000000000000000     0x24d6
 .debug_abbrev  0x0000000000000000      0x156 ../ACPI/acpi.o
 .debug_abbrev  0x0000000000000156      0x114 ../kernel/spinlock.o
 .debug_abbrev  0x000000000000026a       0x95 ../kernel/panic.o
 .debug_abbrev  0x00000000000002ff      0x1d1 ../kernel/time.o
 .debug_abbrev  0x00000000000004d0      0x1df ../kernel/apic.o
 .debug_abbrev  0x00000000000006af      0x10e ../kernel/string.o
 .debug_abbrev  0x00000000000007bd      0x222 ../kernel/gdt.o
 .debug_abbrev  0x00000000000009df      0x19e ../kernel/interrupt.o
 .debug_abbrev  0x0000000000000b7d      0x239 ../kernel/kbd.o
 .debug_abbrev  0x0000000000000db6       0xa0 ../kernel/io.o
 .debug_abbrev  0x0000000000000e56      0x171 ../kernel/pmm.o
 .debug_abbrev  0x0000000000000fc7      0x284 ../kernel/idt.o
 .debug_abbrev  0x000000000000124b      0x1e1 ../kernel/vmm.o
 .debug_abbrev  0x000000000000142c      0x2a4 ../kernel/proc.o
 .debug_abbrev  0x00000000000016d0      0x146 ../kernel/pic.o
 .debug_abbrev  0x0000000000001816      0x266 ../kernel/cpu.o
 .debug_abbrev  0x0000000000001a7c      0x2b2 ../kernel/kernel.o
 .debug_abbrev  0x0000000000001d2e      0x22e ../kernel/slab.o
 .debug_abbrev  0x0000000000001f5c      0x254 ../fs/vfs.o
 .debug_abbrev  0x00000000000021b0      0x2f0 ../fs/ramfs.o
 .debug_abbrev  0x00000000000024a0       0x1b ./switch.o
 .debug_abbrev  0x00000000000024bb       0x1b ./isr.o

.debug_aranges  0x0000000000000000      0x420
 .debug_aranges
                0x0000000000000000       0x30 ../ACPI/acpi.o
 .debug_aranges
                0x0000000000000030       0x30 ../kernel/spinlock.o
 .debug_aranges
                0x0000000000000060       0x30 ../kernel/panic.o
 .debug_aranges
                0x0000000000000090       0x30 ../kernel/time.o
 .debug_aranges
                0x00000000000000c0       0x30 ../kernel/apic.o
 .debug_aranges
                0x00000000000000f0       0x30 ../kernel/string.o
 .debug_aranges
                0x0000000000000120       0x30 ../kernel/gdt.o
 .debug_aranges
                0x0000000000000150       0x30 ../kernel/interrupt.o
 .debug_aranges
                0x0000000000000180       0x30 ../kernel/kbd.o
 .debug_aranges
                0x00000000000001b0       0x30 ../kernel/io.o
 .debug_aranges
                0x00000000000001e0       0x30 ../kernel/pmm.o
 .debug_aranges
                0x0000000000000210       0x30 ../kernel/idt.o
 .debug_aranges
                0x0000000000000240       0x30 ../kernel/vmm.o
 .debug_aranges
                0x0000000000000270       0x30 ../kernel/proc.o
 .debug_aranges
                0x00000000000002a0       0x30 ../kernel/pic.o
 .debug_aranges
                0x00000000000002d0       0x30 ../kernel/cpu.o
 .debug_aranges
                0x0000000000000300       0x30 ../kernel/kernel.o
 .debug_aranges
                0x0000000000000330       0x30 ../kernel/slab.o
 .debug_aranges
                0x0000000000000360       0x30 ../fs/vfs.o
 .debug_aranges
                0x0000000000000390       0x30 ../fs/ramfs.o
 .debug_aranges
                0x00000000000003c0       0x30 ./switch.o
 .debug_aranges
                0x00000000000003f0       0x30 ./isr.o

.debug_line     0x0000000000000000     0x2e21
 .debug_line    0x0000000000000000      0x156 ../ACPI/acpi.o
 .debug_line    0x0000000000000156       0xee ../kernel/spinlock.o
 .debug_line    0x0000000000000244       0xb8 ../kernel/panic.o
 .debug_line    0x00000000000002fc      0x189 ../kernel/time.o
 .debug_line    0x0000000000000485      0x18d ../kernel/apic.o
 .debug_line    0x0000000000000612      0x270 ../kernel/string.o
 .debug_line    0x0000000000000882      0x1e7 ../kernel/gdt.o
 .debug_line    0x0000000000000a69        0x0 ../kernel/l.o
 .debug_line    0x0000000000000a69      0x14a ../kernel/interrupt.o
 .debug_line    0x0000000000000bb3      0x236 ../kernel/kbd.o
 .debug_line    0x0000000000000de9       0x6b ../kernel/io.o
 .debug_line    0x0000000000000e54      0x345 ../kernel/pmm.o
 .debug_line    0x0000000000001199      0x1ef ../kernel/idt.o
 .debug_line    0x0000000000001388      0x3b7 ../kernel/vmm.o
 .debug_line    0x000000000000173f      0x240 ../kernel/proc.o
 .debug_line    0x000000000000197f      0x122 ../kernel/pic.o
 .debug_line    0x0000000000001aa1      0x1a4 ../kernel/cpu.o
 .debug_line    0x0000000000001c45        0x0 ../kernel/tmpfs.o
 .debug_line    0x0000000000001c45      0x1f1 ../kernel/kernel.o
 .debug_line    0x0000000000001e36      0x2be ../kernel/slab.o
 .debug_line    0x00000000000020f4      0x50c ../fs/vfs.o
 .debug_line    0x0000000000002600      0x76e ../fs/ramfs.o
 .debug_line    0x0000000000002d6e       0x42 ./switch.o
 .debug_line    0x0000000000002db0       0x71 ./isr.o

.debug_str      0x0000000000000000     0x129e
 .debug_str     0x0000000000000000      0x243 ../ACPI/acpi.o
                                        0x2aa (size before relaxing)
 .debug_str     0x0000000000000243      0x1c5 ../kernel/spinlock.o
                                        0x25a (size before relaxing)
 .debug_str     0x0000000000000408       0x18 ../kernel/panic.o
                                        0x1b8 (size before relaxing)
 .debug_str     0x0000000000000420       0x77 ../kernel/time.o
                                        0x2ab (size before relaxing)
 .debug_str     0x0000000000000497       0xb9 ../kernel/apic.o
                                        0x31f (size before relaxing)
 .debug_str     0x0000000000000550       0x63 ../kernel/string.o
                                        0x20e (size before relaxing)
 .debug_str     0x00000000000005b3       0xfe ../kernel/gdt.o
                                        0x2f7 (size before relaxing)
 .debug_str     0x00000000000006b1        0xe ../kernel/l.o
                                        0x138 (size before relaxing)
 .debug_str     0x00000000000006bf       0x36 ../kernel/interrupt.o
                                        0x20d (size before relaxing)
 .debug_str     0x00000000000006f5      0x22e ../kernel/kbd.o
                                        0x48f (size before relaxing)
 .debug_str     0x0000000000000923       0x23 ../kernel/io.o
                                        0x1ac (size before relaxing)
 .debug_str     0x0000000000000946       0xcb ../kernel/pmm.o
                                        0x2e9 (size before relaxing)
 .debug_str     0x0000000000000a11       0x80 ../kernel/idt.o
                                        0x32e (size before relaxing)
 .debug_str     0x0000000000000a91       0x88 ../kernel/vmm.o
                                        0x2a1 (size before relaxing)
 .debug_str     0x0000000000000b19       0x8a ../kernel/proc.o
                                        0x39b (size before relaxing)
 .debug_str     0x0000000000000ba3       0x37 ../kernel/pic.o
                                        0x202 (size before relaxing)
 .debug_str     0x0000000000000bda      0x12b ../kernel/cpu.o
                                        0x4af (size before relaxing)
 .debug_str     0x0000000000000d05       0x12 ../kernel/tmpfs.o
                                        0x133 (size before relaxing)
 .debug_str     0x0000000000000d17      0x1b8 ../kernel/kernel.o
                                        0x643 (size before relaxing)
 .debug_str     0x0000000000000ecf       0x70 ../kernel/slab.o
                                        0x2a4 (size before relaxing)
 .debug_str     0x0000000000000f3f      0x15b ../fs/vfs.o
                                        0x47d (size before relaxing)
 .debug_str     0x000000000000109a      0x204 ../fs/ramfs.o
                                        0x5e5 (size before relaxing)

.comment        0x0000000000000000       0x2b
 .comment       0x0000000000000000       0x2b ../ACPI/acpi.o
                                         0x2c (size before relaxing)
 .comment       0x000000000000002b       0x2c ../kernel/spinlock.o
 .comment       0x000000000000002b       0x2c ../kernel/panic.o
 .comment       0x000000000000002b       0x2c ../kernel/time.o
 .comment       0x000000000000002b       0x2c ../kernel/apic.o
 .comment       0x000000000000002b       0x2c ../kernel/string.o
 .comment       0x000000000000002b       0x2c ../kernel/gdt.o
 .comment       0x000000000000002b       0x2c ../kernel/l.o
 .comment       0x000000000000002b       0x2c ../kernel/interrupt.o
 .comment       0x000000000000002b       0x2c ../kernel/kbd.o
 .comment       0x000000000000002b       0x2c ../kernel/io.o
 .comment       0x000000000000002b       0x2c ../kernel/pmm.o
 .comment       0x000000000000002b       0x2c ../kernel/idt.o
 .comment       0x000000000000002b       0x2c ../kernel/vmm.o
 .comment       0x000000000000002b       0x2c ../kernel/proc.o
 .comment       0x000000000000002b       0x2c ../kernel/pic.o
 .comment       0x000000000000002b       0x2c ../kernel/cpu.o
 .comment       0x000000000000002b       0x2c ../kernel/tmpfs.o
 .comment       0x000000000000002b       0x2c ../kernel/kernel.o
 .comment       0x000000000000002b       0x2c ../kernel/slab.o
 .comment       0x000000000000002b       0x2c ../fs/vfs.o
 .comment       0x000000000000002b       0x2c ../fs/ramfs.o

.debug_pubnames
                0x0000000000000000       0x24
 .debug_pubnames
                0x0000000000000000       0x12 ./switch.o
 .debug_pubnames
                0x0000000000000012       0x12 ./isr.o

.debug_frame    0x0000000000000000        0xc
 .debug_frame   0x0000000000000000        0x4 ./switch.o
 *fill*         0x0000000000000004        0x4 
 .debug_frame   0x0000000000000008        0x4 ./isr.o

.debug_loc      0x0000000000000000       0x20
 .debug_loc     0x0000000000000000       0x10 ./switch.o
 .debug_loc     0x0000000000000010       0x10 ./isr.o
