
Merging program properties

Removed property 0xc0000002 to merge ../ACPI/acpi.o (0x3) and ./switch.o (not found)

Allocating common symbols
Common symbol       size              file

PML4E               0x8               ../kernel/gdt.o
bitmap              0x8               ../kernel/gdt.o
curproc             0x8               ../kernel/proc.o
PIT_COUNTER         0x4               ../kernel/time.o
lapicc              0x8               ../ACPI/acpi.o
MAXPG               0x8               ../kernel/gdt.o
rsdt                0x8               ../ACPI/acpi.o
spinlock            0x4               ../kernel/spinlock.o
ptable              0x1e0             ../kernel/proc.o
EOI                 0x8               ../kernel/time.o
NMI_LINT            0x1               ../kernel/time.o

Discarded input sections

 .note.GNU-stack
                0x0000000000000000        0x0 ../ACPI/acpi.o
 .note.gnu.property
                0x0000000000000000       0x20 ../ACPI/acpi.o
 .note.GNU-stack
                0x0000000000000000        0x0 ../kernel/spinlock.o
 .note.gnu.property
                0x0000000000000000       0x20 ../kernel/spinlock.o
 .note.GNU-stack
                0x0000000000000000        0x0 ../kernel/panic.o
 .note.gnu.property
                0x0000000000000000       0x20 ../kernel/panic.o
 .note.GNU-stack
                0x0000000000000000        0x0 ../kernel/time.o
 .note.gnu.property
                0x0000000000000000       0x20 ../kernel/time.o
 .note.GNU-stack
                0x0000000000000000        0x0 ../kernel/apic.o
 .note.gnu.property
                0x0000000000000000       0x20 ../kernel/apic.o
 .note.GNU-stack
                0x0000000000000000        0x0 ../kernel/string.o
 .note.gnu.property
                0x0000000000000000       0x20 ../kernel/string.o
 .note.GNU-stack
                0x0000000000000000        0x0 ../kernel/gdt.o
 .note.gnu.property
                0x0000000000000000       0x20 ../kernel/gdt.o
 .note.GNU-stack
                0x0000000000000000        0x0 ../kernel/interrupt.o
 .note.gnu.property
                0x0000000000000000       0x20 ../kernel/interrupt.o
 .note.GNU-stack
                0x0000000000000000        0x0 ../kernel/kbd.o
 .note.gnu.property
                0x0000000000000000       0x20 ../kernel/kbd.o
 .note.GNU-stack
                0x0000000000000000        0x0 ../kernel/io.o
 .note.gnu.property
                0x0000000000000000       0x20 ../kernel/io.o
 .note.GNU-stack
                0x0000000000000000        0x0 ../kernel/pmm.o
 .note.gnu.property
                0x0000000000000000       0x20 ../kernel/pmm.o
 .note.GNU-stack
                0x0000000000000000        0x0 ../kernel/idt.o
 .note.gnu.property
                0x0000000000000000       0x20 ../kernel/idt.o
 .note.GNU-stack
                0x0000000000000000        0x0 ../kernel/vmm.o
 .note.gnu.property
                0x0000000000000000       0x20 ../kernel/vmm.o
 .note.GNU-stack
                0x0000000000000000        0x0 ../kernel/proc.o
 .note.gnu.property
                0x0000000000000000       0x20 ../kernel/proc.o
 .note.GNU-stack
                0x0000000000000000        0x0 ../kernel/pic.o
 .note.gnu.property
                0x0000000000000000       0x20 ../kernel/pic.o
 .note.GNU-stack
                0x0000000000000000        0x0 ../kernel/cpu.o
 .note.gnu.property
                0x0000000000000000       0x20 ../kernel/cpu.o
 .note.GNU-stack
                0x0000000000000000        0x0 ../kernel/kernel.o
 .note.gnu.property
                0x0000000000000000       0x20 ../kernel/kernel.o

Memory Configuration

Name             Origin             Length             Attributes
*default*        0x0000000000000000 0xffffffffffffffff

Linker script and memory map

LOAD ../ACPI/acpi.o
LOAD ../kernel/spinlock.o
LOAD ../kernel/panic.o
LOAD ../kernel/time.o
LOAD ../kernel/apic.o
LOAD ../kernel/string.o
LOAD ../kernel/gdt.o
LOAD ../kernel/interrupt.o
LOAD ../kernel/kbd.o
LOAD ../kernel/io.o
LOAD ../kernel/pmm.o
LOAD ../kernel/idt.o
LOAD ../kernel/vmm.o
LOAD ../kernel/proc.o
LOAD ../kernel/pic.o
LOAD ../kernel/cpu.o
LOAD ../kernel/kernel.o
LOAD ./switch.o
LOAD ./isr.o
                0xffffffff80000000                . = 0xffffffff80000000

.text           0xffffffff80000000     0x2a12
 *(.text .text.*)
 .text          0xffffffff80000000      0x113 ../ACPI/acpi.o
                0xffffffff80000000                init_acpi
                0xffffffff80000096                get_acpi_sdt
 .text          0xffffffff80000113       0x80 ../kernel/spinlock.o
                0xffffffff80000113                acquire
                0xffffffff80000153                release
                0xffffffff80000176                init_lock
 .text          0xffffffff80000193       0x21 ../kernel/panic.o
                0xffffffff80000193                panic
 .text          0xffffffff800001b4      0x1de ../kernel/time.o
                0xffffffff8000028d                sleep
                0xffffffff800002cb                configure_timer
                0xffffffff8000033e                init_pit
 .text          0xffffffff80000392      0x202 ../kernel/apic.o
                0xffffffff80000392                walk_madt
                0xffffffff80000432                init_apic
                0xffffffff80000561                apic_timer
 .text          0xffffffff80000594      0x18b ../kernel/string.o
                0xffffffff80000594                strlen
                0xffffffff800005ce                memcpy
                0xffffffff80000625                memzero
                0xffffffff80000661                itoa
 .text          0xffffffff8000071f      0x350 ../kernel/gdt.o
                0xffffffff800007f8                load_gdt
                0xffffffff8000080a                init_gdt
                0xffffffff8000092b                init_tss
 .text          0xffffffff80000a6f      0x179 ../kernel/interrupt.o
                0xffffffff80000b48                init_interrupt
                0xffffffff80000bbf                timerh
 .text          0xffffffff80000be8      0x48a ../kernel/kbd.o
                0xffffffff80000cc1                kbd_press
                0xffffffff80000d7c                print_char
                0xffffffff80000dcb                init_kbd
                0xffffffff80000e51                setconfb
                0xffffffff80000e94                getconfb
                0xffffffff80000ec8                getscancode
                0xffffffff80000f18                gettype
                0xffffffff80000f68                testps2port
                0xffffffff80000fd3                testps2control
                0xffffffff80001022                disdev
                0xffffffff8000104b                check_ps2
 .text          0xffffffff80001072       0x4a ../kernel/io.o
                0xffffffff80001072                write32
                0xffffffff8000109d                read32
 .text          0xffffffff800010bc      0x522 ../kernel/pmm.o
                0xffffffff800010bc                togglepage
                0xffffffff80001112                isfree
                0xffffffff80001153                palloc
                0xffffffff800012a9                pallocaddr
                0xffffffff80001327                freepg
                0xffffffff80001381                initbmap
                0xffffffff8000148a                setentry
                0xffffffff800014f2                getmemsz
                0xffffffff80001567                getentry
 .text          0xffffffff800015de      0x2c7 ../kernel/idt.o
                0xffffffff800016b7                load_idt
                0xffffffff800016c9                init_idt
                0xffffffff8000172e                new_irq
                0xffffffff8000175d                set_idt_entry
                0xffffffff800017e8                l
                0xffffffff800017f3                trap
 .text          0xffffffff800018a5      0x7c1 ../kernel/vmm.o
                0xffffffff800018a5                V2P
                0xffffffff800018c8                P2V
                0xffffffff800018eb                getpaddr
                0xffffffff80001907                init_vmm
                0xffffffff80001944                mappage
                0xffffffff80001a91                unmappage
                0xffffffff80001afc                remappage
                0xffffffff80001d55                newentry
                0xffffffff80001df8                test
 .text          0xffffffff80002066      0x177 ../kernel/proc.o
                0xffffffff80002066                startproc
                0xffffffff800020cb                allocproc
                0xffffffff8000213f                scheduler
 .text          0xffffffff800021dd      0x1fb ../kernel/pic.o
                0xffffffff800022b6                unmask_irq
                0xffffffff80002304                pic_remap
 .text          0xffffffff800023d8      0x194 ../kernel/cpu.o
                0xffffffff800024b1                init_cpu
                0xffffffff800024e2                cpu
 .text          0xffffffff8000256c      0x297 ../kernel/kernel.o
                0xffffffff80002645                print
                0xffffffff800026b7                kmain
                0xffffffff800027cb                ll
                0xffffffff800027e2                geex
                0xffffffff800027ed                another
                0xffffffff800027f8                testt
 *fill*         0xffffffff80002803        0xd 
 .text          0xffffffff80002810        0x9 ./switch.o
                0xffffffff80002810                switc
 *fill*         0xffffffff80002819        0x7 
 .text          0xffffffff80002820      0x1f2 ./isr.o
                0xffffffff80002820                isr_timer
                0xffffffff80002824                isr_kbd
                0xffffffff80002828                isr_apic_timer
                0xffffffff8000282c                spurious
                0xffffffff80002851                ret
                0xffffffff80002912                isr_table

.iplt           0xffffffff80002a12        0x0
 .iplt          0xffffffff80002a12        0x0 ../ACPI/acpi.o
                0xffffffff80003a12                . = (. + CONSTANT (MAXPAGESIZE))

.rodata         0xffffffff80003a18      0x192
 *(.rodata .rodata.*)
 .rodata        0xffffffff80003a18       0x13 ../kernel/apic.o
 .rodata        0xffffffff80003a2b       0x29 ../kernel/kbd.o
 *fill*         0xffffffff80003a54        0x4 
 .rodata        0xffffffff80003a58       0x5d ../kernel/pmm.o
 .rodata        0xffffffff80003ab5        0xd ../kernel/idt.o
 *fill*         0xffffffff80003ac2        0x6 
 .rodata        0xffffffff80003ac8       0xc1 ../kernel/vmm.o
 .rodata        0xffffffff80003b89        0x5 ../kernel/proc.o
 .rodata        0xffffffff80003b8e       0x1c ../kernel/kernel.o

.eh_frame       0xffffffff80003bb0      0xf5c
 .eh_frame      0xffffffff80003bb0       0x58 ../ACPI/acpi.o
 .eh_frame      0xffffffff80003c08       0x60 ../kernel/spinlock.o
                                         0x78 (size before relaxing)
 .eh_frame      0xffffffff80003c68       0x20 ../kernel/panic.o
                                         0x38 (size before relaxing)
 .eh_frame      0xffffffff80003c88      0x120 ../kernel/time.o
                                        0x138 (size before relaxing)
 .eh_frame      0xffffffff80003da8       0x80 ../kernel/apic.o
                                         0x98 (size before relaxing)
 .eh_frame      0xffffffff80003e28       0x80 ../kernel/string.o
                                         0x98 (size before relaxing)
 .eh_frame      0xffffffff80003ea8      0x148 ../kernel/gdt.o
                                        0x160 (size before relaxing)
 .eh_frame      0xffffffff80003ff0      0x100 ../kernel/interrupt.o
                                        0x118 (size before relaxing)
 .eh_frame      0xffffffff800040f0      0x220 ../kernel/kbd.o
                                        0x238 (size before relaxing)
 .eh_frame      0xffffffff80004310       0x40 ../kernel/io.o
                                         0x58 (size before relaxing)
 .eh_frame      0xffffffff80004350      0x120 ../kernel/pmm.o
                                        0x138 (size before relaxing)
 .eh_frame      0xffffffff80004470      0x180 ../kernel/idt.o
                                        0x198 (size before relaxing)
 .eh_frame      0xffffffff800045f0      0x148 ../kernel/vmm.o
                                        0x160 (size before relaxing)
 .eh_frame      0xffffffff80004738       0x60 ../kernel/proc.o
                                         0x78 (size before relaxing)
 .eh_frame      0xffffffff80004798      0x100 ../kernel/pic.o
                                        0x118 (size before relaxing)
 .eh_frame      0xffffffff80004898      0x100 ../kernel/cpu.o
                                        0x118 (size before relaxing)
 .eh_frame      0xffffffff80004998      0x174 ../kernel/kernel.o
                                        0x190 (size before relaxing)

.rela.dyn       0xffffffff80004b10        0x0
 .rela.got      0xffffffff80004b10        0x0 ../ACPI/acpi.o
 .rela.iplt     0xffffffff80004b10        0x0 ../ACPI/acpi.o
 .rela.text     0xffffffff80004b10        0x0 ../ACPI/acpi.o
                0xffffffff80005b10                . = (. + CONSTANT (MAXPAGESIZE))

.data           0xffffffff80005b20      0x170
 *(.data .data.*)
 .data          0xffffffff80005b20       0x30 ../ACPI/acpi.o
 .data          0xffffffff80005b50        0x0 ../kernel/spinlock.o
 .data          0xffffffff80005b50        0x0 ../kernel/panic.o
 .data          0xffffffff80005b50        0x0 ../kernel/time.o
 .data          0xffffffff80005b50        0x0 ../kernel/apic.o
 .data          0xffffffff80005b50        0x0 ../kernel/string.o
 .data          0xffffffff80005b50        0x0 ../kernel/gdt.o
 .data          0xffffffff80005b50        0x0 ../kernel/interrupt.o
 *fill*         0xffffffff80005b50       0x10 
 .data          0xffffffff80005b60       0x7f ../kernel/kbd.o
 .data          0xffffffff80005bdf        0x0 ../kernel/io.o
 .data          0xffffffff80005bdf        0x0 ../kernel/pmm.o
 .data          0xffffffff80005bdf        0x0 ../kernel/idt.o
 .data          0xffffffff80005bdf        0x0 ../kernel/vmm.o
 .data          0xffffffff80005bdf        0x1 ../kernel/proc.o
 .data          0xffffffff80005be0        0x0 ../kernel/pic.o
 .data          0xffffffff80005be0       0x38 ../kernel/cpu.o
 *fill*         0xffffffff80005c18        0x8 
 .data          0xffffffff80005c20       0x70 ../kernel/kernel.o

.got            0xffffffff80005c90        0x0
 .got           0xffffffff80005c90        0x0 ../ACPI/acpi.o

.got.plt        0xffffffff80005c90        0x0
 .got.plt       0xffffffff80005c90        0x0 ../ACPI/acpi.o

.igot.plt       0xffffffff80005c90        0x0
 .igot.plt      0xffffffff80005c90        0x0 ../ACPI/acpi.o

.bss            0xffffffff80005ca0     0x12a0
 *(COMMON)
 COMMON         0xffffffff80005ca0       0x10 ../ACPI/acpi.o
                0xffffffff80005ca0                lapicc
                0xffffffff80005ca8                rsdt
 COMMON         0xffffffff80005cb0        0x4 ../kernel/spinlock.o
                0xffffffff80005cb0                spinlock
 *fill*         0xffffffff80005cb4        0x4 
 COMMON         0xffffffff80005cb8       0x11 ../kernel/time.o
                0xffffffff80005cb8                PIT_COUNTER
                0xffffffff80005cc0                EOI
                0xffffffff80005cc8                NMI_LINT
 *fill*         0xffffffff80005cc9        0x7 
 COMMON         0xffffffff80005cd0       0x18 ../kernel/gdt.o
                0xffffffff80005cd0                PML4E
                0xffffffff80005cd8                bitmap
                0xffffffff80005ce0                MAXPG
 *fill*         0xffffffff80005ce8       0x18 
 COMMON         0xffffffff80005d00      0x200 ../kernel/proc.o
                0xffffffff80005d00                curproc
                0xffffffff80005d20                ptable
 *(.bss .bss.*)
 .bss           0xffffffff80005f00        0x0 ../ACPI/acpi.o
 .bss           0xffffffff80005f00        0x0 ../kernel/spinlock.o
 .bss           0xffffffff80005f00        0x0 ../kernel/panic.o
 .bss           0xffffffff80005f00        0x0 ../kernel/time.o
 .bss           0xffffffff80005f00        0x8 ../kernel/apic.o
 .bss           0xffffffff80005f08        0x0 ../kernel/string.o
 .bss           0xffffffff80005f08       0x1a ../kernel/gdt.o
 .bss           0xffffffff80005f22        0x0 ../kernel/interrupt.o
 .bss           0xffffffff80005f22        0x2 ../kernel/kbd.o
 .bss           0xffffffff80005f24        0x0 ../kernel/io.o
 .bss           0xffffffff80005f24        0x0 ../kernel/pmm.o
 *fill*         0xffffffff80005f24        0xc 
 .bss           0xffffffff80005f30     0x100a ../kernel/idt.o
 .bss           0xffffffff80006f3a        0x0 ../kernel/vmm.o
 *fill*         0xffffffff80006f3a        0x2 
 .bss           0xffffffff80006f3c        0x4 ../kernel/proc.o
 .bss           0xffffffff80006f40        0x0 ../kernel/pic.o
 .bss           0xffffffff80006f40        0x0 ../kernel/cpu.o
 .bss           0xffffffff80006f40        0x0 ../kernel/kernel.o

/DISCARD/
 *(.note .note.*)
OUTPUT(kernel.elf elf64-x86-64)

.debug_info     0x0000000000000000     0x4a04
 .debug_info    0x0000000000000000      0x38c ../ACPI/acpi.o
 .debug_info    0x000000000000038c      0x13e ../kernel/spinlock.o
 .debug_info    0x00000000000004ca       0xb5 ../kernel/panic.o
 .debug_info    0x000000000000057f      0x3e4 ../kernel/time.o
 .debug_info    0x0000000000000963      0x528 ../kernel/apic.o
 .debug_info    0x0000000000000e8b      0x204 ../kernel/string.o
 .debug_info    0x000000000000108f      0x464 ../kernel/gdt.o
 .debug_info    0x00000000000014f3      0x239 ../kernel/interrupt.o
 .debug_info    0x000000000000172c      0x7e4 ../kernel/kbd.o
 .debug_info    0x0000000000001f10       0xf5 ../kernel/io.o
 .debug_info    0x0000000000002005      0x507 ../kernel/pmm.o
 .debug_info    0x000000000000250c      0x6aa ../kernel/idt.o
 .debug_info    0x0000000000002bb6      0x6a6 ../kernel/vmm.o
 .debug_info    0x000000000000325c      0x4ca ../kernel/proc.o
 .debug_info    0x0000000000003726      0x266 ../kernel/pic.o
 .debug_info    0x000000000000398c      0x5d5 ../kernel/cpu.o
 .debug_info    0x0000000000003f61      0xa0e ../kernel/kernel.o
 .debug_info    0x000000000000496f       0x4c ./switch.o
 .debug_info    0x00000000000049bb       0x49 ./isr.o

.debug_abbrev   0x0000000000000000     0x19d3
 .debug_abbrev  0x0000000000000000      0x156 ../ACPI/acpi.o
 .debug_abbrev  0x0000000000000156       0xbe ../kernel/spinlock.o
 .debug_abbrev  0x0000000000000214       0x76 ../kernel/panic.o
 .debug_abbrev  0x000000000000028a      0x1b5 ../kernel/time.o
 .debug_abbrev  0x000000000000043f      0x1b7 ../kernel/apic.o
 .debug_abbrev  0x00000000000005f6       0xdb ../kernel/string.o
 .debug_abbrev  0x00000000000006d1      0x1f3 ../kernel/gdt.o
 .debug_abbrev  0x00000000000008c4      0x178 ../kernel/interrupt.o
 .debug_abbrev  0x0000000000000a3c      0x20a ../kernel/kbd.o
 .debug_abbrev  0x0000000000000c46       0x8d ../kernel/io.o
 .debug_abbrev  0x0000000000000cd3      0x15e ../kernel/pmm.o
 .debug_abbrev  0x0000000000000e31      0x29d ../kernel/idt.o
 .debug_abbrev  0x00000000000010ce      0x1c3 ../kernel/vmm.o
 .debug_abbrev  0x0000000000001291      0x18b ../kernel/proc.o
 .debug_abbrev  0x000000000000141c      0x120 ../kernel/pic.o
 .debug_abbrev  0x000000000000153c      0x1f3 ../kernel/cpu.o
 .debug_abbrev  0x000000000000172f      0x26e ../kernel/kernel.o
 .debug_abbrev  0x000000000000199d       0x1b ./switch.o
 .debug_abbrev  0x00000000000019b8       0x1b ./isr.o

.debug_aranges  0x0000000000000000      0x390
 .debug_aranges
                0x0000000000000000       0x30 ../ACPI/acpi.o
 .debug_aranges
                0x0000000000000030       0x30 ../kernel/spinlock.o
 .debug_aranges
                0x0000000000000060       0x30 ../kernel/panic.o
 .debug_aranges
                0x0000000000000090       0x30 ../kernel/time.o
 .debug_aranges
                0x00000000000000c0       0x30 ../kernel/apic.o
 .debug_aranges
                0x00000000000000f0       0x30 ../kernel/string.o
 .debug_aranges
                0x0000000000000120       0x30 ../kernel/gdt.o
 .debug_aranges
                0x0000000000000150       0x30 ../kernel/interrupt.o
 .debug_aranges
                0x0000000000000180       0x30 ../kernel/kbd.o
 .debug_aranges
                0x00000000000001b0       0x30 ../kernel/io.o
 .debug_aranges
                0x00000000000001e0       0x30 ../kernel/pmm.o
 .debug_aranges
                0x0000000000000210       0x30 ../kernel/idt.o
 .debug_aranges
                0x0000000000000240       0x30 ../kernel/vmm.o
 .debug_aranges
                0x0000000000000270       0x30 ../kernel/proc.o
 .debug_aranges
                0x00000000000002a0       0x30 ../kernel/pic.o
 .debug_aranges
                0x00000000000002d0       0x30 ../kernel/cpu.o
 .debug_aranges
                0x0000000000000300       0x30 ../kernel/kernel.o
 .debug_aranges
                0x0000000000000330       0x30 ./switch.o
 .debug_aranges
                0x0000000000000360       0x30 ./isr.o

.debug_line     0x0000000000000000     0x1bab
 .debug_line    0x0000000000000000      0x156 ../ACPI/acpi.o
 .debug_line    0x0000000000000156       0xd9 ../kernel/spinlock.o
 .debug_line    0x000000000000022f       0x64 ../kernel/panic.o
 .debug_line    0x0000000000000293      0x17d ../kernel/time.o
 .debug_line    0x0000000000000410      0x177 ../kernel/apic.o
 .debug_line    0x0000000000000587      0x135 ../kernel/string.o
 .debug_line    0x00000000000006bc      0x1db ../kernel/gdt.o
 .debug_line    0x0000000000000897      0x13e ../kernel/interrupt.o
 .debug_line    0x00000000000009d5      0x248 ../kernel/kbd.o
 .debug_line    0x0000000000000c1d       0x59 ../kernel/io.o
 .debug_line    0x0000000000000c76      0x336 ../kernel/pmm.o
 .debug_line    0x0000000000000fac      0x1ea ../kernel/idt.o
 .debug_line    0x0000000000001196      0x3a5 ../kernel/vmm.o
 .debug_line    0x000000000000153b      0x135 ../kernel/proc.o
 .debug_line    0x0000000000001670      0x124 ../kernel/pic.o
 .debug_line    0x0000000000001794      0x177 ../kernel/cpu.o
 .debug_line    0x000000000000190b      0x1ef ../kernel/kernel.o
 .debug_line    0x0000000000001afa       0x40 ./switch.o
 .debug_line    0x0000000000001b3a       0x71 ./isr.o

.debug_str      0x0000000000000000      0xc13
 .debug_str     0x0000000000000000      0x25e ../ACPI/acpi.o
                                        0x2aa (size before relaxing)
 .debug_str     0x000000000000025e       0x42 ../kernel/spinlock.o
                                        0x1cf (size before relaxing)
 .debug_str     0x00000000000002a0        0xe ../kernel/panic.o
                                        0x19c (size before relaxing)
 .debug_str     0x00000000000002ae       0x6f ../kernel/time.o
                                        0x29a (size before relaxing)
 .debug_str     0x000000000000031d       0xb4 ../kernel/apic.o
                                        0x309 (size before relaxing)
 .debug_str     0x00000000000003d1       0x33 ../kernel/string.o
                                        0x1c0 (size before relaxing)
 .debug_str     0x0000000000000404       0xfe ../kernel/gdt.o
                                        0x2d9 (size before relaxing)
 .debug_str     0x0000000000000502       0x36 ../kernel/interrupt.o
                                        0x201 (size before relaxing)
 .debug_str     0x0000000000000538      0x22e ../kernel/kbd.o
                                        0x48b (size before relaxing)
 .debug_str     0x0000000000000766       0x23 ../kernel/io.o
                                        0x1a3 (size before relaxing)
 .debug_str     0x0000000000000789       0xd5 ../kernel/pmm.o
                                        0x2d2 (size before relaxing)
 .debug_str     0x000000000000085e       0x76 ../kernel/idt.o
                                        0x32c (size before relaxing)
 .debug_str     0x00000000000008d4       0x88 ../kernel/vmm.o
                                        0x28d (size before relaxing)
 .debug_str     0x000000000000095c       0x48 ../kernel/proc.o
                                        0x2e3 (size before relaxing)
 .debug_str     0x00000000000009a4       0x37 ../kernel/pic.o
                                        0x1fe (size before relaxing)
 .debug_str     0x00000000000009db       0xad ../kernel/cpu.o
                                        0x36d (size before relaxing)
 .debug_str     0x0000000000000a88      0x18b ../kernel/kernel.o
                                        0x542 (size before relaxing)

.comment        0x0000000000000000       0x2b
 .comment       0x0000000000000000       0x2b ../ACPI/acpi.o
                                         0x2c (size before relaxing)
 .comment       0x000000000000002b       0x2c ../kernel/spinlock.o
 .comment       0x000000000000002b       0x2c ../kernel/panic.o
 .comment       0x000000000000002b       0x2c ../kernel/time.o
 .comment       0x000000000000002b       0x2c ../kernel/apic.o
 .comment       0x000000000000002b       0x2c ../kernel/string.o
 .comment       0x000000000000002b       0x2c ../kernel/gdt.o
 .comment       0x000000000000002b       0x2c ../kernel/interrupt.o
 .comment       0x000000000000002b       0x2c ../kernel/kbd.o
 .comment       0x000000000000002b       0x2c ../kernel/io.o
 .comment       0x000000000000002b       0x2c ../kernel/pmm.o
 .comment       0x000000000000002b       0x2c ../kernel/idt.o
 .comment       0x000000000000002b       0x2c ../kernel/vmm.o
 .comment       0x000000000000002b       0x2c ../kernel/proc.o
 .comment       0x000000000000002b       0x2c ../kernel/pic.o
 .comment       0x000000000000002b       0x2c ../kernel/cpu.o
 .comment       0x000000000000002b       0x2c ../kernel/kernel.o

.debug_pubnames
                0x0000000000000000       0x24
 .debug_pubnames
                0x0000000000000000       0x12 ./switch.o
 .debug_pubnames
                0x0000000000000012       0x12 ./isr.o

.debug_frame    0x0000000000000000        0xc
 .debug_frame   0x0000000000000000        0x4 ./switch.o
 *fill*         0x0000000000000004        0x4 
 .debug_frame   0x0000000000000008        0x4 ./isr.o

.debug_loc      0x0000000000000000       0x20
 .debug_loc     0x0000000000000000       0x10 ./switch.o
 .debug_loc     0x0000000000000010       0x10 ./isr.o
