
Merging program properties

Removed property 0xc0000002 to merge ../ACPI/acpi.o (0x3) and ./switch.o (not found)

Allocating common symbols
Common symbol       size              file

t                   0x2               ../kernel/gdt.o
gdtr                0xa               ../kernel/gdt.o
PML4E               0x8               ../kernel/pmm.o
bitmap              0x8               ../kernel/pmm.o
curproc             0x8               ../kernel/proc.o
c                   0x8               ../kernel/proc.o
PIT_COUNTER         0x4               ../kernel/apic.o
lapicc              0x8               ../ACPI/acpi.o
MAXPG               0x8               ../kernel/pmm.o
rsdt                0x8               ../ACPI/acpi.o
spinlock            0x4               ../kernel/pmm.o
ptable              0x1e0             ../kernel/proc.o
EOI                 0x8               ../kernel/apic.o
NMI_LINT            0x1               ../kernel/apic.o

Discarded input sections

 .note.GNU-stack
                0x0000000000000000        0x0 ../ACPI/acpi.o
 .note.gnu.property
                0x0000000000000000       0x20 ../ACPI/acpi.o
 .note.GNU-stack
                0x0000000000000000        0x0 ../kernel/pmm.o
 .note.gnu.property
                0x0000000000000000       0x20 ../kernel/pmm.o
 .note.GNU-stack
                0x0000000000000000        0x0 ../kernel/apic.o
 .note.gnu.property
                0x0000000000000000       0x20 ../kernel/apic.o
 .note.GNU-stack
                0x0000000000000000        0x0 ../kernel/io.o
 .note.gnu.property
                0x0000000000000000       0x20 ../kernel/io.o
 .note.GNU-stack
                0x0000000000000000        0x0 ../kernel/proc.o
 .note.gnu.property
                0x0000000000000000       0x20 ../kernel/proc.o
 .note.GNU-stack
                0x0000000000000000        0x0 ../kernel/time.o
 .note.gnu.property
                0x0000000000000000       0x20 ../kernel/time.o
 .note.GNU-stack
                0x0000000000000000        0x0 ../kernel/kernel.o
 .note.gnu.property
                0x0000000000000000       0x20 ../kernel/kernel.o
 .note.GNU-stack
                0x0000000000000000        0x0 ../kernel/cpu.o
 .note.gnu.property
                0x0000000000000000       0x20 ../kernel/cpu.o
 .note.GNU-stack
                0x0000000000000000        0x0 ../kernel/spinlock.o
 .note.gnu.property
                0x0000000000000000       0x20 ../kernel/spinlock.o
 .note.GNU-stack
                0x0000000000000000        0x0 ../kernel/gdt.o
 .note.gnu.property
                0x0000000000000000       0x20 ../kernel/gdt.o
 .note.GNU-stack
                0x0000000000000000        0x0 ../kernel/string.o
 .note.gnu.property
                0x0000000000000000       0x20 ../kernel/string.o
 .note.GNU-stack
                0x0000000000000000        0x0 ../kernel/interrupt.o
 .note.gnu.property
                0x0000000000000000       0x20 ../kernel/interrupt.o
 .note.GNU-stack
                0x0000000000000000        0x0 ../kernel/kbd.o
 .note.gnu.property
                0x0000000000000000       0x20 ../kernel/kbd.o
 .note.GNU-stack
                0x0000000000000000        0x0 ../kernel/pic.o
 .note.gnu.property
                0x0000000000000000       0x20 ../kernel/pic.o
 .note.GNU-stack
                0x0000000000000000        0x0 ../kernel/vmm.o
 .note.gnu.property
                0x0000000000000000       0x20 ../kernel/vmm.o
 .note.GNU-stack
                0x0000000000000000        0x0 ../kernel/idt.o
 .note.gnu.property
                0x0000000000000000       0x20 ../kernel/idt.o
 .note.GNU-stack
                0x0000000000000000        0x0 ../kernel/panic.o
 .note.gnu.property
                0x0000000000000000       0x20 ../kernel/panic.o

Memory Configuration

Name             Origin             Length             Attributes
*default*        0x0000000000000000 0xffffffffffffffff

Linker script and memory map

LOAD ../ACPI/acpi.o
LOAD ../kernel/pmm.o
LOAD ../kernel/apic.o
LOAD ../kernel/io.o
LOAD ../kernel/proc.o
LOAD ../kernel/time.o
LOAD ../kernel/kernel.o
LOAD ../kernel/cpu.o
LOAD ../kernel/spinlock.o
LOAD ../kernel/gdt.o
LOAD ../kernel/string.o
LOAD ../kernel/interrupt.o
LOAD ../kernel/kbd.o
LOAD ../kernel/pic.o
LOAD ../kernel/vmm.o
LOAD ../kernel/idt.o
LOAD ../kernel/panic.o
LOAD ./switch.o
LOAD ./isr.o
                0xffffffff80000000                . = 0xffffffff80000000

.text           0xffffffff80000000     0x22d2
 *(.text .text.*)
 .text          0xffffffff80000000      0x113 ../ACPI/acpi.o
                0xffffffff80000000                init_acpi
                0xffffffff80000096                get_acpi_sdt
 .text          0xffffffff80000113      0x522 ../kernel/pmm.o
                0xffffffff80000113                togglepage
                0xffffffff80000169                isfree
                0xffffffff800001aa                palloc
                0xffffffff80000300                pallocaddr
                0xffffffff8000037e                freepg
                0xffffffff800003d8                initbmap
                0xffffffff800004e1                setentry
                0xffffffff80000549                getmemsz
                0xffffffff800005be                getentry
 .text          0xffffffff80000635      0x202 ../kernel/apic.o
                0xffffffff80000635                walk_madt
                0xffffffff800006d5                init_apic
                0xffffffff80000804                apic_timer
 .text          0xffffffff80000837       0x8d ../kernel/io.o
                0xffffffff80000837                out
                0xffffffff80000859                in
                0xffffffff8000087a                write32
                0xffffffff800008a5                read32
 .text          0xffffffff800008c4      0x12a ../kernel/proc.o
                0xffffffff800008c4                allocproc
                0xffffffff80000938                i
                0xffffffff80000945                scheduler
 .text          0xffffffff800009ee      0x105 ../kernel/time.o
                0xffffffff800009ee                sleep
                0xffffffff80000a2c                configure_timer
                0xffffffff80000a9f                init_pit
 .text          0xffffffff80000af3      0x1a5 ../kernel/kernel.o
                0xffffffff80000af3                print
                0xffffffff80000b56                testing
                0xffffffff80000b7f                kmain
                0xffffffff80000c76                geex
                0xffffffff80000c81                another
                0xffffffff80000c8d                testt
 .text          0xffffffff80000c98       0xc0 ../kernel/cpu.o
                0xffffffff80000c98                init_cpu
                0xffffffff80000cc9                cpu
 .text          0xffffffff80000d58       0x80 ../kernel/spinlock.o
                0xffffffff80000d58                acquire
                0xffffffff80000d98                release
                0xffffffff80000dbb                init_lock
 .text          0xffffffff80000dd8      0x295 ../kernel/gdt.o
                0xffffffff80000dd8                load_gdt
                0xffffffff80000dea                init_gdt
                0xffffffff80000f10                ltr
                0xffffffff80000f29                init_tss
 .text          0xffffffff8000106d      0x18b ../kernel/string.o
                0xffffffff8000106d                strlen
                0xffffffff800010a7                memcpy
                0xffffffff800010fe                memzero
                0xffffffff8000113a                itoa
 .text          0xffffffff800011f8       0xa0 ../kernel/interrupt.o
                0xffffffff800011f8                init_interrupt
                0xffffffff8000126f                timerh
 .text          0xffffffff80001298      0x34e ../kernel/kbd.o
                0xffffffff80001298                kbd_press
                0xffffffff80001342                init_kbd
                0xffffffff800013c8                setconfb
                0xffffffff80001408                getconfb
                0xffffffff8000143c                getscancode
                0xffffffff8000148c                gettype
                0xffffffff800014dc                testps2port
                0xffffffff80001547                testps2control
                0xffffffff80001596                disdev
                0xffffffff800015bf                check_ps2
 .text          0xffffffff800015e6      0x113 ../kernel/pic.o
                0xffffffff800015e6                unmask_irq
                0xffffffff80001631                pic_remap
 .text          0xffffffff800016f9      0x7c1 ../kernel/vmm.o
                0xffffffff800016f9                V2P
                0xffffffff8000171c                P2V
                0xffffffff8000173f                getpaddr
                0xffffffff8000175b                init_vmm
                0xffffffff80001798                mappage
                0xffffffff800018e5                unmappage
                0xffffffff80001950                remappage
                0xffffffff80001ba9                newentry
                0xffffffff80001c4c                test
 .text          0xffffffff80001eba      0x1ef ../kernel/idt.o
                0xffffffff80001eba                load_idt
                0xffffffff80001ecd                init_idt
                0xffffffff80001f32                new_irq
                0xffffffff80001f61                set_idt_entry
                0xffffffff80001fec                l
                0xffffffff80001ff7                trap
 .text          0xffffffff800020a9       0x21 ../kernel/panic.o
                0xffffffff800020a9                panic
 *fill*         0xffffffff800020ca        0x6 
 .text          0xffffffff800020d0        0x9 ./switch.o
                0xffffffff800020d0                switc
 *fill*         0xffffffff800020d9        0x7 
 .text          0xffffffff800020e0      0x1f2 ./isr.o
                0xffffffff800020e0                isr_timer
                0xffffffff800020e4                isr_kbd
                0xffffffff800020e8                isr_apic_timer
                0xffffffff800020ec                spurious
                0xffffffff80002111                ret
                0xffffffff800021d2                isr_table

.iplt           0xffffffff800022d2        0x0
 .iplt          0xffffffff800022d2        0x0 ../ACPI/acpi.o
                0xffffffff800032d2                . = (. + CONSTANT (MAXPAGESIZE))

.rodata         0xffffffff800032d8      0x18e
 *(.rodata .rodata.*)
 .rodata        0xffffffff800032d8       0x5d ../kernel/pmm.o
 .rodata        0xffffffff80003335       0x13 ../kernel/apic.o
 .rodata        0xffffffff80003348       0x20 ../kernel/kernel.o
 .rodata        0xffffffff80003368       0x29 ../kernel/kbd.o
 *fill*         0xffffffff80003391        0x7 
 .rodata        0xffffffff80003398       0xc1 ../kernel/vmm.o
 .rodata        0xffffffff80003459        0xd ../kernel/idt.o

.eh_frame       0xffffffff80003468      0x998
 .eh_frame      0xffffffff80003468       0x58 ../ACPI/acpi.o
 .eh_frame      0xffffffff800034c0      0x120 ../kernel/pmm.o
                                        0x138 (size before relaxing)
 .eh_frame      0xffffffff800035e0       0x80 ../kernel/apic.o
                                         0x98 (size before relaxing)
 .eh_frame      0xffffffff80003660       0x80 ../kernel/io.o
                                         0x98 (size before relaxing)
 .eh_frame      0xffffffff800036e0       0x60 ../kernel/proc.o
                                         0x78 (size before relaxing)
 .eh_frame      0xffffffff80003740       0x60 ../kernel/time.o
                                         0x78 (size before relaxing)
 .eh_frame      0xffffffff800037a0       0xb0 ../kernel/kernel.o
                                         0xc8 (size before relaxing)
 .eh_frame      0xffffffff80003850       0x40 ../kernel/cpu.o
                                         0x58 (size before relaxing)
 .eh_frame      0xffffffff80003890       0x60 ../kernel/spinlock.o
                                         0x78 (size before relaxing)
 .eh_frame      0xffffffff800038f0       0xa8 ../kernel/gdt.o
                                         0xc0 (size before relaxing)
 .eh_frame      0xffffffff80003998       0x80 ../kernel/string.o
                                         0x98 (size before relaxing)
 .eh_frame      0xffffffff80003a18       0x40 ../kernel/interrupt.o
                                         0x58 (size before relaxing)
 .eh_frame      0xffffffff80003a58      0x140 ../kernel/kbd.o
                                        0x158 (size before relaxing)
 .eh_frame      0xffffffff80003b98       0x40 ../kernel/pic.o
                                         0x58 (size before relaxing)
 .eh_frame      0xffffffff80003bd8      0x148 ../kernel/vmm.o
                                        0x160 (size before relaxing)
 .eh_frame      0xffffffff80003d20       0xc0 ../kernel/idt.o
                                         0xd8 (size before relaxing)
 .eh_frame      0xffffffff80003de0       0x20 ../kernel/panic.o
                                         0x38 (size before relaxing)

.rela.dyn       0xffffffff80003e00        0x0
 .rela.got      0xffffffff80003e00        0x0 ../ACPI/acpi.o
 .rela.iplt     0xffffffff80003e00        0x0 ../ACPI/acpi.o
 .rela.text     0xffffffff80003e00        0x0 ../ACPI/acpi.o
                0xffffffff80004e00                . = (. + CONSTANT (MAXPAGESIZE))

.data           0xffffffff80004e00      0x17f
 *(.data .data.*)
 .data          0xffffffff80004e00       0x30 ../ACPI/acpi.o
 .data          0xffffffff80004e30        0x0 ../kernel/pmm.o
 .data          0xffffffff80004e30        0x4 ../kernel/apic.o
                0xffffffff80004e30                h
 .data          0xffffffff80004e34        0x0 ../kernel/io.o
 .data          0xffffffff80004e34        0x5 ../kernel/proc.o
                0xffffffff80004e34                x
 .data          0xffffffff80004e39        0x0 ../kernel/time.o
 *fill*         0xffffffff80004e39        0x7 
 .data          0xffffffff80004e40       0x70 ../kernel/kernel.o
 *fill*         0xffffffff80004eb0       0x10 
 .data          0xffffffff80004ec0       0x38 ../kernel/cpu.o
 .data          0xffffffff80004ef8        0x0 ../kernel/spinlock.o
 .data          0xffffffff80004ef8        0x0 ../kernel/gdt.o
 .data          0xffffffff80004ef8        0x0 ../kernel/string.o
 .data          0xffffffff80004ef8        0x0 ../kernel/interrupt.o
 *fill*         0xffffffff80004ef8        0x8 
 .data          0xffffffff80004f00       0x7f ../kernel/kbd.o
 .data          0xffffffff80004f7f        0x0 ../kernel/pic.o
 .data          0xffffffff80004f7f        0x0 ../kernel/vmm.o
 .data          0xffffffff80004f7f        0x0 ../kernel/idt.o
 .data          0xffffffff80004f7f        0x0 ../kernel/panic.o

.got            0xffffffff80004f80        0x0
 .got           0xffffffff80004f80        0x0 ../ACPI/acpi.o

.got.plt        0xffffffff80004f80        0x0
 .got.plt       0xffffffff80004f80        0x0 ../ACPI/acpi.o

.igot.plt       0xffffffff80004f80        0x0
 .igot.plt      0xffffffff80004f80        0x0 ../ACPI/acpi.o

.bss            0xffffffff80004f80     0x12ba
 *(COMMON)
 COMMON         0xffffffff80004f80       0x10 ../ACPI/acpi.o
                0xffffffff80004f80                lapicc
                0xffffffff80004f88                rsdt
 COMMON         0xffffffff80004f90       0x1c ../kernel/pmm.o
                0xffffffff80004f90                PML4E
                0xffffffff80004f98                bitmap
                0xffffffff80004fa0                MAXPG
                0xffffffff80004fa8                spinlock
 *fill*         0xffffffff80004fac        0x4 
 COMMON         0xffffffff80004fb0       0x11 ../kernel/apic.o
                0xffffffff80004fb0                PIT_COUNTER
                0xffffffff80004fb8                EOI
                0xffffffff80004fc0                NMI_LINT
 *fill*         0xffffffff80004fc1       0x1f 
 COMMON         0xffffffff80004fe0      0x200 ../kernel/proc.o
                0xffffffff80004fe0                curproc
                0xffffffff80004fe8                c
                0xffffffff80005000                ptable
 COMMON         0xffffffff800051e0       0x12 ../kernel/gdt.o
                0xffffffff800051e0                t
                0xffffffff800051e8                gdtr
 *(.bss .bss.*)
 .bss           0xffffffff800051f2        0x0 ../ACPI/acpi.o
 .bss           0xffffffff800051f2        0x0 ../kernel/pmm.o
 *fill*         0xffffffff800051f2        0x2 
 .bss           0xffffffff800051f4        0x8 ../kernel/apic.o
 .bss           0xffffffff800051fc        0x0 ../kernel/io.o
 *fill*         0xffffffff800051fc        0x4 
 .bss           0xffffffff80005200       0x18 ../kernel/proc.o
 .bss           0xffffffff80005218        0x0 ../kernel/time.o
 .bss           0xffffffff80005218        0x0 ../kernel/kernel.o
 .bss           0xffffffff80005218        0x0 ../kernel/cpu.o
 .bss           0xffffffff80005218        0x0 ../kernel/spinlock.o
 .bss           0xffffffff80005218        0xc ../kernel/gdt.o
 .bss           0xffffffff80005224        0x0 ../kernel/string.o
 .bss           0xffffffff80005224        0x0 ../kernel/interrupt.o
 .bss           0xffffffff80005224        0x1 ../kernel/kbd.o
 .bss           0xffffffff80005225        0x0 ../kernel/pic.o
 .bss           0xffffffff80005225        0x0 ../kernel/vmm.o
 *fill*         0xffffffff80005225        0xb 
 .bss           0xffffffff80005230     0x100a ../kernel/idt.o
 .bss           0xffffffff8000623a        0x0 ../kernel/panic.o

/DISCARD/
 *(.note .note.*)
OUTPUT(kernel.elf elf64-x86-64)

.debug_info     0x0000000000000000     0x3fb8
 .debug_info    0x0000000000000000      0x38c ../ACPI/acpi.o
 .debug_info    0x000000000000038c      0x507 ../kernel/pmm.o
 .debug_info    0x0000000000000893      0x53c ../kernel/apic.o
 .debug_info    0x0000000000000dcf      0x14f ../kernel/io.o
 .debug_info    0x0000000000000f1e      0x4c7 ../kernel/proc.o
 .debug_info    0x00000000000013e5      0x288 ../kernel/time.o
 .debug_info    0x000000000000166d      0x8ca ../kernel/kernel.o
 .debug_info    0x0000000000001f37      0x4a9 ../kernel/cpu.o
 .debug_info    0x00000000000023e0      0x13e ../kernel/spinlock.o
 .debug_info    0x000000000000251e      0x372 ../kernel/gdt.o
 .debug_info    0x0000000000002890      0x204 ../kernel/string.o
 .debug_info    0x0000000000002a94       0xda ../kernel/interrupt.o
 .debug_info    0x0000000000002b6e      0x5fd ../kernel/kbd.o
 .debug_info    0x000000000000316b       0xf7 ../kernel/pic.o
 .debug_info    0x0000000000003262      0x6a6 ../kernel/vmm.o
 .debug_info    0x0000000000003908      0x566 ../kernel/idt.o
 .debug_info    0x0000000000003e6e       0xb5 ../kernel/panic.o
 .debug_info    0x0000000000003f23       0x4c ./switch.o
 .debug_info    0x0000000000003f6f       0x49 ./isr.o

.debug_abbrev   0x0000000000000000     0x1598
 .debug_abbrev  0x0000000000000000      0x156 ../ACPI/acpi.o
 .debug_abbrev  0x0000000000000156      0x15e ../kernel/pmm.o
 .debug_abbrev  0x00000000000002b4      0x1b7 ../kernel/apic.o
 .debug_abbrev  0x000000000000046b       0xcd ../kernel/io.o
 .debug_abbrev  0x0000000000000538      0x14f ../kernel/proc.o
 .debug_abbrev  0x0000000000000687      0x140 ../kernel/time.o
 .debug_abbrev  0x00000000000007c7      0x1e6 ../kernel/kernel.o
 .debug_abbrev  0x00000000000009ad      0x17c ../kernel/cpu.o
 .debug_abbrev  0x0000000000000b29       0xbe ../kernel/spinlock.o
 .debug_abbrev  0x0000000000000be7      0x1ab ../kernel/gdt.o
 .debug_abbrev  0x0000000000000d92       0xdb ../kernel/string.o
 .debug_abbrev  0x0000000000000e6d       0xad ../kernel/interrupt.o
 .debug_abbrev  0x0000000000000f1a      0x14e ../kernel/kbd.o
 .debug_abbrev  0x0000000000001068       0xb3 ../kernel/pic.o
 .debug_abbrev  0x000000000000111b      0x1c3 ../kernel/vmm.o
 .debug_abbrev  0x00000000000012de      0x20e ../kernel/idt.o
 .debug_abbrev  0x00000000000014ec       0x76 ../kernel/panic.o
 .debug_abbrev  0x0000000000001562       0x1b ./switch.o
 .debug_abbrev  0x000000000000157d       0x1b ./isr.o

.debug_aranges  0x0000000000000000      0x390
 .debug_aranges
                0x0000000000000000       0x30 ../ACPI/acpi.o
 .debug_aranges
                0x0000000000000030       0x30 ../kernel/pmm.o
 .debug_aranges
                0x0000000000000060       0x30 ../kernel/apic.o
 .debug_aranges
                0x0000000000000090       0x30 ../kernel/io.o
 .debug_aranges
                0x00000000000000c0       0x30 ../kernel/proc.o
 .debug_aranges
                0x00000000000000f0       0x30 ../kernel/time.o
 .debug_aranges
                0x0000000000000120       0x30 ../kernel/kernel.o
 .debug_aranges
                0x0000000000000150       0x30 ../kernel/cpu.o
 .debug_aranges
                0x0000000000000180       0x30 ../kernel/spinlock.o
 .debug_aranges
                0x00000000000001b0       0x30 ../kernel/gdt.o
 .debug_aranges
                0x00000000000001e0       0x30 ../kernel/string.o
 .debug_aranges
                0x0000000000000210       0x30 ../kernel/interrupt.o
 .debug_aranges
                0x0000000000000240       0x30 ../kernel/kbd.o
 .debug_aranges
                0x0000000000000270       0x30 ../kernel/pic.o
 .debug_aranges
                0x00000000000002a0       0x30 ../kernel/vmm.o
 .debug_aranges
                0x00000000000002d0       0x30 ../kernel/idt.o
 .debug_aranges
                0x0000000000000300       0x30 ../kernel/panic.o
 .debug_aranges
                0x0000000000000330       0x30 ./switch.o
 .debug_aranges
                0x0000000000000360       0x30 ./isr.o

.debug_line     0x0000000000000000     0x17fd
 .debug_line    0x0000000000000000      0x156 ../ACPI/acpi.o
 .debug_line    0x0000000000000156      0x336 ../kernel/pmm.o
 .debug_line    0x000000000000048c      0x177 ../kernel/apic.o
 .debug_line    0x0000000000000603       0x66 ../kernel/io.o
 .debug_line    0x0000000000000669      0x12b ../kernel/proc.o
 .debug_line    0x0000000000000794      0x10b ../kernel/time.o
 .debug_line    0x000000000000089f      0x17f ../kernel/kernel.o
 .debug_line    0x0000000000000a1e      0x107 ../kernel/cpu.o
 .debug_line    0x0000000000000b25       0xd9 ../kernel/spinlock.o
 .debug_line    0x0000000000000bfe      0x175 ../kernel/gdt.o
 .debug_line    0x0000000000000d73      0x135 ../kernel/string.o
 .debug_line    0x0000000000000ea8       0xce ../kernel/interrupt.o
 .debug_line    0x0000000000000f76      0x1ae ../kernel/kbd.o
 .debug_line    0x0000000000001124       0xa4 ../kernel/pic.o
 .debug_line    0x00000000000011c8      0x3a5 ../kernel/vmm.o
 .debug_line    0x000000000000156d      0x17b ../kernel/idt.o
 .debug_line    0x00000000000016e8       0x64 ../kernel/panic.o
 .debug_line    0x000000000000174c       0x40 ./switch.o
 .debug_line    0x000000000000178c       0x71 ./isr.o

.debug_str      0x0000000000000000      0xbdf
 .debug_str     0x0000000000000000      0x25e ../ACPI/acpi.o
                                        0x2aa (size before relaxing)
 .debug_str     0x000000000000025e      0x114 ../kernel/pmm.o
                                        0x2d2 (size before relaxing)
 .debug_str     0x0000000000000372       0xc7 ../kernel/apic.o
                                        0x309 (size before relaxing)
 .debug_str     0x0000000000000439       0x14 ../kernel/io.o
                                        0x16a (size before relaxing)
 .debug_str     0x000000000000044d       0x3e ../kernel/proc.o
                                        0x2d3 (size before relaxing)
 .debug_str     0x000000000000048b       0x38 ../kernel/time.o
                                        0x269 (size before relaxing)
 .debug_str     0x00000000000004c3      0x1a6 ../kernel/kernel.o
                                        0x521 (size before relaxing)
 .debug_str     0x0000000000000669       0xad ../kernel/cpu.o
                                        0x34e (size before relaxing)
 .debug_str     0x0000000000000716       0x30 ../kernel/spinlock.o
                                        0x1cf (size before relaxing)
 .debug_str     0x0000000000000746       0xe4 ../kernel/gdt.o
                                        0x2b5 (size before relaxing)
 .debug_str     0x000000000000082a       0x33 ../kernel/string.o
                                        0x1c0 (size before relaxing)
 .debug_str     0x000000000000085d       0x2c ../kernel/interrupt.o
                                        0x1cb (size before relaxing)
 .debug_str     0x0000000000000889      0x219 ../kernel/kbd.o
                                        0x43d (size before relaxing)
 .debug_str     0x0000000000000aa2       0x37 ../kernel/pic.o
                                        0x1bf (size before relaxing)
 .debug_str     0x0000000000000ad9       0x88 ../kernel/vmm.o
                                        0x28d (size before relaxing)
 .debug_str     0x0000000000000b61       0x76 ../kernel/idt.o
                                        0x30d (size before relaxing)
 .debug_str     0x0000000000000bd7        0x8 ../kernel/panic.o
                                        0x19c (size before relaxing)

.comment        0x0000000000000000       0x2a
 .comment       0x0000000000000000       0x2a ../ACPI/acpi.o
                                         0x2b (size before relaxing)
 .comment       0x000000000000002a       0x2b ../kernel/pmm.o
 .comment       0x000000000000002a       0x2b ../kernel/apic.o
 .comment       0x000000000000002a       0x2b ../kernel/io.o
 .comment       0x000000000000002a       0x2b ../kernel/proc.o
 .comment       0x000000000000002a       0x2b ../kernel/time.o
 .comment       0x000000000000002a       0x2b ../kernel/kernel.o
 .comment       0x000000000000002a       0x2b ../kernel/cpu.o
 .comment       0x000000000000002a       0x2b ../kernel/spinlock.o
 .comment       0x000000000000002a       0x2b ../kernel/gdt.o
 .comment       0x000000000000002a       0x2b ../kernel/string.o
 .comment       0x000000000000002a       0x2b ../kernel/interrupt.o
 .comment       0x000000000000002a       0x2b ../kernel/kbd.o
 .comment       0x000000000000002a       0x2b ../kernel/pic.o
 .comment       0x000000000000002a       0x2b ../kernel/vmm.o
 .comment       0x000000000000002a       0x2b ../kernel/idt.o
 .comment       0x000000000000002a       0x2b ../kernel/panic.o

.debug_pubnames
                0x0000000000000000       0x24
 .debug_pubnames
                0x0000000000000000       0x12 ./switch.o
 .debug_pubnames
                0x0000000000000012       0x12 ./isr.o

.debug_frame    0x0000000000000000        0xc
 .debug_frame   0x0000000000000000        0x4 ./switch.o
 *fill*         0x0000000000000004        0x4 
 .debug_frame   0x0000000000000008        0x4 ./isr.o

.debug_loc      0x0000000000000000       0x20
 .debug_loc     0x0000000000000000       0x10 ./switch.o
 .debug_loc     0x0000000000000010       0x10 ./isr.o
