
Merging program properties

Removed property 0xc0000002 to merge ../kernel/acpi.o (0x3) and ./switch.o (not found)

Allocating common symbols
Common symbol       size              file

x                   0x4               ../kernel/spinlock.o
PML4E               0x8               ../kernel/gdt.o
vfslist             0x38              ../kernel/cpu.o
rootfs              0x8               ../fs/vfs.o
bitmap              0x8               ../kernel/gdt.o
head                0x8               ../kernel/cpu.o
PIT_COUNTER         0x4               ../kernel/time.o
lapicc              0x8               ../kernel/acpi.o
MAXPG               0x8               ../kernel/gdt.o
rsdt                0x8               ../kernel/acpi.o
rootvn              0x8               ../kernel/cpu.o
spinlock            0x4               ../kernel/spinlock.o
mountedlist         0x8               ../kernel/cpu.o
kernel_vm_map       0x8               ../kernel/vmm.o
EOI                 0x8               ../kernel/time.o
NMI_LINT            0x1               ../kernel/time.o

Discarded input sections

 .note.GNU-stack
                0x0000000000000000        0x0 ../kernel/acpi.o
 .note.gnu.property
                0x0000000000000000       0x20 ../kernel/acpi.o
 .note.GNU-stack
                0x0000000000000000        0x0 ../kernel/spinlock.o
 .note.gnu.property
                0x0000000000000000       0x20 ../kernel/spinlock.o
 .note.GNU-stack
                0x0000000000000000        0x0 ../kernel/panic.o
 .note.gnu.property
                0x0000000000000000       0x20 ../kernel/panic.o
 .note.GNU-stack
                0x0000000000000000        0x0 ../kernel/time.o
 .note.gnu.property
                0x0000000000000000       0x20 ../kernel/time.o
 .note.GNU-stack
                0x0000000000000000        0x0 ../kernel/apic.o
 .note.gnu.property
                0x0000000000000000       0x20 ../kernel/apic.o
 .note.GNU-stack
                0x0000000000000000        0x0 ../kernel/string.o
 .note.gnu.property
                0x0000000000000000       0x20 ../kernel/string.o
 .note.GNU-stack
                0x0000000000000000        0x0 ../kernel/gdt.o
 .note.gnu.property
                0x0000000000000000       0x20 ../kernel/gdt.o
 .note.GNU-stack
                0x0000000000000000        0x0 ../kernel/interrupt.o
 .note.gnu.property
                0x0000000000000000       0x20 ../kernel/interrupt.o
 .note.GNU-stack
                0x0000000000000000        0x0 ../kernel/kbd.o
 .note.gnu.property
                0x0000000000000000       0x20 ../kernel/kbd.o
 .note.GNU-stack
                0x0000000000000000        0x0 ../kernel/io.o
 .note.gnu.property
                0x0000000000000000       0x20 ../kernel/io.o
 .note.GNU-stack
                0x0000000000000000        0x0 ../kernel/pmm.o
 .note.gnu.property
                0x0000000000000000       0x20 ../kernel/pmm.o
 .note.GNU-stack
                0x0000000000000000        0x0 ../kernel/idt.o
 .note.gnu.property
                0x0000000000000000       0x20 ../kernel/idt.o
 .note.GNU-stack
                0x0000000000000000        0x0 ../kernel/vmm.o
 .note.gnu.property
                0x0000000000000000       0x20 ../kernel/vmm.o
 .note.GNU-stack
                0x0000000000000000        0x0 ../kernel/vm/vm.o
 .note.gnu.property
                0x0000000000000000       0x20 ../kernel/vm/vm.o
 .note.GNU-stack
                0x0000000000000000        0x0 ../kernel/proc.o
 .note.gnu.property
                0x0000000000000000       0x20 ../kernel/proc.o
 .note.GNU-stack
                0x0000000000000000        0x0 ../kernel/pic.o
 .note.gnu.property
                0x0000000000000000       0x20 ../kernel/pic.o
 .note.GNU-stack
                0x0000000000000000        0x0 ../kernel/cpu.o
 .note.gnu.property
                0x0000000000000000       0x20 ../kernel/cpu.o
 .note.GNU-stack
                0x0000000000000000        0x0 ../kernel/kernel.o
 .note.gnu.property
                0x0000000000000000       0x20 ../kernel/kernel.o
 .note.GNU-stack
                0x0000000000000000        0x0 ../kernel/slab.o
 .note.gnu.property
                0x0000000000000000       0x20 ../kernel/slab.o
 .note.GNU-stack
                0x0000000000000000        0x0 ../main.o
 .note.gnu.property
                0x0000000000000000       0x20 ../main.o
 .note.GNU-stack
                0x0000000000000000        0x0 ../fs/ramfs/ramfs_subr.o
 .note.gnu.property
                0x0000000000000000       0x20 ../fs/ramfs/ramfs_subr.o
 .note.GNU-stack
                0x0000000000000000        0x0 ../fs/ramfs/ramfs.o
 .note.gnu.property
                0x0000000000000000       0x20 ../fs/ramfs/ramfs.o
 .note.GNU-stack
                0x0000000000000000        0x0 ../fs/ramfs/initramfs.o
 .note.gnu.property
                0x0000000000000000       0x20 ../fs/ramfs/initramfs.o
 .note.GNU-stack
                0x0000000000000000        0x0 ../fs/vfs.o
 .note.gnu.property
                0x0000000000000000       0x20 ../fs/vfs.o

Memory Configuration

Name             Origin             Length             Attributes
*default*        0x0000000000000000 0xffffffffffffffff

Linker script and memory map

LOAD ../kernel/acpi.o
LOAD ../kernel/spinlock.o
LOAD ../kernel/panic.o
LOAD ../kernel/time.o
LOAD ../kernel/apic.o
LOAD ../kernel/string.o
LOAD ../kernel/gdt.o
LOAD ../kernel/interrupt.o
LOAD ../kernel/kbd.o
LOAD ../kernel/io.o
LOAD ../kernel/pmm.o
LOAD ../kernel/idt.o
LOAD ../kernel/vmm.o
LOAD ../kernel/vm/vm.o
LOAD ../kernel/proc.o
LOAD ../kernel/pic.o
LOAD ../kernel/cpu.o
LOAD ../kernel/kernel.o
LOAD ../kernel/slab.o
LOAD ../main.o
LOAD ../fs/ramfs/ramfs_subr.o
LOAD ../fs/ramfs/ramfs.o
LOAD ../fs/ramfs/initramfs.o
LOAD ../fs/vfs.o
LOAD ./switch.o
LOAD ./isr.o
                0xffffffff80000000                . = 0xffffffff80000000
                0xffffffff80000000                text_start_addr = .

.text           0xffffffff80000000     0x6f02
 *(.text .text.*)
 .text          0xffffffff80000000      0x113 ../kernel/acpi.o
                0xffffffff80000000                init_acpi
                0xffffffff80000096                get_acpi_sdt
 .text          0xffffffff80000113       0xc0 ../kernel/spinlock.o
                0xffffffff80000113                acquire
                0xffffffff8000014a                release
                0xffffffff8000016d                trylock
                0xffffffff8000018b                init_lock
                0xffffffff800001a8                init_and_acquire
 .text          0xffffffff800001d3       0x21 ../kernel/panic.o
                0xffffffff800001d3                panic
 .text          0xffffffff800001f4      0x1cb ../kernel/time.o
                0xffffffff800002ba                sleep
                0xffffffff800002f8                configure_timer
                0xffffffff8000036b                init_pit
 .text          0xffffffff800003bf      0x221 ../kernel/apic.o
                0xffffffff800003bf                walk_madt
                0xffffffff8000045f                init_apic
                0xffffffff8000058e                apic_timer
 .text          0xffffffff800005e0      0x465 ../kernel/string.o
                0xffffffff800005e0                memcpy
                0xffffffff80000642                memset
                0xffffffff8000068e                strlen
                0xffffffff800006ca                strcmp
                0xffffffff8000074e                strncmp
                0xffffffff800007ad                strchr
                0xffffffff800007f2                strcpy
                0xffffffff8000085b                strdup
                0xffffffff800008d7                strldup
                0xffffffff80000947                memzero
                0xffffffff80000987                itoa
 .text          0xffffffff80000a45      0x33d ../kernel/gdt.o
                0xffffffff80000b0b                load_gdt
                0xffffffff80000b1d                init_gdt
                0xffffffff80000c3e                init_tss
 .text          0xffffffff80000d82      0x166 ../kernel/interrupt.o
                0xffffffff80000e48                init_interrupt
                0xffffffff80000ebf                timerh
 .text          0xffffffff80000ee8      0x474 ../kernel/kbd.o
                0xffffffff80000fae                kbd_press
                0xffffffff80001069                print_char
                0xffffffff800010b8                init_kbd
                0xffffffff8000113e                setconfb
                0xffffffff8000117e                getconfb
                0xffffffff800011b2                getscancode
                0xffffffff80001202                gettype
                0xffffffff80001252                testps2port
                0xffffffff800012bd                testps2control
                0xffffffff8000130c                disdev
                0xffffffff80001335                check_ps2
 .text          0xffffffff8000135c       0x4a ../kernel/io.o
                0xffffffff8000135c                write32
                0xffffffff80001387                read32
 .text          0xffffffff800013a6      0x5b0 ../kernel/pmm.o
                0xffffffff80001435                palloc
                0xffffffff800015db                pallocaddr
                0xffffffff8000165c                freepg
                0xffffffff800016d5                initbmap
                0xffffffff800017e0                setentry
                0xffffffff8000186a                getmemsz
                0xffffffff800018df                getentry
 .text          0xffffffff80001956      0x29f ../kernel/idt.o
                0xffffffff80001a1c                load_idt
                0xffffffff80001a2e                init_idt
                0xffffffff80001a93                new_irq
                0xffffffff80001ac2                set_idt_entry
                0xffffffff80001b4d                trap
 .text          0xffffffff80001bf5      0x395 ../kernel/vmm.o
                0xffffffff80001bf5                V2P
                0xffffffff80001c18                P2V
                0xffffffff80001c3b                getpaddr
                0xffffffff80001c57                init_vmm
                0xffffffff80001c62                get_next_level
                0xffffffff80001d2e                init_vm
                0xffffffff80001e54                mappage2
                0xffffffff80001ebc                va2pte
 .text          0xffffffff80001f8a       0x63 ../kernel/vm/vm.o
                0xffffffff80001f8a                vm_alloc
 .text          0xffffffff80001fed      0x603 ../kernel/proc.o
                0xffffffff800020b3                init_plock
                0xffffffff800020c8                init_proc
                0xffffffff80002126                acq
                0xffffffff80002142                r
                0xffffffff8000215e                set_current_proc
                0xffffffff80002185                get_current_proc
                0xffffffff80002199                exec
                0xffffffff8000237c                startproc
                0xffffffff800023cb                allocproc
                0xffffffff800024e3                scheduler
 .text          0xffffffff800025f0      0x1d9 ../kernel/pic.o
                0xffffffff800026b6                unmask_irq
                0xffffffff80002701                pic_remap
 .text          0xffffffff800027c9      0x18b ../kernel/cpu.o
                0xffffffff8000288f                init_cpu
                0xffffffff800028c0                cpu
 .text          0xffffffff80002954      0x33e ../kernel/kernel.o
                0xffffffff80002a1a                print
                0xffffffff80002a8c                printl
                0xffffffff80002abb                kmain
                0xffffffff80002c53                thread3
                0xffffffff80002c68                thread2
                0xffffffff80002c7d                thread1
 .text          0xffffffff80002c92      0x6e1 ../kernel/slab.o
                0xffffffff80002c92                kalloc
                0xffffffff80002d67                kfree
                0xffffffff800030e3                roundup
                0xffffffff8000312b                test_slab
 .text          0xffffffff80003373       0x23 ../main.o
                0xffffffff80003373                main
 .text          0xffffffff80003396      0x13c ../fs/ramfs/ramfs_subr.o
 .text          0xffffffff800034d2     0x2276 ../fs/ramfs/ramfs.o
                0xffffffff80004955                ramfs_t
 .text          0xffffffff80005748      0x1ce ../fs/ramfs/initramfs.o
                0xffffffff800057ae                initramfs
 .text          0xffffffff80005916     0x13d2 ../fs/vfs.o
                0xffffffff8000598c                init_rootfs
                0xffffffff800059f7                init_rootvn
                0xffffffff80005a35                namei
                0xffffffff80005bf1                lookup
                0xffffffff80005f3e                vfs_readdir
                0xffffffff80005fc5                vfs_link
                0xffffffff800060d5                vfs_readlink_locked
                0xffffffff8000612c                vfs_readlink
                0xffffffff800061a5                vfs_symlink
                0xffffffff80006257                vfs_root
                0xffffffff800062a7                vfs_mount
                0xffffffff80006483                vfs_unmount
                0xffffffff800065d5                vfs_unlink
                0xffffffff800066ea                vfs_read
                0xffffffff8000676a                vfs_write
                0xffffffff800067ea                vfs_open
                0xffffffff80006915                vfs_create
                0xffffffff8000694c                vfs_mkdir
                0xffffffff80006a38                vfs_rmdir
                0xffffffff80006b6b                vfs_close
                0xffffffff80006c25                printdir
 *fill*         0xffffffff80006ce8        0x8 
 .text          0xffffffff80006cf0       0x1b ./switch.o
                0xffffffff80006cf0                switc
 *fill*         0xffffffff80006d0b        0x5 
 .text          0xffffffff80006d10      0x1f2 ./isr.o
                0xffffffff80006d10                isr_timer
                0xffffffff80006d14                isr_kbd
                0xffffffff80006d18                isr_apic_timer
                0xffffffff80006d1c                spurious
                0xffffffff80006d44                ret
                0xffffffff80006e02                isr_table
                0xffffffff80006f02                text_end_addr = .

.iplt           0xffffffff80006f02        0x0
 .iplt          0xffffffff80006f02        0x0 ../kernel/acpi.o
                0xffffffff80007f02                . = (. + CONSTANT (MAXPAGESIZE))
                0xffffffff80007f02                rodata_start_addr = .

.rodata         0xffffffff80007f20      0x595
 *(.rodata .rodata.*)
 .rodata        0xffffffff80007f20       0x13 ../kernel/apic.o
 .rodata        0xffffffff80007f33       0x29 ../kernel/kbd.o
 *fill*         0xffffffff80007f5c        0x4 
 .rodata        0xffffffff80007f60       0x9d ../kernel/pmm.o
 .rodata        0xffffffff80007ffd        0xd ../kernel/idt.o
 .rodata        0xffffffff8000800a       0x14 ../kernel/kernel.o
 .rodata        0xffffffff8000801e       0x25 ../kernel/slab.o
 *fill*         0xffffffff80008043        0x5 
 .rodata        0xffffffff80008048       0x22 ../fs/ramfs/ramfs_subr.o
 *fill*         0xffffffff8000806a       0x16 
 .rodata        0xffffffff80008080      0x3ff ../fs/ramfs/ramfs.o
                0xffffffff800081c0                ram_ops
 .rodata        0xffffffff8000847f       0x2f ../fs/ramfs/initramfs.o
 .rodata        0xffffffff800084ae        0x7 ../fs/vfs.o
                0xffffffff800084b5                rodata_end_addr = .

.eh_frame       0xffffffff800084b8     0x1aa8
 .eh_frame      0xffffffff800084b8       0x58 ../kernel/acpi.o
 .eh_frame      0xffffffff80008510       0xa0 ../kernel/spinlock.o
                                         0xb8 (size before relaxing)
 .eh_frame      0xffffffff800085b0       0x20 ../kernel/panic.o
                                         0x38 (size before relaxing)
 .eh_frame      0xffffffff800085d0      0x120 ../kernel/time.o
                                        0x138 (size before relaxing)
 .eh_frame      0xffffffff800086f0       0x80 ../kernel/apic.o
                                         0x98 (size before relaxing)
 .eh_frame      0xffffffff80008770      0x160 ../kernel/string.o
                                        0x178 (size before relaxing)
 .eh_frame      0xffffffff800088d0      0x148 ../kernel/gdt.o
                                        0x160 (size before relaxing)
 .eh_frame      0xffffffff80008a18      0x100 ../kernel/interrupt.o
                                        0x118 (size before relaxing)
 .eh_frame      0xffffffff80008b18      0x220 ../kernel/kbd.o
                                        0x238 (size before relaxing)
 .eh_frame      0xffffffff80008d38       0x40 ../kernel/io.o
                                         0x58 (size before relaxing)
 .eh_frame      0xffffffff80008d78      0x120 ../kernel/pmm.o
                                        0x138 (size before relaxing)
 .eh_frame      0xffffffff80008e98      0x160 ../kernel/idt.o
                                        0x178 (size before relaxing)
 .eh_frame      0xffffffff80008ff8      0x100 ../kernel/vmm.o
                                        0x118 (size before relaxing)
 .eh_frame      0xffffffff800090f8       0x20 ../kernel/vm/vm.o
                                         0x38 (size before relaxing)
 .eh_frame      0xffffffff80009118      0x220 ../kernel/proc.o
                                        0x238 (size before relaxing)
 .eh_frame      0xffffffff80009338      0x100 ../kernel/pic.o
                                        0x118 (size before relaxing)
 .eh_frame      0xffffffff80009438      0x100 ../kernel/cpu.o
                                        0x118 (size before relaxing)
 .eh_frame      0xffffffff80009538      0x178 ../kernel/kernel.o
                                        0x190 (size before relaxing)
 .eh_frame      0xffffffff800096b0      0x128 ../kernel/slab.o
                                        0x140 (size before relaxing)
 .eh_frame      0xffffffff800097d8       0x20 ../main.o
                                         0x38 (size before relaxing)
 .eh_frame      0xffffffff800097f8       0x40 ../fs/ramfs/ramfs_subr.o
                                         0x58 (size before relaxing)
 .eh_frame      0xffffffff80009838      0x3e8 ../fs/ramfs/ramfs.o
                                        0x400 (size before relaxing)
 .eh_frame      0xffffffff80009c20       0x40 ../fs/ramfs/initramfs.o
                                         0x58 (size before relaxing)
 .eh_frame      0xffffffff80009c60      0x300 ../fs/vfs.o
                                        0x318 (size before relaxing)

.rela.dyn       0xffffffff80009f60        0x0
 .rela.got      0xffffffff80009f60        0x0 ../kernel/acpi.o
 .rela.iplt     0xffffffff80009f60        0x0 ../kernel/acpi.o
 .rela.text     0xffffffff80009f60        0x0 ../kernel/acpi.o
                0xffffffff8000af60                . = (. + CONSTANT (MAXPAGESIZE))
                0xffffffff8000af60                data_start_addr = .

.data           0xffffffff8000af60      0x1f0
 *(.data .data.*)
 .data          0xffffffff8000af60       0x30 ../kernel/acpi.o
 .data          0xffffffff8000af90        0x0 ../kernel/spinlock.o
 .data          0xffffffff8000af90        0x0 ../kernel/panic.o
 .data          0xffffffff8000af90        0x0 ../kernel/time.o
 .data          0xffffffff8000af90        0x0 ../kernel/apic.o
 .data          0xffffffff8000af90        0x0 ../kernel/string.o
 .data          0xffffffff8000af90        0x0 ../kernel/gdt.o
 .data          0xffffffff8000af90        0x0 ../kernel/interrupt.o
 *fill*         0xffffffff8000af90       0x10 
 .data          0xffffffff8000afa0       0x7f ../kernel/kbd.o
 .data          0xffffffff8000b01f        0x0 ../kernel/io.o
 *fill*         0xffffffff8000b01f        0x1 
 .data          0xffffffff8000b020       0x30 ../kernel/pmm.o
                0xffffffff8000b020                memmap_request
 .data          0xffffffff8000b050        0x0 ../kernel/idt.o
 *fill*         0xffffffff8000b050       0x10 
 .data          0xffffffff8000b060       0x30 ../kernel/vmm.o
 .data          0xffffffff8000b090        0x0 ../kernel/vm/vm.o
 .data          0xffffffff8000b090        0x1 ../kernel/proc.o
 .data          0xffffffff8000b091        0x0 ../kernel/pic.o
 *fill*         0xffffffff8000b091        0xf 
 .data          0xffffffff8000b0a0       0x38 ../kernel/cpu.o
 *fill*         0xffffffff8000b0d8        0x8 
 .data          0xffffffff8000b0e0       0x3c ../kernel/kernel.o
 .data          0xffffffff8000b11c        0x0 ../kernel/slab.o
 .data          0xffffffff8000b11c        0x0 ../main.o
 .data          0xffffffff8000b11c        0x0 ../fs/ramfs/ramfs_subr.o
 .data          0xffffffff8000b11c        0x0 ../fs/ramfs/ramfs.o
 *fill*         0xffffffff8000b11c        0x4 
 .data          0xffffffff8000b120       0x30 ../fs/ramfs/initramfs.o
 .data          0xffffffff8000b150        0x0 ../fs/vfs.o

.got            0xffffffff8000b150        0x0
 .got           0xffffffff8000b150        0x0 ../kernel/acpi.o

.got.plt        0xffffffff8000b150        0x0
 .got.plt       0xffffffff8000b150        0x0 ../kernel/acpi.o

.igot.plt       0xffffffff8000b150        0x0
 .igot.plt      0xffffffff8000b150        0x0 ../kernel/acpi.o

.bss            0xffffffff8000b160     0x3924
 *(COMMON)
 COMMON         0xffffffff8000b160       0x10 ../kernel/acpi.o
                0xffffffff8000b160                lapicc
                0xffffffff8000b168                rsdt
 COMMON         0xffffffff8000b170        0x8 ../kernel/spinlock.o
                0xffffffff8000b170                x
                0xffffffff8000b174                spinlock
 COMMON         0xffffffff8000b178       0x11 ../kernel/time.o
                0xffffffff8000b178                PIT_COUNTER
                0xffffffff8000b180                EOI
                0xffffffff8000b188                NMI_LINT
 *fill*         0xffffffff8000b189        0x7 
 COMMON         0xffffffff8000b190       0x18 ../kernel/gdt.o
                0xffffffff8000b190                PML4E
                0xffffffff8000b198                bitmap
                0xffffffff8000b1a0                MAXPG
 COMMON         0xffffffff8000b1a8        0x8 ../kernel/vmm.o
                0xffffffff8000b1a8                kernel_vm_map
 *fill*         0xffffffff8000b1b0       0x10 
 COMMON         0xffffffff8000b1c0       0x50 ../kernel/cpu.o
                0xffffffff8000b1c0                vfslist
                0xffffffff8000b1f8                head
                0xffffffff8000b200                rootvn
                0xffffffff8000b208                mountedlist
 COMMON         0xffffffff8000b210        0x8 ../fs/vfs.o
                0xffffffff8000b210                rootfs
 *(.bss .bss.*)
 .bss           0xffffffff8000b218        0x0 ../kernel/acpi.o
 .bss           0xffffffff8000b218        0x0 ../kernel/spinlock.o
 .bss           0xffffffff8000b218        0x0 ../kernel/panic.o
 .bss           0xffffffff8000b218        0x0 ../kernel/time.o
 .bss           0xffffffff8000b218        0x8 ../kernel/apic.o
 .bss           0xffffffff8000b220        0x0 ../kernel/string.o
 .bss           0xffffffff8000b220       0x1a ../kernel/gdt.o
 .bss           0xffffffff8000b23a        0x0 ../kernel/interrupt.o
 .bss           0xffffffff8000b23a        0x2 ../kernel/kbd.o
 .bss           0xffffffff8000b23c        0x0 ../kernel/io.o
 .bss           0xffffffff8000b23c        0x0 ../kernel/pmm.o
 *fill*         0xffffffff8000b23c        0x4 
 .bss           0xffffffff8000b240     0x100a ../kernel/idt.o
 .bss           0xffffffff8000c24a        0x0 ../kernel/vmm.o
 .bss           0xffffffff8000c24a        0x0 ../kernel/vm/vm.o
 *fill*         0xffffffff8000c24a       0x16 
 .bss           0xffffffff8000c260     0x2804 ../kernel/proc.o
 .bss           0xffffffff8000ea64        0x0 ../kernel/pic.o
 .bss           0xffffffff8000ea64        0x0 ../kernel/cpu.o
 .bss           0xffffffff8000ea64        0x8 ../kernel/kernel.o
 *fill*         0xffffffff8000ea6c        0x4 
 .bss           0xffffffff8000ea70       0x14 ../kernel/slab.o
 .bss           0xffffffff8000ea84        0x0 ../main.o
 .bss           0xffffffff8000ea84        0x0 ../fs/ramfs/ramfs_subr.o
 .bss           0xffffffff8000ea84        0x0 ../fs/ramfs/ramfs.o
 .bss           0xffffffff8000ea84        0x0 ../fs/ramfs/initramfs.o
 .bss           0xffffffff8000ea84        0x0 ../fs/vfs.o
                0xffffffff8000ea84                data_end_addr = .

/DISCARD/
 *(.note .note.*)
OUTPUT(kernel.elf elf64-x86-64)

.debug_info     0x0000000000000000     0xa14a
 .debug_info    0x0000000000000000      0x38c ../kernel/acpi.o
 .debug_info    0x000000000000038c      0x20b ../kernel/spinlock.o
 .debug_info    0x0000000000000597       0xd5 ../kernel/panic.o
 .debug_info    0x000000000000066c      0x40d ../kernel/time.o
 .debug_info    0x0000000000000a79      0x5d3 ../kernel/apic.o
 .debug_info    0x000000000000104c      0x4b6 ../kernel/string.o
 .debug_info    0x0000000000001502      0x47a ../kernel/gdt.o
 .debug_info    0x000000000000197c      0x25b ../kernel/interrupt.o
 .debug_info    0x0000000000001bd7      0x7fa ../kernel/kbd.o
 .debug_info    0x00000000000023d1      0x109 ../kernel/io.o
 .debug_info    0x00000000000024da      0x5ff ../kernel/pmm.o
 .debug_info    0x0000000000002ad9      0x6b1 ../kernel/idt.o
 .debug_info    0x000000000000318a      0x6c1 ../kernel/vmm.o
 .debug_info    0x000000000000384b      0x19d ../kernel/vm/vm.o
 .debug_info    0x00000000000039e8      0xc13 ../kernel/proc.o
 .debug_info    0x00000000000045fb      0x27c ../kernel/pic.o
 .debug_info    0x0000000000004877      0x9bf ../kernel/cpu.o
 .debug_info    0x0000000000005236      0xe09 ../kernel/kernel.o
 .debug_info    0x000000000000603f      0x6b8 ../kernel/slab.o
 .debug_info    0x00000000000066f7       0x77 ../main.o
 .debug_info    0x000000000000676e      0x5b9 ../fs/ramfs/ramfs_subr.o
 .debug_info    0x0000000000006d27     0x1b4b ../fs/ramfs/ramfs.o
 .debug_info    0x0000000000008872      0x85e ../fs/ramfs/initramfs.o
 .debug_info    0x00000000000090d0      0xfe5 ../fs/vfs.o
 .debug_info    0x000000000000a0b5       0x4c ./switch.o
 .debug_info    0x000000000000a101       0x49 ./isr.o

.debug_abbrev   0x0000000000000000     0x2c26
 .debug_abbrev  0x0000000000000000      0x156 ../kernel/acpi.o
 .debug_abbrev  0x0000000000000156      0x114 ../kernel/spinlock.o
 .debug_abbrev  0x000000000000026a       0x95 ../kernel/panic.o
 .debug_abbrev  0x00000000000002ff      0x1d1 ../kernel/time.o
 .debug_abbrev  0x00000000000004d0      0x1df ../kernel/apic.o
 .debug_abbrev  0x00000000000006af      0x10e ../kernel/string.o
 .debug_abbrev  0x00000000000007bd      0x222 ../kernel/gdt.o
 .debug_abbrev  0x00000000000009df      0x19e ../kernel/interrupt.o
 .debug_abbrev  0x0000000000000b7d      0x239 ../kernel/kbd.o
 .debug_abbrev  0x0000000000000db6       0xa0 ../kernel/io.o
 .debug_abbrev  0x0000000000000e56      0x1d9 ../kernel/pmm.o
 .debug_abbrev  0x000000000000102f      0x284 ../kernel/idt.o
 .debug_abbrev  0x00000000000012b3      0x241 ../kernel/vmm.o
 .debug_abbrev  0x00000000000014f4       0xcb ../kernel/vm/vm.o
 .debug_abbrev  0x00000000000015bf      0x315 ../kernel/proc.o
 .debug_abbrev  0x00000000000018d4      0x146 ../kernel/pic.o
 .debug_abbrev  0x0000000000001a1a      0x266 ../kernel/cpu.o
 .debug_abbrev  0x0000000000001c80      0x2f5 ../kernel/kernel.o
 .debug_abbrev  0x0000000000001f75      0x26d ../kernel/slab.o
 .debug_abbrev  0x00000000000021e2       0x53 ../main.o
 .debug_abbrev  0x0000000000002235      0x1c7 ../fs/ramfs/ramfs_subr.o
 .debug_abbrev  0x00000000000023fc      0x336 ../fs/ramfs/ramfs.o
 .debug_abbrev  0x0000000000002732      0x208 ../fs/ramfs/initramfs.o
 .debug_abbrev  0x000000000000293a      0x2b6 ../fs/vfs.o
 .debug_abbrev  0x0000000000002bf0       0x1b ./switch.o
 .debug_abbrev  0x0000000000002c0b       0x1b ./isr.o

.debug_aranges  0x0000000000000000      0x4e0
 .debug_aranges
                0x0000000000000000       0x30 ../kernel/acpi.o
 .debug_aranges
                0x0000000000000030       0x30 ../kernel/spinlock.o
 .debug_aranges
                0x0000000000000060       0x30 ../kernel/panic.o
 .debug_aranges
                0x0000000000000090       0x30 ../kernel/time.o
 .debug_aranges
                0x00000000000000c0       0x30 ../kernel/apic.o
 .debug_aranges
                0x00000000000000f0       0x30 ../kernel/string.o
 .debug_aranges
                0x0000000000000120       0x30 ../kernel/gdt.o
 .debug_aranges
                0x0000000000000150       0x30 ../kernel/interrupt.o
 .debug_aranges
                0x0000000000000180       0x30 ../kernel/kbd.o
 .debug_aranges
                0x00000000000001b0       0x30 ../kernel/io.o
 .debug_aranges
                0x00000000000001e0       0x30 ../kernel/pmm.o
 .debug_aranges
                0x0000000000000210       0x30 ../kernel/idt.o
 .debug_aranges
                0x0000000000000240       0x30 ../kernel/vmm.o
 .debug_aranges
                0x0000000000000270       0x30 ../kernel/vm/vm.o
 .debug_aranges
                0x00000000000002a0       0x30 ../kernel/proc.o
 .debug_aranges
                0x00000000000002d0       0x30 ../kernel/pic.o
 .debug_aranges
                0x0000000000000300       0x30 ../kernel/cpu.o
 .debug_aranges
                0x0000000000000330       0x30 ../kernel/kernel.o
 .debug_aranges
                0x0000000000000360       0x30 ../kernel/slab.o
 .debug_aranges
                0x0000000000000390       0x30 ../main.o
 .debug_aranges
                0x00000000000003c0       0x30 ../fs/ramfs/ramfs_subr.o
 .debug_aranges
                0x00000000000003f0       0x30 ../fs/ramfs/ramfs.o
 .debug_aranges
                0x0000000000000420       0x30 ../fs/ramfs/initramfs.o
 .debug_aranges
                0x0000000000000450       0x30 ../fs/vfs.o
 .debug_aranges
                0x0000000000000480       0x30 ./switch.o
 .debug_aranges
                0x00000000000004b0       0x30 ./isr.o

.debug_line     0x0000000000000000     0x3991
 .debug_line    0x0000000000000000      0x158 ../kernel/acpi.o
 .debug_line    0x0000000000000158       0xec ../kernel/spinlock.o
 .debug_line    0x0000000000000244       0xb8 ../kernel/panic.o
 .debug_line    0x00000000000002fc      0x179 ../kernel/time.o
 .debug_line    0x0000000000000475      0x185 ../kernel/apic.o
 .debug_line    0x00000000000005fa      0x2d4 ../kernel/string.o
 .debug_line    0x00000000000008ce      0x1d5 ../kernel/gdt.o
 .debug_line    0x0000000000000aa3      0x13c ../kernel/interrupt.o
 .debug_line    0x0000000000000bdf      0x214 ../kernel/kbd.o
 .debug_line    0x0000000000000df3       0x69 ../kernel/io.o
 .debug_line    0x0000000000000e5c      0x376 ../kernel/pmm.o
 .debug_line    0x00000000000011d2      0x1d9 ../kernel/idt.o
 .debug_line    0x00000000000013ab      0x241 ../kernel/vmm.o
 .debug_line    0x00000000000015ec      0x105 ../kernel/vm/vm.o
 .debug_line    0x00000000000016f1      0x35b ../kernel/proc.o
 .debug_line    0x0000000000001a4c      0x114 ../kernel/pic.o
 .debug_line    0x0000000000001b60      0x1b2 ../kernel/cpu.o
 .debug_line    0x0000000000001d12      0x29d ../kernel/kernel.o
 .debug_line    0x0000000000001faf      0x314 ../kernel/slab.o
 .debug_line    0x00000000000022c3       0x4c ../main.o
 .debug_line    0x000000000000230f      0x146 ../fs/ramfs/ramfs_subr.o
 .debug_line    0x0000000000002455      0xab0 ../fs/ramfs/ramfs.o
 .debug_line    0x0000000000002f05      0x195 ../fs/ramfs/initramfs.o
 .debug_line    0x000000000000309a      0x844 ../fs/vfs.o
 .debug_line    0x00000000000038de       0x42 ./switch.o
 .debug_line    0x0000000000003920       0x71 ./isr.o

.debug_str      0x0000000000000000     0x154e
 .debug_str     0x0000000000000000      0x24e ../kernel/acpi.o
                                        0x2b5 (size before relaxing)
 .debug_str     0x000000000000024e       0xb7 ../kernel/spinlock.o
                                        0x25a (size before relaxing)
 .debug_str     0x0000000000000305       0x18 ../kernel/panic.o
                                        0x1b8 (size before relaxing)
 .debug_str     0x000000000000031d       0x77 ../kernel/time.o
                                        0x2ab (size before relaxing)
 .debug_str     0x0000000000000394       0xb2 ../kernel/apic.o
                                        0x318 (size before relaxing)
 .debug_str     0x0000000000000446       0x72 ../kernel/string.o
                                        0x21d (size before relaxing)
 .debug_str     0x00000000000004b8       0xea ../kernel/gdt.o
                                        0x2e3 (size before relaxing)
 .debug_str     0x00000000000005a2       0x36 ../kernel/interrupt.o
                                        0x20d (size before relaxing)
 .debug_str     0x00000000000005d8      0x22e ../kernel/kbd.o
                                        0x48f (size before relaxing)
 .debug_str     0x0000000000000806       0x1e ../kernel/io.o
                                        0x1ac (size before relaxing)
 .debug_str     0x0000000000000824       0xe1 ../kernel/pmm.o
                                        0x317 (size before relaxing)
 .debug_str     0x0000000000000905       0x80 ../kernel/idt.o
                                        0x32e (size before relaxing)
 .debug_str     0x0000000000000985      0x165 ../kernel/vmm.o
                                        0x451 (size before relaxing)
 .debug_str     0x0000000000000aea       0x1b ../kernel/vm/vm.o
                                        0x234 (size before relaxing)
 .debug_str     0x0000000000000b05      0x1d3 ../kernel/proc.o
                                        0x56a (size before relaxing)
 .debug_str     0x0000000000000cd8       0x30 ../kernel/pic.o
                                        0x202 (size before relaxing)
 .debug_str     0x0000000000000d08      0x126 ../kernel/cpu.o
                                        0x51f (size before relaxing)
 .debug_str     0x0000000000000e2e      0x1d2 ../kernel/kernel.o
                                        0x6ed (size before relaxing)
 .debug_str     0x0000000000001000       0xa6 ../kernel/slab.o
                                        0x30e (size before relaxing)
 .debug_str     0x00000000000010a6        0xa ../main.o
                                        0x139 (size before relaxing)
 .debug_str     0x00000000000010b0       0x6f ../fs/ramfs/ramfs_subr.o
                                        0x386 (size before relaxing)
 .debug_str     0x000000000000111f      0x26f ../fs/ramfs/ramfs.o
                                        0x640 (size before relaxing)
 .debug_str     0x000000000000138e      0x11e ../fs/ramfs/initramfs.o
                                        0x49f (size before relaxing)
 .debug_str     0x00000000000014ac       0xa2 ../fs/vfs.o
                                        0x4bf (size before relaxing)

.comment        0x0000000000000000       0x2b
 .comment       0x0000000000000000       0x2b ../kernel/acpi.o
                                         0x2c (size before relaxing)
 .comment       0x000000000000002b       0x2c ../kernel/spinlock.o
 .comment       0x000000000000002b       0x2c ../kernel/panic.o
 .comment       0x000000000000002b       0x2c ../kernel/time.o
 .comment       0x000000000000002b       0x2c ../kernel/apic.o
 .comment       0x000000000000002b       0x2c ../kernel/string.o
 .comment       0x000000000000002b       0x2c ../kernel/gdt.o
 .comment       0x000000000000002b       0x2c ../kernel/interrupt.o
 .comment       0x000000000000002b       0x2c ../kernel/kbd.o
 .comment       0x000000000000002b       0x2c ../kernel/io.o
 .comment       0x000000000000002b       0x2c ../kernel/pmm.o
 .comment       0x000000000000002b       0x2c ../kernel/idt.o
 .comment       0x000000000000002b       0x2c ../kernel/vmm.o
 .comment       0x000000000000002b       0x2c ../kernel/vm/vm.o
 .comment       0x000000000000002b       0x2c ../kernel/proc.o
 .comment       0x000000000000002b       0x2c ../kernel/pic.o
 .comment       0x000000000000002b       0x2c ../kernel/cpu.o
 .comment       0x000000000000002b       0x2c ../kernel/kernel.o
 .comment       0x000000000000002b       0x2c ../kernel/slab.o
 .comment       0x000000000000002b       0x2c ../main.o
 .comment       0x000000000000002b       0x2c ../fs/ramfs/ramfs_subr.o
 .comment       0x000000000000002b       0x2c ../fs/ramfs/ramfs.o
 .comment       0x000000000000002b       0x2c ../fs/ramfs/initramfs.o
 .comment       0x000000000000002b       0x2c ../fs/vfs.o

.debug_ranges   0x0000000000000000       0x30
 .debug_ranges  0x0000000000000000       0x30 ../fs/vfs.o

.debug_pubnames
                0x0000000000000000       0x24
 .debug_pubnames
                0x0000000000000000       0x12 ./switch.o
 .debug_pubnames
                0x0000000000000012       0x12 ./isr.o

.debug_frame    0x0000000000000000        0xc
 .debug_frame   0x0000000000000000        0x4 ./switch.o
 *fill*         0x0000000000000004        0x4 
 .debug_frame   0x0000000000000008        0x4 ./isr.o

.debug_loc      0x0000000000000000       0x20
 .debug_loc     0x0000000000000000       0x10 ./switch.o
 .debug_loc     0x0000000000000010       0x10 ./isr.o
