
Merging program properties

Removed property 0xc0000002 to merge ../ACPI/acpi.o (0x3) and ./switch.o (not found)

Allocating common symbols
Common symbol       size              file

x                   0x4               ../kernel/spinlock.o
PML4E               0x8               ../kernel/gdt.o
vfslist             0x38              ../kernel/cpu.o
rootfs              0x8               ../fs/vfs.o
bitmap              0x8               ../kernel/gdt.o
head                0x8               ../kernel/cpu.o
PIT_COUNTER         0x4               ../kernel/time.o
lapicc              0x8               ../ACPI/acpi.o
MAXPG               0x8               ../kernel/gdt.o
rsdt                0x8               ../ACPI/acpi.o
spinlock            0x4               ../kernel/spinlock.o
mountedlist         0x8               ../kernel/cpu.o
EOI                 0x8               ../kernel/time.o
NMI_LINT            0x1               ../kernel/time.o

Discarded input sections

 .note.GNU-stack
                0x0000000000000000        0x0 ../ACPI/acpi.o
 .note.gnu.property
                0x0000000000000000       0x20 ../ACPI/acpi.o
 .note.GNU-stack
                0x0000000000000000        0x0 ../kernel/spinlock.o
 .note.gnu.property
                0x0000000000000000       0x20 ../kernel/spinlock.o
 .note.GNU-stack
                0x0000000000000000        0x0 ../kernel/panic.o
 .note.gnu.property
                0x0000000000000000       0x20 ../kernel/panic.o
 .note.GNU-stack
                0x0000000000000000        0x0 ../kernel/time.o
 .note.gnu.property
                0x0000000000000000       0x20 ../kernel/time.o
 .note.GNU-stack
                0x0000000000000000        0x0 ../kernel/apic.o
 .note.gnu.property
                0x0000000000000000       0x20 ../kernel/apic.o
 .note.GNU-stack
                0x0000000000000000        0x0 ../kernel/string.o
 .note.gnu.property
                0x0000000000000000       0x20 ../kernel/string.o
 .note.GNU-stack
                0x0000000000000000        0x0 ../kernel/gdt.o
 .note.gnu.property
                0x0000000000000000       0x20 ../kernel/gdt.o
 .note.GNU-stack
                0x0000000000000000        0x0 ../kernel/interrupt.o
 .note.gnu.property
                0x0000000000000000       0x20 ../kernel/interrupt.o
 .note.GNU-stack
                0x0000000000000000        0x0 ../kernel/kbd.o
 .note.gnu.property
                0x0000000000000000       0x20 ../kernel/kbd.o
 .note.GNU-stack
                0x0000000000000000        0x0 ../kernel/io.o
 .note.gnu.property
                0x0000000000000000       0x20 ../kernel/io.o
 .note.GNU-stack
                0x0000000000000000        0x0 ../kernel/pmm.o
 .note.gnu.property
                0x0000000000000000       0x20 ../kernel/pmm.o
 .note.GNU-stack
                0x0000000000000000        0x0 ../kernel/idt.o
 .note.gnu.property
                0x0000000000000000       0x20 ../kernel/idt.o
 .note.GNU-stack
                0x0000000000000000        0x0 ../kernel/vmm.o
 .note.gnu.property
                0x0000000000000000       0x20 ../kernel/vmm.o
 .note.GNU-stack
                0x0000000000000000        0x0 ../kernel/proc.o
 .note.gnu.property
                0x0000000000000000       0x20 ../kernel/proc.o
 .note.GNU-stack
                0x0000000000000000        0x0 ../kernel/pic.o
 .note.gnu.property
                0x0000000000000000       0x20 ../kernel/pic.o
 .note.GNU-stack
                0x0000000000000000        0x0 ../kernel/cpu.o
 .note.gnu.property
                0x0000000000000000       0x20 ../kernel/cpu.o
 .note.GNU-stack
                0x0000000000000000        0x0 ../kernel/tmpfs.o
 .note.gnu.property
                0x0000000000000000       0x20 ../kernel/tmpfs.o
 .note.GNU-stack
                0x0000000000000000        0x0 ../kernel/kernel.o
 .note.gnu.property
                0x0000000000000000       0x20 ../kernel/kernel.o
 .note.GNU-stack
                0x0000000000000000        0x0 ../kernel/slab.o
 .note.gnu.property
                0x0000000000000000       0x20 ../kernel/slab.o
 .note.GNU-stack
                0x0000000000000000        0x0 ../fs/vfs.o
 .note.gnu.property
                0x0000000000000000       0x20 ../fs/vfs.o
 .note.GNU-stack
                0x0000000000000000        0x0 ../fs/ramfs.o
 .note.gnu.property
                0x0000000000000000       0x20 ../fs/ramfs.o

Memory Configuration

Name             Origin             Length             Attributes
*default*        0x0000000000000000 0xffffffffffffffff

Linker script and memory map

LOAD ../ACPI/acpi.o
LOAD ../kernel/spinlock.o
LOAD ../kernel/panic.o
LOAD ../kernel/time.o
LOAD ../kernel/apic.o
LOAD ../kernel/string.o
LOAD ../kernel/gdt.o
LOAD ../kernel/interrupt.o
LOAD ../kernel/kbd.o
LOAD ../kernel/io.o
LOAD ../kernel/pmm.o
LOAD ../kernel/idt.o
LOAD ../kernel/vmm.o
LOAD ../kernel/proc.o
LOAD ../kernel/pic.o
LOAD ../kernel/cpu.o
LOAD ../kernel/tmpfs.o
LOAD ../kernel/kernel.o
LOAD ../kernel/slab.o
LOAD ../fs/vfs.o
LOAD ../fs/ramfs.o
LOAD ./switch.o
LOAD ./isr.o
                0xffffffff80000000                . = 0xffffffff80000000

.text           0xffffffff80000000     0x43e2
 *(.text .text.*)
 .text          0xffffffff80000000      0x113 ../ACPI/acpi.o
                0xffffffff80000000                init_acpi
                0xffffffff80000096                get_acpi_sdt
 .text          0xffffffff80000113       0xc0 ../kernel/spinlock.o
                0xffffffff80000113                acquire
                0xffffffff8000014a                release
                0xffffffff8000016d                trylock
                0xffffffff8000018b                init_lock
                0xffffffff800001a8                init_and_acquire
 .text          0xffffffff800001d3       0x21 ../kernel/panic.o
                0xffffffff800001d3                panic
 .text          0xffffffff800001f4      0x1cb ../kernel/time.o
                0xffffffff800002ba                sleep
                0xffffffff800002f8                configure_timer
                0xffffffff8000036b                init_pit
 .text          0xffffffff800003bf      0x221 ../kernel/apic.o
                0xffffffff800003bf                walk_madt
                0xffffffff8000045f                init_apic
                0xffffffff8000058e                apic_timer
 .text          0xffffffff800005e0      0x37c ../kernel/string.o
                0xffffffff800005e0                strlen
                0xffffffff8000061c                strcmp
                0xffffffff800006a0                strncmp
                0xffffffff800006ff                strchr
                0xffffffff80000744                strcpy
                0xffffffff80000787                strdup
                0xffffffff80000803                memcpy
                0xffffffff8000085e                memzero
                0xffffffff8000089e                itoa
 .text          0xffffffff8000095c      0x33d ../kernel/gdt.o
                0xffffffff80000a22                load_gdt
                0xffffffff80000a34                init_gdt
                0xffffffff80000b55                init_tss
 .text          0xffffffff80000c99      0x166 ../kernel/interrupt.o
                0xffffffff80000d5f                init_interrupt
                0xffffffff80000dd6                timerh
 .text          0xffffffff80000dff      0x474 ../kernel/kbd.o
                0xffffffff80000ec5                kbd_press
                0xffffffff80000f80                print_char
                0xffffffff80000fcf                init_kbd
                0xffffffff80001055                setconfb
                0xffffffff80001095                getconfb
                0xffffffff800010c9                getscancode
                0xffffffff80001119                gettype
                0xffffffff80001169                testps2port
                0xffffffff800011d4                testps2control
                0xffffffff80001223                disdev
                0xffffffff8000124c                check_ps2
 .text          0xffffffff80001273       0x4a ../kernel/io.o
                0xffffffff80001273                write32
                0xffffffff8000129e                read32
 .text          0xffffffff800012bd      0x519 ../kernel/pmm.o
                0xffffffff800012bd                togglepage
                0xffffffff80001313                isfree
                0xffffffff80001354                palloc
                0xffffffff800014a3                pallocaddr
                0xffffffff80001524                freepg
                0xffffffff8000157e                initbmap
                0xffffffff80001682                setentry
                0xffffffff800016ea                getmemsz
                0xffffffff8000175f                getentry
 .text          0xffffffff800017d6      0x29f ../kernel/idt.o
                0xffffffff8000189c                load_idt
                0xffffffff800018ae                init_idt
                0xffffffff80001913                new_irq
                0xffffffff80001942                set_idt_entry
                0xffffffff800019cd                trap
 .text          0xffffffff80001a75      0x7bc ../kernel/vmm.o
                0xffffffff80001a75                V2P
                0xffffffff80001a98                P2V
                0xffffffff80001abb                getpaddr
                0xffffffff80001ad7                init_vmm
                0xffffffff80001b14                mappage
                0xffffffff80001c61                unmappage
                0xffffffff80001cc4                remappage
                0xffffffff80001f20                newentry
                0xffffffff80001fc3                test
 .text          0xffffffff80002231      0x3f4 ../kernel/proc.o
                0xffffffff800022f7                init_plock
                0xffffffff8000230c                init_proc
                0xffffffff80002354                acq
                0xffffffff80002370                r
                0xffffffff8000238c                set_current_proc
                0xffffffff800023b3                get_current_proc
                0xffffffff800023c7                startproc
                0xffffffff80002416                allocproc
                0xffffffff8000252e                scheduler
 .text          0xffffffff80002625      0x1d9 ../kernel/pic.o
                0xffffffff800026eb                unmask_irq
                0xffffffff80002736                pic_remap
 .text          0xffffffff800027fe      0x190 ../kernel/cpu.o
                0xffffffff800028c4                init_cpu
                0xffffffff800028f5                cpu
 .text          0xffffffff8000298e        0x0 ../kernel/tmpfs.o
 .text          0xffffffff8000298e      0x296 ../kernel/kernel.o
                0xffffffff80002a54                print
                0xffffffff80002ac6                kmain
                0xffffffff80002be5                thread3
                0xffffffff80002bfa                thread2
                0xffffffff80002c0f                thread1
 .text          0xffffffff80002c24      0x5bc ../kernel/slab.o
                0xffffffff80002c24                kalloc
                0xffffffff80002cf9                kfree
                0xffffffff80002f84                roundup
                0xffffffff80002fcc                test_slab
 .text          0xffffffff800031e0      0x604 ../fs/vfs.o
                0xffffffff800031e0                init_rootfs
                0xffffffff8000324b                lookup
                0xffffffff800033ac                vfs_lookup
                0xffffffff80003405                vfs_root
                0xffffffff80003450                vfs_mount
                0xffffffff800035e5                vfs_create
                0xffffffff800036b8                vfs_mkdir
                0xffffffff800036ed                vfs_vget
                0xffffffff80003735                vfs_close
 .text          0xffffffff800037e4      0x9e7 ../fs/ramfs.o
                0xffffffff800037e4                ramfs_t
 *fill*         0xffffffff800041cb        0x5 
 .text          0xffffffff800041d0       0x1b ./switch.o
                0xffffffff800041d0                switc
 *fill*         0xffffffff800041eb        0x5 
 .text          0xffffffff800041f0      0x1f2 ./isr.o
                0xffffffff800041f0                isr_timer
                0xffffffff800041f4                isr_kbd
                0xffffffff800041f8                isr_apic_timer
                0xffffffff800041fc                spurious
                0xffffffff80004224                ret
                0xffffffff800042e2                isr_table

.iplt           0xffffffff800043e2        0x0
 .iplt          0xffffffff800043e2        0x0 ../ACPI/acpi.o
                0xffffffff800053e2                . = (. + CONSTANT (MAXPAGESIZE))

.rodata         0xffffffff80005400      0x3f0
 *(.rodata .rodata.*)
 .rodata        0xffffffff80005400       0x13 ../kernel/apic.o
 .rodata        0xffffffff80005413       0x29 ../kernel/kbd.o
 *fill*         0xffffffff8000543c        0x4 
 .rodata        0xffffffff80005440       0x5d ../kernel/pmm.o
 .rodata        0xffffffff8000549d        0xd ../kernel/idt.o
 *fill*         0xffffffff800054aa        0x6 
 .rodata        0xffffffff800054b0       0xc1 ../kernel/vmm.o
 *fill*         0xffffffff80005571        0x7 
 .rodata        0xffffffff80005578       0x47 ../kernel/kernel.o
 .rodata        0xffffffff800055bf       0x32 ../kernel/slab.o
 *fill*         0xffffffff800055f1        0x7 
 .rodata        0xffffffff800055f8       0xa1 ../fs/vfs.o
 *fill*         0xffffffff80005699        0x7 
 .rodata        0xffffffff800056a0      0x150 ../fs/ramfs.o
                0xffffffff800057c0                ram_ops

.eh_frame       0xffffffff800057f0     0x1580
 .eh_frame      0xffffffff800057f0       0x58 ../ACPI/acpi.o
 .eh_frame      0xffffffff80005848       0xa0 ../kernel/spinlock.o
                                         0xb8 (size before relaxing)
 .eh_frame      0xffffffff800058e8       0x20 ../kernel/panic.o
                                         0x38 (size before relaxing)
 .eh_frame      0xffffffff80005908      0x120 ../kernel/time.o
                                        0x138 (size before relaxing)
 .eh_frame      0xffffffff80005a28       0x80 ../kernel/apic.o
                                         0x98 (size before relaxing)
 .eh_frame      0xffffffff80005aa8      0x120 ../kernel/string.o
                                        0x138 (size before relaxing)
 .eh_frame      0xffffffff80005bc8      0x148 ../kernel/gdt.o
                                        0x160 (size before relaxing)
 .eh_frame      0xffffffff80005d10      0x100 ../kernel/interrupt.o
                                        0x118 (size before relaxing)
 .eh_frame      0xffffffff80005e10      0x220 ../kernel/kbd.o
                                        0x238 (size before relaxing)
 .eh_frame      0xffffffff80006030       0x40 ../kernel/io.o
                                         0x58 (size before relaxing)
 .eh_frame      0xffffffff80006070      0x120 ../kernel/pmm.o
                                        0x138 (size before relaxing)
 .eh_frame      0xffffffff80006190      0x160 ../kernel/idt.o
                                        0x178 (size before relaxing)
 .eh_frame      0xffffffff800062f0      0x148 ../kernel/vmm.o
                                        0x160 (size before relaxing)
 .eh_frame      0xffffffff80006438      0x200 ../kernel/proc.o
                                        0x218 (size before relaxing)
 .eh_frame      0xffffffff80006638      0x100 ../kernel/pic.o
                                        0x118 (size before relaxing)
 .eh_frame      0xffffffff80006738      0x100 ../kernel/cpu.o
                                        0x118 (size before relaxing)
 .eh_frame      0xffffffff80006838      0x158 ../kernel/kernel.o
                                        0x170 (size before relaxing)
 .eh_frame      0xffffffff80006990       0xe0 ../kernel/slab.o
                                         0xf8 (size before relaxing)
 .eh_frame      0xffffffff80006a70      0x120 ../fs/vfs.o
                                        0x138 (size before relaxing)
 .eh_frame      0xffffffff80006b90      0x1e0 ../fs/ramfs.o
                                        0x1f8 (size before relaxing)

.rela.dyn       0xffffffff80006d70        0x0
 .rela.got      0xffffffff80006d70        0x0 ../ACPI/acpi.o
 .rela.iplt     0xffffffff80006d70        0x0 ../ACPI/acpi.o
 .rela.text     0xffffffff80006d70        0x0 ../ACPI/acpi.o
                0xffffffff80007d70                . = (. + CONSTANT (MAXPAGESIZE))

.data           0xffffffff80007d80      0x188
 *(.data .data.*)
 .data          0xffffffff80007d80       0x30 ../ACPI/acpi.o
 .data          0xffffffff80007db0        0x0 ../kernel/spinlock.o
 .data          0xffffffff80007db0        0x0 ../kernel/panic.o
 .data          0xffffffff80007db0        0x0 ../kernel/time.o
 .data          0xffffffff80007db0        0x0 ../kernel/apic.o
 .data          0xffffffff80007db0        0x0 ../kernel/string.o
 .data          0xffffffff80007db0        0x0 ../kernel/gdt.o
 .data          0xffffffff80007db0        0x0 ../kernel/interrupt.o
 *fill*         0xffffffff80007db0       0x10 
 .data          0xffffffff80007dc0       0x7f ../kernel/kbd.o
 .data          0xffffffff80007e3f        0x0 ../kernel/io.o
 .data          0xffffffff80007e3f        0x0 ../kernel/pmm.o
 .data          0xffffffff80007e3f        0x0 ../kernel/idt.o
 .data          0xffffffff80007e3f        0x0 ../kernel/vmm.o
 .data          0xffffffff80007e3f        0x1 ../kernel/proc.o
 .data          0xffffffff80007e40        0x0 ../kernel/pic.o
 .data          0xffffffff80007e40       0x38 ../kernel/cpu.o
 .data          0xffffffff80007e78        0x0 ../kernel/tmpfs.o
 *fill*         0xffffffff80007e78        0x8 
 .data          0xffffffff80007e80       0x88 ../kernel/kernel.o
 .data          0xffffffff80007f08        0x0 ../kernel/slab.o
 .data          0xffffffff80007f08        0x0 ../fs/vfs.o
 .data          0xffffffff80007f08        0x0 ../fs/ramfs.o

.got            0xffffffff80007f08        0x0
 .got           0xffffffff80007f08        0x0 ../ACPI/acpi.o

.got.plt        0xffffffff80007f08        0x0
 .got.plt       0xffffffff80007f08        0x0 ../ACPI/acpi.o

.igot.plt       0xffffffff80007f08        0x0
 .igot.plt      0xffffffff80007f08        0x0 ../ACPI/acpi.o

.bss            0xffffffff80007f20     0x3134
 *(COMMON)
 COMMON         0xffffffff80007f20       0x10 ../ACPI/acpi.o
                0xffffffff80007f20                lapicc
                0xffffffff80007f28                rsdt
 COMMON         0xffffffff80007f30        0x8 ../kernel/spinlock.o
                0xffffffff80007f30                x
                0xffffffff80007f34                spinlock
 COMMON         0xffffffff80007f38       0x11 ../kernel/time.o
                0xffffffff80007f38                PIT_COUNTER
                0xffffffff80007f40                EOI
                0xffffffff80007f48                NMI_LINT
 *fill*         0xffffffff80007f49        0x7 
 COMMON         0xffffffff80007f50       0x18 ../kernel/gdt.o
                0xffffffff80007f50                PML4E
                0xffffffff80007f58                bitmap
                0xffffffff80007f60                MAXPG
 *fill*         0xffffffff80007f68       0x18 
 COMMON         0xffffffff80007f80       0x48 ../kernel/cpu.o
                0xffffffff80007f80                vfslist
                0xffffffff80007fb8                head
                0xffffffff80007fc0                mountedlist
 COMMON         0xffffffff80007fc8        0x8 ../fs/vfs.o
                0xffffffff80007fc8                rootfs
 *(.bss .bss.*)
 .bss           0xffffffff80007fd0        0x0 ../ACPI/acpi.o
 .bss           0xffffffff80007fd0        0x0 ../kernel/spinlock.o
 .bss           0xffffffff80007fd0        0x0 ../kernel/panic.o
 .bss           0xffffffff80007fd0        0x0 ../kernel/time.o
 .bss           0xffffffff80007fd0        0x8 ../kernel/apic.o
 .bss           0xffffffff80007fd8        0x0 ../kernel/string.o
 .bss           0xffffffff80007fd8       0x1a ../kernel/gdt.o
 .bss           0xffffffff80007ff2        0x0 ../kernel/interrupt.o
 .bss           0xffffffff80007ff2        0x2 ../kernel/kbd.o
 .bss           0xffffffff80007ff4        0x0 ../kernel/io.o
 .bss           0xffffffff80007ff4        0x0 ../kernel/pmm.o
 *fill*         0xffffffff80007ff4        0xc 
 .bss           0xffffffff80008000     0x100a ../kernel/idt.o
 .bss           0xffffffff8000900a        0x0 ../kernel/vmm.o
 *fill*         0xffffffff8000900a       0x16 
 .bss           0xffffffff80009020     0x200c ../kernel/proc.o
 .bss           0xffffffff8000b02c        0x0 ../kernel/pic.o
 .bss           0xffffffff8000b02c        0x0 ../kernel/cpu.o
 .bss           0xffffffff8000b02c        0x0 ../kernel/tmpfs.o
 .bss           0xffffffff8000b02c        0x8 ../kernel/kernel.o
 *fill*         0xffffffff8000b034        0xc 
 .bss           0xffffffff8000b040       0x14 ../kernel/slab.o
 .bss           0xffffffff8000b054        0x0 ../fs/vfs.o
 .bss           0xffffffff8000b054        0x0 ../fs/ramfs.o

/DISCARD/
 *(.note .note.*)
OUTPUT(kernel.elf elf64-x86-64)

.debug_info     0x0000000000000000     0x7052
 .debug_info    0x0000000000000000      0x38c ../ACPI/acpi.o
 .debug_info    0x000000000000038c      0x20b ../kernel/spinlock.o
 .debug_info    0x0000000000000597       0xd5 ../kernel/panic.o
 .debug_info    0x000000000000066c      0x40d ../kernel/time.o
 .debug_info    0x0000000000000a79      0x5eb ../kernel/apic.o
 .debug_info    0x0000000000001064      0x3cf ../kernel/string.o
 .debug_info    0x0000000000001433      0x48e ../kernel/gdt.o
 .debug_info    0x00000000000018c1      0x25b ../kernel/interrupt.o
 .debug_info    0x0000000000001b1c      0x7fa ../kernel/kbd.o
 .debug_info    0x0000000000002316      0x109 ../kernel/io.o
 .debug_info    0x000000000000241f      0x4fe ../kernel/pmm.o
 .debug_info    0x000000000000291d      0x6b1 ../kernel/idt.o
 .debug_info    0x0000000000002fce      0x680 ../kernel/vmm.o
 .debug_info    0x000000000000364e      0x887 ../kernel/proc.o
 .debug_info    0x0000000000003ed5      0x27c ../kernel/pic.o
 .debug_info    0x0000000000004151      0x854 ../kernel/cpu.o
 .debug_info    0x00000000000049a5      0xbb6 ../kernel/kernel.o
 .debug_info    0x000000000000555b      0x5ec ../kernel/slab.o
 .debug_info    0x0000000000005b47      0x823 ../fs/vfs.o
 .debug_info    0x000000000000636a      0xc53 ../fs/ramfs.o
 .debug_info    0x0000000000006fbd       0x4c ./switch.o
 .debug_info    0x0000000000007009       0x49 ./isr.o

.debug_abbrev   0x0000000000000000     0x2432
 .debug_abbrev  0x0000000000000000      0x156 ../ACPI/acpi.o
 .debug_abbrev  0x0000000000000156      0x114 ../kernel/spinlock.o
 .debug_abbrev  0x000000000000026a       0x95 ../kernel/panic.o
 .debug_abbrev  0x00000000000002ff      0x1d1 ../kernel/time.o
 .debug_abbrev  0x00000000000004d0      0x1df ../kernel/apic.o
 .debug_abbrev  0x00000000000006af      0x12a ../kernel/string.o
 .debug_abbrev  0x00000000000007d9      0x222 ../kernel/gdt.o
 .debug_abbrev  0x00000000000009fb      0x19e ../kernel/interrupt.o
 .debug_abbrev  0x0000000000000b99      0x239 ../kernel/kbd.o
 .debug_abbrev  0x0000000000000dd2       0xa0 ../kernel/io.o
 .debug_abbrev  0x0000000000000e72      0x171 ../kernel/pmm.o
 .debug_abbrev  0x0000000000000fe3      0x284 ../kernel/idt.o
 .debug_abbrev  0x0000000000001267      0x1e1 ../kernel/vmm.o
 .debug_abbrev  0x0000000000001448      0x2a4 ../kernel/proc.o
 .debug_abbrev  0x00000000000016ec      0x146 ../kernel/pic.o
 .debug_abbrev  0x0000000000001832      0x266 ../kernel/cpu.o
 .debug_abbrev  0x0000000000001a98      0x2b2 ../kernel/kernel.o
 .debug_abbrev  0x0000000000001d4a      0x22e ../kernel/slab.o
 .debug_abbrev  0x0000000000001f78      0x1cd ../fs/vfs.o
 .debug_abbrev  0x0000000000002145      0x2b7 ../fs/ramfs.o
 .debug_abbrev  0x00000000000023fc       0x1b ./switch.o
 .debug_abbrev  0x0000000000002417       0x1b ./isr.o

.debug_aranges  0x0000000000000000      0x420
 .debug_aranges
                0x0000000000000000       0x30 ../ACPI/acpi.o
 .debug_aranges
                0x0000000000000030       0x30 ../kernel/spinlock.o
 .debug_aranges
                0x0000000000000060       0x30 ../kernel/panic.o
 .debug_aranges
                0x0000000000000090       0x30 ../kernel/time.o
 .debug_aranges
                0x00000000000000c0       0x30 ../kernel/apic.o
 .debug_aranges
                0x00000000000000f0       0x30 ../kernel/string.o
 .debug_aranges
                0x0000000000000120       0x30 ../kernel/gdt.o
 .debug_aranges
                0x0000000000000150       0x30 ../kernel/interrupt.o
 .debug_aranges
                0x0000000000000180       0x30 ../kernel/kbd.o
 .debug_aranges
                0x00000000000001b0       0x30 ../kernel/io.o
 .debug_aranges
                0x00000000000001e0       0x30 ../kernel/pmm.o
 .debug_aranges
                0x0000000000000210       0x30 ../kernel/idt.o
 .debug_aranges
                0x0000000000000240       0x30 ../kernel/vmm.o
 .debug_aranges
                0x0000000000000270       0x30 ../kernel/proc.o
 .debug_aranges
                0x00000000000002a0       0x30 ../kernel/pic.o
 .debug_aranges
                0x00000000000002d0       0x30 ../kernel/cpu.o
 .debug_aranges
                0x0000000000000300       0x30 ../kernel/kernel.o
 .debug_aranges
                0x0000000000000330       0x30 ../kernel/slab.o
 .debug_aranges
                0x0000000000000360       0x30 ../fs/vfs.o
 .debug_aranges
                0x0000000000000390       0x30 ../fs/ramfs.o
 .debug_aranges
                0x00000000000003c0       0x30 ./switch.o
 .debug_aranges
                0x00000000000003f0       0x30 ./isr.o

.debug_line     0x0000000000000000     0x274a
 .debug_line    0x0000000000000000      0x156 ../ACPI/acpi.o
 .debug_line    0x0000000000000156       0xee ../kernel/spinlock.o
 .debug_line    0x0000000000000244       0xb8 ../kernel/panic.o
 .debug_line    0x00000000000002fc      0x189 ../kernel/time.o
 .debug_line    0x0000000000000485      0x18d ../kernel/apic.o
 .debug_line    0x0000000000000612      0x24f ../kernel/string.o
 .debug_line    0x0000000000000861      0x1e7 ../kernel/gdt.o
 .debug_line    0x0000000000000a48      0x14a ../kernel/interrupt.o
 .debug_line    0x0000000000000b92      0x236 ../kernel/kbd.o
 .debug_line    0x0000000000000dc8       0x6b ../kernel/io.o
 .debug_line    0x0000000000000e33      0x345 ../kernel/pmm.o
 .debug_line    0x0000000000001178      0x1ef ../kernel/idt.o
 .debug_line    0x0000000000001367      0x3b7 ../kernel/vmm.o
 .debug_line    0x000000000000171e      0x240 ../kernel/proc.o
 .debug_line    0x000000000000195e      0x122 ../kernel/pic.o
 .debug_line    0x0000000000001a80      0x1a4 ../kernel/cpu.o
 .debug_line    0x0000000000001c24        0x0 ../kernel/tmpfs.o
 .debug_line    0x0000000000001c24      0x1fc ../kernel/kernel.o
 .debug_line    0x0000000000001e20      0x2be ../kernel/slab.o
 .debug_line    0x00000000000020de      0x27d ../fs/vfs.o
 .debug_line    0x000000000000235b      0x33c ../fs/ramfs.o
 .debug_line    0x0000000000002697       0x42 ./switch.o
 .debug_line    0x00000000000026d9       0x71 ./isr.o

.debug_str      0x0000000000000000     0x10f2
 .debug_str     0x0000000000000000      0x243 ../ACPI/acpi.o
                                        0x2aa (size before relaxing)
 .debug_str     0x0000000000000243      0x1c5 ../kernel/spinlock.o
                                        0x25a (size before relaxing)
 .debug_str     0x0000000000000408       0x18 ../kernel/panic.o
                                        0x1b8 (size before relaxing)
 .debug_str     0x0000000000000420       0x77 ../kernel/time.o
                                        0x2ab (size before relaxing)
 .debug_str     0x0000000000000497       0xb9 ../kernel/apic.o
                                        0x31f (size before relaxing)
 .debug_str     0x0000000000000550       0x6a ../kernel/string.o
                                        0x20e (size before relaxing)
 .debug_str     0x00000000000005ba       0xfe ../kernel/gdt.o
                                        0x2f7 (size before relaxing)
 .debug_str     0x00000000000006b8       0x36 ../kernel/interrupt.o
                                        0x20d (size before relaxing)
 .debug_str     0x00000000000006ee      0x22e ../kernel/kbd.o
                                        0x48f (size before relaxing)
 .debug_str     0x000000000000091c       0x23 ../kernel/io.o
                                        0x1ac (size before relaxing)
 .debug_str     0x000000000000093f       0xcb ../kernel/pmm.o
                                        0x2e9 (size before relaxing)
 .debug_str     0x0000000000000a0a       0x80 ../kernel/idt.o
                                        0x32e (size before relaxing)
 .debug_str     0x0000000000000a8a       0x88 ../kernel/vmm.o
                                        0x2a1 (size before relaxing)
 .debug_str     0x0000000000000b12       0x8a ../kernel/proc.o
                                        0x39b (size before relaxing)
 .debug_str     0x0000000000000b9c       0x37 ../kernel/pic.o
                                        0x202 (size before relaxing)
 .debug_str     0x0000000000000bd3      0x128 ../kernel/cpu.o
                                        0x469 (size before relaxing)
 .debug_str     0x0000000000000cfb       0x12 ../kernel/tmpfs.o
                                        0x133 (size before relaxing)
 .debug_str     0x0000000000000d0d      0x1b8 ../kernel/kernel.o
                                        0x60d (size before relaxing)
 .debug_str     0x0000000000000ec5       0x70 ../kernel/slab.o
                                        0x2a4 (size before relaxing)
 .debug_str     0x0000000000000f35       0x94 ../fs/vfs.o
                                        0x35d (size before relaxing)
 .debug_str     0x0000000000000fc9      0x129 ../fs/ramfs.o
                                        0x449 (size before relaxing)

.comment        0x0000000000000000       0x2b
 .comment       0x0000000000000000       0x2b ../ACPI/acpi.o
                                         0x2c (size before relaxing)
 .comment       0x000000000000002b       0x2c ../kernel/spinlock.o
 .comment       0x000000000000002b       0x2c ../kernel/panic.o
 .comment       0x000000000000002b       0x2c ../kernel/time.o
 .comment       0x000000000000002b       0x2c ../kernel/apic.o
 .comment       0x000000000000002b       0x2c ../kernel/string.o
 .comment       0x000000000000002b       0x2c ../kernel/gdt.o
 .comment       0x000000000000002b       0x2c ../kernel/interrupt.o
 .comment       0x000000000000002b       0x2c ../kernel/kbd.o
 .comment       0x000000000000002b       0x2c ../kernel/io.o
 .comment       0x000000000000002b       0x2c ../kernel/pmm.o
 .comment       0x000000000000002b       0x2c ../kernel/idt.o
 .comment       0x000000000000002b       0x2c ../kernel/vmm.o
 .comment       0x000000000000002b       0x2c ../kernel/proc.o
 .comment       0x000000000000002b       0x2c ../kernel/pic.o
 .comment       0x000000000000002b       0x2c ../kernel/cpu.o
 .comment       0x000000000000002b       0x2c ../kernel/tmpfs.o
 .comment       0x000000000000002b       0x2c ../kernel/kernel.o
 .comment       0x000000000000002b       0x2c ../kernel/slab.o
 .comment       0x000000000000002b       0x2c ../fs/vfs.o
 .comment       0x000000000000002b       0x2c ../fs/ramfs.o

.debug_pubnames
                0x0000000000000000       0x24
 .debug_pubnames
                0x0000000000000000       0x12 ./switch.o
 .debug_pubnames
                0x0000000000000012       0x12 ./isr.o

.debug_frame    0x0000000000000000        0xc
 .debug_frame   0x0000000000000000        0x4 ./switch.o
 *fill*         0x0000000000000004        0x4 
 .debug_frame   0x0000000000000008        0x4 ./isr.o

.debug_loc      0x0000000000000000       0x20
 .debug_loc     0x0000000000000000       0x10 ./switch.o
 .debug_loc     0x0000000000000010       0x10 ./isr.o
