
Merging program properties

Removed property 0xc0000002 to merge ../ACPI/acpi.o (0x3) and ./switch.o (not found)

Allocating common symbols
Common symbol       size              file

x                   0x4               ../kernel/spinlock.o
PML4E               0x8               ../kernel/gdt.o
vfslist             0x30              ../kernel/kernel.o
rootfs              0x8               ../kernel/kernel.o
bitmap              0x8               ../kernel/gdt.o
head                0x8               ../kernel/kernel.o
PIT_COUNTER         0x4               ../kernel/time.o
lapicc              0x8               ../ACPI/acpi.o
MAXPG               0x8               ../kernel/gdt.o
rsdt                0x8               ../ACPI/acpi.o
spinlock            0x4               ../kernel/spinlock.o
mountedlist         0x8               ../kernel/kernel.o
EOI                 0x8               ../kernel/time.o
NMI_LINT            0x1               ../kernel/time.o

Discarded input sections

 .note.GNU-stack
                0x0000000000000000        0x0 ../ACPI/acpi.o
 .note.gnu.property
                0x0000000000000000       0x20 ../ACPI/acpi.o
 .note.GNU-stack
                0x0000000000000000        0x0 ../kernel/spinlock.o
 .note.gnu.property
                0x0000000000000000       0x20 ../kernel/spinlock.o
 .note.GNU-stack
                0x0000000000000000        0x0 ../kernel/panic.o
 .note.gnu.property
                0x0000000000000000       0x20 ../kernel/panic.o
 .note.GNU-stack
                0x0000000000000000        0x0 ../kernel/time.o
 .note.gnu.property
                0x0000000000000000       0x20 ../kernel/time.o
 .note.GNU-stack
                0x0000000000000000        0x0 ../kernel/apic.o
 .note.gnu.property
                0x0000000000000000       0x20 ../kernel/apic.o
 .note.GNU-stack
                0x0000000000000000        0x0 ../kernel/string.o
 .note.gnu.property
                0x0000000000000000       0x20 ../kernel/string.o
 .note.GNU-stack
                0x0000000000000000        0x0 ../kernel/gdt.o
 .note.gnu.property
                0x0000000000000000       0x20 ../kernel/gdt.o
 .note.GNU-stack
                0x0000000000000000        0x0 ../kernel/interrupt.o
 .note.gnu.property
                0x0000000000000000       0x20 ../kernel/interrupt.o
 .note.GNU-stack
                0x0000000000000000        0x0 ../kernel/kbd.o
 .note.gnu.property
                0x0000000000000000       0x20 ../kernel/kbd.o
 .note.GNU-stack
                0x0000000000000000        0x0 ../kernel/io.o
 .note.gnu.property
                0x0000000000000000       0x20 ../kernel/io.o
 .note.GNU-stack
                0x0000000000000000        0x0 ../kernel/pmm.o
 .note.gnu.property
                0x0000000000000000       0x20 ../kernel/pmm.o
 .note.GNU-stack
                0x0000000000000000        0x0 ../kernel/idt.o
 .note.gnu.property
                0x0000000000000000       0x20 ../kernel/idt.o
 .note.GNU-stack
                0x0000000000000000        0x0 ../kernel/vmm.o
 .note.gnu.property
                0x0000000000000000       0x20 ../kernel/vmm.o
 .note.GNU-stack
                0x0000000000000000        0x0 ../kernel/proc.o
 .note.gnu.property
                0x0000000000000000       0x20 ../kernel/proc.o
 .note.GNU-stack
                0x0000000000000000        0x0 ../kernel/pic.o
 .note.gnu.property
                0x0000000000000000       0x20 ../kernel/pic.o
 .note.GNU-stack
                0x0000000000000000        0x0 ../kernel/cpu.o
 .note.gnu.property
                0x0000000000000000       0x20 ../kernel/cpu.o
 .note.GNU-stack
                0x0000000000000000        0x0 ../kernel/tmpfs.o
 .note.gnu.property
                0x0000000000000000       0x20 ../kernel/tmpfs.o
 .note.GNU-stack
                0x0000000000000000        0x0 ../kernel/kernel.o
 .note.gnu.property
                0x0000000000000000       0x20 ../kernel/kernel.o
 .note.GNU-stack
                0x0000000000000000        0x0 ../kernel/slab.o
 .note.gnu.property
                0x0000000000000000       0x20 ../kernel/slab.o
 .note.GNU-stack
                0x0000000000000000        0x0 ../fs/vfs.o
 .note.gnu.property
                0x0000000000000000       0x20 ../fs/vfs.o
 .note.GNU-stack
                0x0000000000000000        0x0 ../fs/ramfs.o
 .note.gnu.property
                0x0000000000000000       0x20 ../fs/ramfs.o

Memory Configuration

Name             Origin             Length             Attributes
*default*        0x0000000000000000 0xffffffffffffffff

Linker script and memory map

LOAD ../ACPI/acpi.o
LOAD ../kernel/spinlock.o
LOAD ../kernel/panic.o
LOAD ../kernel/time.o
LOAD ../kernel/apic.o
LOAD ../kernel/string.o
LOAD ../kernel/gdt.o
LOAD ../kernel/interrupt.o
LOAD ../kernel/kbd.o
LOAD ../kernel/io.o
LOAD ../kernel/pmm.o
LOAD ../kernel/idt.o
LOAD ../kernel/vmm.o
LOAD ../kernel/proc.o
LOAD ../kernel/pic.o
LOAD ../kernel/cpu.o
LOAD ../kernel/tmpfs.o
LOAD ../kernel/kernel.o
LOAD ../kernel/slab.o
LOAD ../fs/vfs.o
LOAD ../fs/ramfs.o
LOAD ./switch.o
LOAD ./isr.o
                0xffffffff80000000                . = 0xffffffff80000000

.text           0xffffffff80000000     0x3d92
 *(.text .text.*)
 .text          0xffffffff80000000      0x113 ../ACPI/acpi.o
                0xffffffff80000000                init_acpi
                0xffffffff80000096                get_acpi_sdt
 .text          0xffffffff80000113       0x77 ../kernel/spinlock.o
                0xffffffff80000113                acquire
                0xffffffff8000014a                release
                0xffffffff8000016d                init_lock
 .text          0xffffffff8000018a       0x21 ../kernel/panic.o
                0xffffffff8000018a                panic
 .text          0xffffffff800001ab      0x1cb ../kernel/time.o
                0xffffffff80000271                sleep
                0xffffffff800002af                configure_timer
                0xffffffff80000322                init_pit
 .text          0xffffffff80000376      0x221 ../kernel/apic.o
                0xffffffff80000376                walk_madt
                0xffffffff80000416                init_apic
                0xffffffff80000545                apic_timer
 .text          0xffffffff80000597      0x337 ../kernel/string.o
                0xffffffff80000597                strlen
                0xffffffff800005d3                strcmp
                0xffffffff80000657                strncmp
                0xffffffff800006b6                strcpy
                0xffffffff800006f9                strdup
                0xffffffff80000775                memcpy
                0xffffffff800007d0                memzero
                0xffffffff80000810                itoa
 .text          0xffffffff800008ce      0x33d ../kernel/gdt.o
                0xffffffff80000994                load_gdt
                0xffffffff800009a6                init_gdt
                0xffffffff80000ac7                init_tss
 .text          0xffffffff80000c0b      0x166 ../kernel/interrupt.o
                0xffffffff80000cd1                init_interrupt
                0xffffffff80000d48                timerh
 .text          0xffffffff80000d71      0x474 ../kernel/kbd.o
                0xffffffff80000e37                kbd_press
                0xffffffff80000ef2                print_char
                0xffffffff80000f41                init_kbd
                0xffffffff80000fc7                setconfb
                0xffffffff80001007                getconfb
                0xffffffff8000103b                getscancode
                0xffffffff8000108b                gettype
                0xffffffff800010db                testps2port
                0xffffffff80001146                testps2control
                0xffffffff80001195                disdev
                0xffffffff800011be                check_ps2
 .text          0xffffffff800011e5       0x4a ../kernel/io.o
                0xffffffff800011e5                write32
                0xffffffff80001210                read32
 .text          0xffffffff8000122f      0x519 ../kernel/pmm.o
                0xffffffff8000122f                togglepage
                0xffffffff80001285                isfree
                0xffffffff800012c6                palloc
                0xffffffff80001415                pallocaddr
                0xffffffff80001496                freepg
                0xffffffff800014f0                initbmap
                0xffffffff800015f4                setentry
                0xffffffff8000165c                getmemsz
                0xffffffff800016d1                getentry
 .text          0xffffffff80001748      0x29f ../kernel/idt.o
                0xffffffff8000180e                load_idt
                0xffffffff80001820                init_idt
                0xffffffff80001885                new_irq
                0xffffffff800018b4                set_idt_entry
                0xffffffff8000193f                trap
 .text          0xffffffff800019e7      0x7bc ../kernel/vmm.o
                0xffffffff800019e7                V2P
                0xffffffff80001a0a                P2V
                0xffffffff80001a2d                getpaddr
                0xffffffff80001a49                init_vmm
                0xffffffff80001a86                mappage
                0xffffffff80001bd3                unmappage
                0xffffffff80001c36                remappage
                0xffffffff80001e92                newentry
                0xffffffff80001f35                test
 .text          0xffffffff800021a3      0x3f4 ../kernel/proc.o
                0xffffffff80002269                init_plock
                0xffffffff8000227e                init_proc
                0xffffffff800022c6                acq
                0xffffffff800022e2                r
                0xffffffff800022fe                set_current_proc
                0xffffffff80002325                get_current_proc
                0xffffffff80002339                startproc
                0xffffffff80002388                allocproc
                0xffffffff800024a0                scheduler
 .text          0xffffffff80002597      0x1d9 ../kernel/pic.o
                0xffffffff8000265d                unmask_irq
                0xffffffff800026a8                pic_remap
 .text          0xffffffff80002770      0x190 ../kernel/cpu.o
                0xffffffff80002836                init_cpu
                0xffffffff80002867                cpu
 .text          0xffffffff80002900        0x0 ../kernel/tmpfs.o
 .text          0xffffffff80002900      0x2f6 ../kernel/kernel.o
                0xffffffff800029c6                print
                0xffffffff80002a38                kmain
                0xffffffff80002bb7                thread3
                0xffffffff80002bcc                thread2
                0xffffffff80002be1                thread1
 .text          0xffffffff80002bf6      0x5bc ../kernel/slab.o
                0xffffffff80002bf6                kalloc
                0xffffffff80002ccb                kfree
                0xffffffff80002f56                roundup
                0xffffffff80002f9e                test_slab
 .text          0xffffffff800031b2      0x3b7 ../fs/vfs.o
                0xffffffff800031b2                init_rootfs
                0xffffffff80003211                strsep
                0xffffffff8000329b                lookup
                0xffffffff800033a7                solve
                0xffffffff800033b2                vfs_mount
                0xffffffff80003502                getnewvnode
                0xffffffff80003544                vfs_root
 .text          0xffffffff80003569      0x60b ../fs/ramfs.o
                0xffffffff80003569                ramfs_t
                0xffffffff800036a7                ramfs_mount
                0xffffffff800036f9                testt
                0xffffffff80003704                ramfs_create
                0xffffffff80003739                ramfs_alloc_file
                0xffffffff8000389d                ramfs_alloc_dentry
                0xffffffff8000390a                ramfs_dir_attach
                0xffffffff8000393c                ramfs_root
                0xffffffff8000399f                ramfs_vget
                0xffffffff80003a63                ramfs_lookup
 *fill*         0xffffffff80003b74        0xc 
 .text          0xffffffff80003b80       0x1b ./switch.o
                0xffffffff80003b80                switc
 *fill*         0xffffffff80003b9b        0x5 
 .text          0xffffffff80003ba0      0x1f2 ./isr.o
                0xffffffff80003ba0                isr_timer
                0xffffffff80003ba4                isr_kbd
                0xffffffff80003ba8                isr_apic_timer
                0xffffffff80003bac                spurious
                0xffffffff80003bd4                ret
                0xffffffff80003c92                isr_table

.iplt           0xffffffff80003d92        0x0
 .iplt          0xffffffff80003d92        0x0 ../ACPI/acpi.o
                0xffffffff80004d92                . = (. + CONSTANT (MAXPAGESIZE))

.rodata         0xffffffff80004da0      0x2d0
 *(.rodata .rodata.*)
 .rodata        0xffffffff80004da0       0x13 ../kernel/apic.o
 .rodata        0xffffffff80004db3       0x29 ../kernel/kbd.o
 *fill*         0xffffffff80004ddc        0x4 
 .rodata        0xffffffff80004de0       0x5d ../kernel/pmm.o
 .rodata        0xffffffff80004e3d        0xd ../kernel/idt.o
 *fill*         0xffffffff80004e4a        0x6 
 .rodata        0xffffffff80004e50       0xc1 ../kernel/vmm.o
 *fill*         0xffffffff80004f11        0x7 
 .rodata        0xffffffff80004f18       0x4f ../kernel/kernel.o
 .rodata        0xffffffff80004f67       0x32 ../kernel/slab.o
 .rodata        0xffffffff80004f99       0x11 ../fs/vfs.o
 *fill*         0xffffffff80004faa       0x16 
 .rodata        0xffffffff80004fc0       0xb0 ../fs/ramfs.o
                0xffffffff80005040                ram_ops

.eh_frame       0xffffffff80005070     0x1460
 .eh_frame      0xffffffff80005070       0x58 ../ACPI/acpi.o
 .eh_frame      0xffffffff800050c8       0x60 ../kernel/spinlock.o
                                         0x78 (size before relaxing)
 .eh_frame      0xffffffff80005128       0x20 ../kernel/panic.o
                                         0x38 (size before relaxing)
 .eh_frame      0xffffffff80005148      0x120 ../kernel/time.o
                                        0x138 (size before relaxing)
 .eh_frame      0xffffffff80005268       0x80 ../kernel/apic.o
                                         0x98 (size before relaxing)
 .eh_frame      0xffffffff800052e8      0x100 ../kernel/string.o
                                        0x118 (size before relaxing)
 .eh_frame      0xffffffff800053e8      0x148 ../kernel/gdt.o
                                        0x160 (size before relaxing)
 .eh_frame      0xffffffff80005530      0x100 ../kernel/interrupt.o
                                        0x118 (size before relaxing)
 .eh_frame      0xffffffff80005630      0x220 ../kernel/kbd.o
                                        0x238 (size before relaxing)
 .eh_frame      0xffffffff80005850       0x40 ../kernel/io.o
                                         0x58 (size before relaxing)
 .eh_frame      0xffffffff80005890      0x120 ../kernel/pmm.o
                                        0x138 (size before relaxing)
 .eh_frame      0xffffffff800059b0      0x160 ../kernel/idt.o
                                        0x178 (size before relaxing)
 .eh_frame      0xffffffff80005b10      0x148 ../kernel/vmm.o
                                        0x160 (size before relaxing)
 .eh_frame      0xffffffff80005c58      0x200 ../kernel/proc.o
                                        0x218 (size before relaxing)
 .eh_frame      0xffffffff80005e58      0x100 ../kernel/pic.o
                                        0x118 (size before relaxing)
 .eh_frame      0xffffffff80005f58      0x100 ../kernel/cpu.o
                                        0x118 (size before relaxing)
 .eh_frame      0xffffffff80006058      0x158 ../kernel/kernel.o
                                        0x170 (size before relaxing)
 .eh_frame      0xffffffff800061b0       0xe0 ../kernel/slab.o
                                         0xf8 (size before relaxing)
 .eh_frame      0xffffffff80006290       0xe0 ../fs/vfs.o
                                         0xf8 (size before relaxing)
 .eh_frame      0xffffffff80006370      0x160 ../fs/ramfs.o
                                        0x178 (size before relaxing)

.rela.dyn       0xffffffff800064d0        0x0
 .rela.got      0xffffffff800064d0        0x0 ../ACPI/acpi.o
 .rela.iplt     0xffffffff800064d0        0x0 ../ACPI/acpi.o
 .rela.text     0xffffffff800064d0        0x0 ../ACPI/acpi.o
                0xffffffff800074d0                . = (. + CONSTANT (MAXPAGESIZE))

.data           0xffffffff800074e0      0x188
 *(.data .data.*)
 .data          0xffffffff800074e0       0x30 ../ACPI/acpi.o
 .data          0xffffffff80007510        0x0 ../kernel/spinlock.o
 .data          0xffffffff80007510        0x0 ../kernel/panic.o
 .data          0xffffffff80007510        0x0 ../kernel/time.o
 .data          0xffffffff80007510        0x0 ../kernel/apic.o
 .data          0xffffffff80007510        0x0 ../kernel/string.o
 .data          0xffffffff80007510        0x0 ../kernel/gdt.o
 .data          0xffffffff80007510        0x0 ../kernel/interrupt.o
 *fill*         0xffffffff80007510       0x10 
 .data          0xffffffff80007520       0x7f ../kernel/kbd.o
 .data          0xffffffff8000759f        0x0 ../kernel/io.o
 .data          0xffffffff8000759f        0x0 ../kernel/pmm.o
 .data          0xffffffff8000759f        0x0 ../kernel/idt.o
 .data          0xffffffff8000759f        0x0 ../kernel/vmm.o
 .data          0xffffffff8000759f        0x1 ../kernel/proc.o
 .data          0xffffffff800075a0        0x0 ../kernel/pic.o
 .data          0xffffffff800075a0       0x38 ../kernel/cpu.o
 .data          0xffffffff800075d8        0x0 ../kernel/tmpfs.o
 *fill*         0xffffffff800075d8        0x8 
 .data          0xffffffff800075e0       0x88 ../kernel/kernel.o
 .data          0xffffffff80007668        0x0 ../kernel/slab.o
 .data          0xffffffff80007668        0x0 ../fs/vfs.o
 .data          0xffffffff80007668        0x0 ../fs/ramfs.o

.got            0xffffffff80007668        0x0
 .got           0xffffffff80007668        0x0 ../ACPI/acpi.o

.got.plt        0xffffffff80007668        0x0
 .got.plt       0xffffffff80007668        0x0 ../ACPI/acpi.o

.igot.plt       0xffffffff80007668        0x0
 .igot.plt      0xffffffff80007668        0x0 ../ACPI/acpi.o

.bss            0xffffffff80007680     0x3114
 *(COMMON)
 COMMON         0xffffffff80007680       0x10 ../ACPI/acpi.o
                0xffffffff80007680                lapicc
                0xffffffff80007688                rsdt
 COMMON         0xffffffff80007690        0x8 ../kernel/spinlock.o
                0xffffffff80007690                x
                0xffffffff80007694                spinlock
 COMMON         0xffffffff80007698       0x11 ../kernel/time.o
                0xffffffff80007698                PIT_COUNTER
                0xffffffff800076a0                EOI
                0xffffffff800076a8                NMI_LINT
 *fill*         0xffffffff800076a9        0x7 
 COMMON         0xffffffff800076b0       0x18 ../kernel/gdt.o
                0xffffffff800076b0                PML4E
                0xffffffff800076b8                bitmap
                0xffffffff800076c0                MAXPG
 *fill*         0xffffffff800076c8       0x18 
 COMMON         0xffffffff800076e0       0x48 ../kernel/kernel.o
                0xffffffff800076e0                vfslist
                0xffffffff80007710                rootfs
                0xffffffff80007718                head
                0xffffffff80007720                mountedlist
 COMMON         0xffffffff80007728        0x0 ../fs/vfs.o
 *(.bss .bss.*)
 .bss           0xffffffff80007728        0x0 ../ACPI/acpi.o
 .bss           0xffffffff80007728        0x0 ../kernel/spinlock.o
 .bss           0xffffffff80007728        0x0 ../kernel/panic.o
 .bss           0xffffffff80007728        0x0 ../kernel/time.o
 .bss           0xffffffff80007728        0x8 ../kernel/apic.o
 .bss           0xffffffff80007730        0x0 ../kernel/string.o
 .bss           0xffffffff80007730       0x1a ../kernel/gdt.o
 .bss           0xffffffff8000774a        0x0 ../kernel/interrupt.o
 .bss           0xffffffff8000774a        0x2 ../kernel/kbd.o
 .bss           0xffffffff8000774c        0x0 ../kernel/io.o
 .bss           0xffffffff8000774c        0x0 ../kernel/pmm.o
 *fill*         0xffffffff8000774c        0x4 
 .bss           0xffffffff80007750     0x100a ../kernel/idt.o
 .bss           0xffffffff8000875a        0x0 ../kernel/vmm.o
 *fill*         0xffffffff8000875a        0x6 
 .bss           0xffffffff80008760     0x200c ../kernel/proc.o
 .bss           0xffffffff8000a76c        0x0 ../kernel/pic.o
 .bss           0xffffffff8000a76c        0x0 ../kernel/cpu.o
 .bss           0xffffffff8000a76c        0x0 ../kernel/tmpfs.o
 .bss           0xffffffff8000a76c        0x8 ../kernel/kernel.o
 *fill*         0xffffffff8000a774        0xc 
 .bss           0xffffffff8000a780       0x14 ../kernel/slab.o
 .bss           0xffffffff8000a794        0x0 ../fs/vfs.o
 .bss           0xffffffff8000a794        0x0 ../fs/ramfs.o

/DISCARD/
 *(.note .note.*)
OUTPUT(kernel.elf elf64-x86-64)

.debug_info     0x0000000000000000     0x6629
 .debug_info    0x0000000000000000      0x38c ../ACPI/acpi.o
 .debug_info    0x000000000000038c      0x19e ../kernel/spinlock.o
 .debug_info    0x000000000000052a       0xd5 ../kernel/panic.o
 .debug_info    0x00000000000005ff      0x40d ../kernel/time.o
 .debug_info    0x0000000000000a0c      0x5eb ../kernel/apic.o
 .debug_info    0x0000000000000ff7      0x392 ../kernel/string.o
 .debug_info    0x0000000000001389      0x48e ../kernel/gdt.o
 .debug_info    0x0000000000001817      0x25b ../kernel/interrupt.o
 .debug_info    0x0000000000001a72      0x7fa ../kernel/kbd.o
 .debug_info    0x000000000000226c      0x109 ../kernel/io.o
 .debug_info    0x0000000000002375      0x4fe ../kernel/pmm.o
 .debug_info    0x0000000000002873      0x6b1 ../kernel/idt.o
 .debug_info    0x0000000000002f24      0x680 ../kernel/vmm.o
 .debug_info    0x00000000000035a4      0x887 ../kernel/proc.o
 .debug_info    0x0000000000003e2b      0x27c ../kernel/pic.o
 .debug_info    0x00000000000040a7      0x614 ../kernel/cpu.o
 .debug_info    0x00000000000046bb      0xb5d ../kernel/kernel.o
 .debug_info    0x0000000000005218      0x5ec ../kernel/slab.o
 .debug_info    0x0000000000005804      0x4c2 ../fs/vfs.o
 .debug_info    0x0000000000005cc6      0x8ce ../fs/ramfs.o
 .debug_info    0x0000000000006594       0x4c ./switch.o
 .debug_info    0x00000000000065e0       0x49 ./isr.o

.debug_abbrev   0x0000000000000000     0x22d6
 .debug_abbrev  0x0000000000000000      0x156 ../ACPI/acpi.o
 .debug_abbrev  0x0000000000000156       0xda ../kernel/spinlock.o
 .debug_abbrev  0x0000000000000230       0x95 ../kernel/panic.o
 .debug_abbrev  0x00000000000002c5      0x1d1 ../kernel/time.o
 .debug_abbrev  0x0000000000000496      0x1df ../kernel/apic.o
 .debug_abbrev  0x0000000000000675      0x12a ../kernel/string.o
 .debug_abbrev  0x000000000000079f      0x222 ../kernel/gdt.o
 .debug_abbrev  0x00000000000009c1      0x19e ../kernel/interrupt.o
 .debug_abbrev  0x0000000000000b5f      0x239 ../kernel/kbd.o
 .debug_abbrev  0x0000000000000d98       0xa0 ../kernel/io.o
 .debug_abbrev  0x0000000000000e38      0x171 ../kernel/pmm.o
 .debug_abbrev  0x0000000000000fa9      0x284 ../kernel/idt.o
 .debug_abbrev  0x000000000000122d      0x1e1 ../kernel/vmm.o
 .debug_abbrev  0x000000000000140e      0x2a4 ../kernel/proc.o
 .debug_abbrev  0x00000000000016b2      0x146 ../kernel/pic.o
 .debug_abbrev  0x00000000000017f8      0x227 ../kernel/cpu.o
 .debug_abbrev  0x0000000000001a1f      0x2b2 ../kernel/kernel.o
 .debug_abbrev  0x0000000000001cd1      0x22e ../kernel/slab.o
 .debug_abbrev  0x0000000000001eff      0x185 ../fs/vfs.o
 .debug_abbrev  0x0000000000002084      0x21c ../fs/ramfs.o
 .debug_abbrev  0x00000000000022a0       0x1b ./switch.o
 .debug_abbrev  0x00000000000022bb       0x1b ./isr.o

.debug_aranges  0x0000000000000000      0x420
 .debug_aranges
                0x0000000000000000       0x30 ../ACPI/acpi.o
 .debug_aranges
                0x0000000000000030       0x30 ../kernel/spinlock.o
 .debug_aranges
                0x0000000000000060       0x30 ../kernel/panic.o
 .debug_aranges
                0x0000000000000090       0x30 ../kernel/time.o
 .debug_aranges
                0x00000000000000c0       0x30 ../kernel/apic.o
 .debug_aranges
                0x00000000000000f0       0x30 ../kernel/string.o
 .debug_aranges
                0x0000000000000120       0x30 ../kernel/gdt.o
 .debug_aranges
                0x0000000000000150       0x30 ../kernel/interrupt.o
 .debug_aranges
                0x0000000000000180       0x30 ../kernel/kbd.o
 .debug_aranges
                0x00000000000001b0       0x30 ../kernel/io.o
 .debug_aranges
                0x00000000000001e0       0x30 ../kernel/pmm.o
 .debug_aranges
                0x0000000000000210       0x30 ../kernel/idt.o
 .debug_aranges
                0x0000000000000240       0x30 ../kernel/vmm.o
 .debug_aranges
                0x0000000000000270       0x30 ../kernel/proc.o
 .debug_aranges
                0x00000000000002a0       0x30 ../kernel/pic.o
 .debug_aranges
                0x00000000000002d0       0x30 ../kernel/cpu.o
 .debug_aranges
                0x0000000000000300       0x30 ../kernel/kernel.o
 .debug_aranges
                0x0000000000000330       0x30 ../kernel/slab.o
 .debug_aranges
                0x0000000000000360       0x30 ../fs/vfs.o
 .debug_aranges
                0x0000000000000390       0x30 ../fs/ramfs.o
 .debug_aranges
                0x00000000000003c0       0x30 ./switch.o
 .debug_aranges
                0x00000000000003f0       0x30 ./isr.o

.debug_line     0x0000000000000000     0x25bb
 .debug_line    0x0000000000000000      0x156 ../ACPI/acpi.o
 .debug_line    0x0000000000000156       0xde ../kernel/spinlock.o
 .debug_line    0x0000000000000234       0xb8 ../kernel/panic.o
 .debug_line    0x00000000000002ec      0x189 ../kernel/time.o
 .debug_line    0x0000000000000475      0x18d ../kernel/apic.o
 .debug_line    0x0000000000000602      0x239 ../kernel/string.o
 .debug_line    0x000000000000083b      0x1e7 ../kernel/gdt.o
 .debug_line    0x0000000000000a22      0x14a ../kernel/interrupt.o
 .debug_line    0x0000000000000b6c      0x236 ../kernel/kbd.o
 .debug_line    0x0000000000000da2       0x6b ../kernel/io.o
 .debug_line    0x0000000000000e0d      0x345 ../kernel/pmm.o
 .debug_line    0x0000000000001152      0x1ef ../kernel/idt.o
 .debug_line    0x0000000000001341      0x3b7 ../kernel/vmm.o
 .debug_line    0x00000000000016f8      0x240 ../kernel/proc.o
 .debug_line    0x0000000000001938      0x122 ../kernel/pic.o
 .debug_line    0x0000000000001a5a      0x184 ../kernel/cpu.o
 .debug_line    0x0000000000001bde        0x0 ../kernel/tmpfs.o
 .debug_line    0x0000000000001bde      0x224 ../kernel/kernel.o
 .debug_line    0x0000000000001e02      0x2be ../kernel/slab.o
 .debug_line    0x00000000000020c0      0x208 ../fs/vfs.o
 .debug_line    0x00000000000022c8      0x240 ../fs/ramfs.o
 .debug_line    0x0000000000002508       0x42 ./switch.o
 .debug_line    0x000000000000254a       0x71 ./isr.o

.debug_str      0x0000000000000000     0x1067
 .debug_str     0x0000000000000000      0x243 ../ACPI/acpi.o
                                        0x2aa (size before relaxing)
 .debug_str     0x0000000000000243      0x1b4 ../kernel/spinlock.o
                                        0x241 (size before relaxing)
 .debug_str     0x00000000000003f7       0x18 ../kernel/panic.o
                                        0x1b8 (size before relaxing)
 .debug_str     0x000000000000040f       0x77 ../kernel/time.o
                                        0x2ab (size before relaxing)
 .debug_str     0x0000000000000486       0xb9 ../kernel/apic.o
                                        0x31f (size before relaxing)
 .debug_str     0x000000000000053f       0x63 ../kernel/string.o
                                        0x207 (size before relaxing)
 .debug_str     0x00000000000005a2       0xfe ../kernel/gdt.o
                                        0x2f7 (size before relaxing)
 .debug_str     0x00000000000006a0       0x36 ../kernel/interrupt.o
                                        0x20d (size before relaxing)
 .debug_str     0x00000000000006d6      0x22e ../kernel/kbd.o
                                        0x48f (size before relaxing)
 .debug_str     0x0000000000000904       0x23 ../kernel/io.o
                                        0x1ac (size before relaxing)
 .debug_str     0x0000000000000927       0xcb ../kernel/pmm.o
                                        0x2e9 (size before relaxing)
 .debug_str     0x00000000000009f2       0x80 ../kernel/idt.o
                                        0x32e (size before relaxing)
 .debug_str     0x0000000000000a72       0x88 ../kernel/vmm.o
                                        0x2a1 (size before relaxing)
 .debug_str     0x0000000000000afa       0x8a ../kernel/proc.o
                                        0x39b (size before relaxing)
 .debug_str     0x0000000000000b84       0x37 ../kernel/pic.o
                                        0x202 (size before relaxing)
 .debug_str     0x0000000000000bbb       0xad ../kernel/cpu.o
                                        0x39a (size before relaxing)
 .debug_str     0x0000000000000c68       0x12 ../kernel/tmpfs.o
                                        0x133 (size before relaxing)
 .debug_str     0x0000000000000c7a      0x239 ../kernel/kernel.o
                                        0x5f9 (size before relaxing)
 .debug_str     0x0000000000000eb3       0x76 ../kernel/slab.o
                                        0x2a4 (size before relaxing)
 .debug_str     0x0000000000000f29       0x63 ../fs/vfs.o
                                        0x2e4 (size before relaxing)
 .debug_str     0x0000000000000f8c       0xdb ../fs/ramfs.o
                                        0x39a (size before relaxing)

.comment        0x0000000000000000       0x2b
 .comment       0x0000000000000000       0x2b ../ACPI/acpi.o
                                         0x2c (size before relaxing)
 .comment       0x000000000000002b       0x2c ../kernel/spinlock.o
 .comment       0x000000000000002b       0x2c ../kernel/panic.o
 .comment       0x000000000000002b       0x2c ../kernel/time.o
 .comment       0x000000000000002b       0x2c ../kernel/apic.o
 .comment       0x000000000000002b       0x2c ../kernel/string.o
 .comment       0x000000000000002b       0x2c ../kernel/gdt.o
 .comment       0x000000000000002b       0x2c ../kernel/interrupt.o
 .comment       0x000000000000002b       0x2c ../kernel/kbd.o
 .comment       0x000000000000002b       0x2c ../kernel/io.o
 .comment       0x000000000000002b       0x2c ../kernel/pmm.o
 .comment       0x000000000000002b       0x2c ../kernel/idt.o
 .comment       0x000000000000002b       0x2c ../kernel/vmm.o
 .comment       0x000000000000002b       0x2c ../kernel/proc.o
 .comment       0x000000000000002b       0x2c ../kernel/pic.o
 .comment       0x000000000000002b       0x2c ../kernel/cpu.o
 .comment       0x000000000000002b       0x2c ../kernel/tmpfs.o
 .comment       0x000000000000002b       0x2c ../kernel/kernel.o
 .comment       0x000000000000002b       0x2c ../kernel/slab.o
 .comment       0x000000000000002b       0x2c ../fs/vfs.o
 .comment       0x000000000000002b       0x2c ../fs/ramfs.o

.debug_pubnames
                0x0000000000000000       0x24
 .debug_pubnames
                0x0000000000000000       0x12 ./switch.o
 .debug_pubnames
                0x0000000000000012       0x12 ./isr.o

.debug_frame    0x0000000000000000        0xc
 .debug_frame   0x0000000000000000        0x4 ./switch.o
 *fill*         0x0000000000000004        0x4 
 .debug_frame   0x0000000000000008        0x4 ./isr.o

.debug_loc      0x0000000000000000       0x20
 .debug_loc     0x0000000000000000       0x10 ./switch.o
 .debug_loc     0x0000000000000010       0x10 ./isr.o
