
Merging program properties

Removed property 0xc0000002 to merge ../kernel/acpi.o (0x3) and ./switch.o (not found)

Allocating common symbols
Common symbol       size              file

x                   0x4               ../kernel/spinlock.o
PML4E               0x8               ../kernel/gdt.o
vfslist             0x38              ../kernel/cpu.o
rootfs              0x8               ../fs/vfs.o
bitmap              0x8               ../kernel/gdt.o
head                0x8               ../kernel/cpu.o
PIT_COUNTER         0x4               ../kernel/time.o
lapicc              0x8               ../kernel/acpi.o
MAXPG               0x8               ../kernel/gdt.o
rsdt                0x8               ../kernel/acpi.o
rootvn              0x8               ../kernel/cpu.o
spinlock            0x4               ../kernel/spinlock.o
mountedlist         0x8               ../kernel/cpu.o
EOI                 0x8               ../kernel/time.o
NMI_LINT            0x1               ../kernel/time.o

Discarded input sections

 .note.GNU-stack
                0x0000000000000000        0x0 ../kernel/acpi.o
 .note.gnu.property
                0x0000000000000000       0x20 ../kernel/acpi.o
 .note.GNU-stack
                0x0000000000000000        0x0 ../kernel/spinlock.o
 .note.gnu.property
                0x0000000000000000       0x20 ../kernel/spinlock.o
 .note.GNU-stack
                0x0000000000000000        0x0 ../kernel/panic.o
 .note.gnu.property
                0x0000000000000000       0x20 ../kernel/panic.o
 .note.GNU-stack
                0x0000000000000000        0x0 ../kernel/time.o
 .note.gnu.property
                0x0000000000000000       0x20 ../kernel/time.o
 .note.GNU-stack
                0x0000000000000000        0x0 ../kernel/apic.o
 .note.gnu.property
                0x0000000000000000       0x20 ../kernel/apic.o
 .note.GNU-stack
                0x0000000000000000        0x0 ../kernel/string.o
 .note.gnu.property
                0x0000000000000000       0x20 ../kernel/string.o
 .note.GNU-stack
                0x0000000000000000        0x0 ../kernel/gdt.o
 .note.gnu.property
                0x0000000000000000       0x20 ../kernel/gdt.o
 .note.GNU-stack
                0x0000000000000000        0x0 ../kernel/interrupt.o
 .note.gnu.property
                0x0000000000000000       0x20 ../kernel/interrupt.o
 .note.GNU-stack
                0x0000000000000000        0x0 ../kernel/kbd.o
 .note.gnu.property
                0x0000000000000000       0x20 ../kernel/kbd.o
 .note.GNU-stack
                0x0000000000000000        0x0 ../kernel/io.o
 .note.gnu.property
                0x0000000000000000       0x20 ../kernel/io.o
 .note.GNU-stack
                0x0000000000000000        0x0 ../kernel/pmm.o
 .note.gnu.property
                0x0000000000000000       0x20 ../kernel/pmm.o
 .note.GNU-stack
                0x0000000000000000        0x0 ../kernel/idt.o
 .note.gnu.property
                0x0000000000000000       0x20 ../kernel/idt.o
 .note.GNU-stack
                0x0000000000000000        0x0 ../kernel/vmm.o
 .note.gnu.property
                0x0000000000000000       0x20 ../kernel/vmm.o
 .note.GNU-stack
                0x0000000000000000        0x0 ../kernel/proc.o
 .note.gnu.property
                0x0000000000000000       0x20 ../kernel/proc.o
 .note.GNU-stack
                0x0000000000000000        0x0 ../kernel/pic.o
 .note.gnu.property
                0x0000000000000000       0x20 ../kernel/pic.o
 .note.GNU-stack
                0x0000000000000000        0x0 ../kernel/cpu.o
 .note.gnu.property
                0x0000000000000000       0x20 ../kernel/cpu.o
 .note.GNU-stack
                0x0000000000000000        0x0 ../kernel/kernel.o
 .note.gnu.property
                0x0000000000000000       0x20 ../kernel/kernel.o
 .note.GNU-stack
                0x0000000000000000        0x0 ../kernel/slab.o
 .note.gnu.property
                0x0000000000000000       0x20 ../kernel/slab.o
 .note.GNU-stack
                0x0000000000000000        0x0 ../main.o
 .note.gnu.property
                0x0000000000000000       0x20 ../main.o
 .note.GNU-stack
                0x0000000000000000        0x0 ../fs/ramfs/ramfs_subr.o
 .note.gnu.property
                0x0000000000000000       0x20 ../fs/ramfs/ramfs_subr.o
 .note.GNU-stack
                0x0000000000000000        0x0 ../fs/ramfs/ramfs.o
 .note.gnu.property
                0x0000000000000000       0x20 ../fs/ramfs/ramfs.o
 .note.GNU-stack
                0x0000000000000000        0x0 ../fs/ramfs/initramfs.o
 .note.gnu.property
                0x0000000000000000       0x20 ../fs/ramfs/initramfs.o
 .note.GNU-stack
                0x0000000000000000        0x0 ../fs/vfs.o
 .note.gnu.property
                0x0000000000000000       0x20 ../fs/vfs.o

Memory Configuration

Name             Origin             Length             Attributes
*default*        0x0000000000000000 0xffffffffffffffff

Linker script and memory map

LOAD ../kernel/acpi.o
LOAD ../kernel/spinlock.o
LOAD ../kernel/panic.o
LOAD ../kernel/time.o
LOAD ../kernel/apic.o
LOAD ../kernel/string.o
LOAD ../kernel/gdt.o
LOAD ../kernel/interrupt.o
LOAD ../kernel/kbd.o
LOAD ../kernel/io.o
LOAD ../kernel/pmm.o
LOAD ../kernel/idt.o
LOAD ../kernel/vmm.o
LOAD ../kernel/proc.o
LOAD ../kernel/pic.o
LOAD ../kernel/cpu.o
LOAD ../kernel/kernel.o
LOAD ../kernel/slab.o
LOAD ../main.o
LOAD ../fs/ramfs/ramfs_subr.o
LOAD ../fs/ramfs/ramfs.o
LOAD ../fs/ramfs/initramfs.o
LOAD ../fs/vfs.o
LOAD ./switch.o
LOAD ./isr.o
                0xffffffff80000000                . = 0xffffffff80000000

.text           0xffffffff80000000     0x7062
 *(.text .text.*)
 .text          0xffffffff80000000      0x113 ../kernel/acpi.o
                0xffffffff80000000                init_acpi
                0xffffffff80000096                get_acpi_sdt
 .text          0xffffffff80000113       0xc0 ../kernel/spinlock.o
                0xffffffff80000113                acquire
                0xffffffff8000014a                release
                0xffffffff8000016d                trylock
                0xffffffff8000018b                init_lock
                0xffffffff800001a8                init_and_acquire
 .text          0xffffffff800001d3       0x21 ../kernel/panic.o
                0xffffffff800001d3                panic
 .text          0xffffffff800001f4      0x1cb ../kernel/time.o
                0xffffffff800002ba                sleep
                0xffffffff800002f8                configure_timer
                0xffffffff8000036b                init_pit
 .text          0xffffffff800003bf      0x221 ../kernel/apic.o
                0xffffffff800003bf                walk_madt
                0xffffffff8000045f                init_apic
                0xffffffff8000058e                apic_timer
 .text          0xffffffff800005e0      0x419 ../kernel/string.o
                0xffffffff800005e0                memcpy
                0xffffffff80000642                strlen
                0xffffffff8000067e                strcmp
                0xffffffff80000702                strncmp
                0xffffffff80000761                strchr
                0xffffffff800007a6                strcpy
                0xffffffff8000080f                strdup
                0xffffffff8000088b                strldup
                0xffffffff800008fb                memzero
                0xffffffff8000093b                itoa
 .text          0xffffffff800009f9      0x33d ../kernel/gdt.o
                0xffffffff80000abf                load_gdt
                0xffffffff80000ad1                init_gdt
                0xffffffff80000bf2                init_tss
 .text          0xffffffff80000d36      0x166 ../kernel/interrupt.o
                0xffffffff80000dfc                init_interrupt
                0xffffffff80000e73                timerh
 .text          0xffffffff80000e9c      0x474 ../kernel/kbd.o
                0xffffffff80000f62                kbd_press
                0xffffffff8000101d                print_char
                0xffffffff8000106c                init_kbd
                0xffffffff800010f2                setconfb
                0xffffffff80001132                getconfb
                0xffffffff80001166                getscancode
                0xffffffff800011b6                gettype
                0xffffffff80001206                testps2port
                0xffffffff80001271                testps2control
                0xffffffff800012c0                disdev
                0xffffffff800012e9                check_ps2
 .text          0xffffffff80001310       0x4a ../kernel/io.o
                0xffffffff80001310                write32
                0xffffffff8000133b                read32
 .text          0xffffffff8000135a      0x530 ../kernel/pmm.o
                0xffffffff800013e9                palloc
                0xffffffff80001538                pallocaddr
                0xffffffff800015b9                freepg
                0xffffffff80001632                initbmap
                0xffffffff80001736                setentry
                0xffffffff8000179e                getmemsz
                0xffffffff80001813                getentry
 .text          0xffffffff8000188a      0x29f ../kernel/idt.o
                0xffffffff80001950                load_idt
                0xffffffff80001962                init_idt
                0xffffffff800019c7                new_irq
                0xffffffff800019f6                set_idt_entry
                0xffffffff80001a81                trap
 .text          0xffffffff80001b29      0x7aa ../kernel/vmm.o
                0xffffffff80001b66                V2P
                0xffffffff80001b89                P2V
                0xffffffff80001bac                getpaddr
                0xffffffff80001bc8                init_vmm
                0xffffffff80001c0a                mappage
                0xffffffff80001d5b                unmappage
                0xffffffff80001dde                remappage
                0xffffffff8000203a                newentry
                0xffffffff800020e2                test
 .text          0xffffffff800022d3      0x44b ../kernel/proc.o
                0xffffffff80002399                init_plock
                0xffffffff800023ae                init_proc
                0xffffffff800023f6                acq
                0xffffffff80002412                r
                0xffffffff8000242e                set_current_proc
                0xffffffff80002455                get_current_proc
                0xffffffff80002469                exec
                0xffffffff800024c0                startproc
                0xffffffff8000250f                allocproc
                0xffffffff80002627                scheduler
 .text          0xffffffff8000271e      0x1d9 ../kernel/pic.o
                0xffffffff800027e4                unmask_irq
                0xffffffff8000282f                pic_remap
 .text          0xffffffff800028f7      0x18b ../kernel/cpu.o
                0xffffffff800029bd                init_cpu
                0xffffffff800029ee                cpu
 .text          0xffffffff80002a82      0x376 ../kernel/kernel.o
                0xffffffff80002b48                print
                0xffffffff80002bba                printl
                0xffffffff80002c20                kmain
                0xffffffff80002db9                thread3
                0xffffffff80002dce                thread2
                0xffffffff80002de3                thread1
 .text          0xffffffff80002df8      0x6e1 ../kernel/slab.o
                0xffffffff80002df8                kalloc
                0xffffffff80002ecd                kfree
                0xffffffff80003249                roundup
                0xffffffff80003291                test_slab
 .text          0xffffffff800034d9       0x23 ../main.o
                0xffffffff800034d9                main
 .text          0xffffffff800034fc      0x13c ../fs/ramfs/ramfs_subr.o
 .text          0xffffffff80003638     0x2269 ../fs/ramfs/ramfs.o
                0xffffffff80004aae                ramfs_t
 .text          0xffffffff800058a1      0x1ce ../fs/ramfs/initramfs.o
                0xffffffff80005907                initramfs
 .text          0xffffffff80005a6f     0x13d2 ../fs/vfs.o
                0xffffffff80005ae5                init_rootfs
                0xffffffff80005b50                init_rootvn
                0xffffffff80005b8e                namei
                0xffffffff80005d4a                lookup
                0xffffffff80006097                vfs_readdir
                0xffffffff8000611e                vfs_link
                0xffffffff8000622e                vfs_readlink_locked
                0xffffffff80006285                vfs_readlink
                0xffffffff800062fe                vfs_symlink
                0xffffffff800063b0                vfs_root
                0xffffffff80006400                vfs_mount
                0xffffffff800065dc                vfs_unmount
                0xffffffff8000672e                vfs_unlink
                0xffffffff80006843                vfs_read
                0xffffffff800068c3                vfs_write
                0xffffffff80006943                vfs_open
                0xffffffff80006a6e                vfs_create
                0xffffffff80006aa5                vfs_mkdir
                0xffffffff80006b91                vfs_rmdir
                0xffffffff80006cc4                vfs_close
                0xffffffff80006d7e                printdir
 *fill*         0xffffffff80006e41        0xf 
 .text          0xffffffff80006e50       0x1b ./switch.o
                0xffffffff80006e50                switc
 *fill*         0xffffffff80006e6b        0x5 
 .text          0xffffffff80006e70      0x1f2 ./isr.o
                0xffffffff80006e70                isr_timer
                0xffffffff80006e74                isr_kbd
                0xffffffff80006e78                isr_apic_timer
                0xffffffff80006e7c                spurious
                0xffffffff80006ea4                ret
                0xffffffff80006f62                isr_table

.iplt           0xffffffff80007062        0x0
 .iplt          0xffffffff80007062        0x0 ../kernel/acpi.o
                0xffffffff80008062                . = (. + CONSTANT (MAXPAGESIZE))

.rodata         0xffffffff80008080      0x695
 *(.rodata .rodata.*)
 .rodata        0xffffffff80008080       0x13 ../kernel/apic.o
 .rodata        0xffffffff80008093       0x29 ../kernel/kbd.o
 *fill*         0xffffffff800080bc        0x4 
 .rodata        0xffffffff800080c0       0x77 ../kernel/pmm.o
 .rodata        0xffffffff80008137        0xd ../kernel/idt.o
 *fill*         0xffffffff80008144        0x4 
 .rodata        0xffffffff80008148       0xe1 ../kernel/vmm.o
 *fill*         0xffffffff80008229        0x7 
 .rodata        0xffffffff80008230       0x54 ../kernel/kernel.o
 .rodata        0xffffffff80008284       0x25 ../kernel/slab.o
 *fill*         0xffffffff800082a9        0x7 
 .rodata        0xffffffff800082b0       0x22 ../fs/ramfs/ramfs_subr.o
 *fill*         0xffffffff800082d2        0xe 
 .rodata        0xffffffff800082e0      0x3ff ../fs/ramfs/ramfs.o
                0xffffffff80008420                ram_ops
 .rodata        0xffffffff800086df       0x2f ../fs/ramfs/initramfs.o
 .rodata        0xffffffff8000870e        0x7 ../fs/vfs.o

.eh_frame       0xffffffff80008718     0x1ad0
 .eh_frame      0xffffffff80008718       0x58 ../kernel/acpi.o
 .eh_frame      0xffffffff80008770       0xa0 ../kernel/spinlock.o
                                         0xb8 (size before relaxing)
 .eh_frame      0xffffffff80008810       0x20 ../kernel/panic.o
                                         0x38 (size before relaxing)
 .eh_frame      0xffffffff80008830      0x120 ../kernel/time.o
                                        0x138 (size before relaxing)
 .eh_frame      0xffffffff80008950       0x80 ../kernel/apic.o
                                         0x98 (size before relaxing)
 .eh_frame      0xffffffff800089d0      0x140 ../kernel/string.o
                                        0x158 (size before relaxing)
 .eh_frame      0xffffffff80008b10      0x148 ../kernel/gdt.o
                                        0x160 (size before relaxing)
 .eh_frame      0xffffffff80008c58      0x100 ../kernel/interrupt.o
                                        0x118 (size before relaxing)
 .eh_frame      0xffffffff80008d58      0x220 ../kernel/kbd.o
                                        0x238 (size before relaxing)
 .eh_frame      0xffffffff80008f78       0x40 ../kernel/io.o
                                         0x58 (size before relaxing)
 .eh_frame      0xffffffff80008fb8      0x120 ../kernel/pmm.o
                                        0x138 (size before relaxing)
 .eh_frame      0xffffffff800090d8      0x160 ../kernel/idt.o
                                        0x178 (size before relaxing)
 .eh_frame      0xffffffff80009238      0x168 ../kernel/vmm.o
                                        0x180 (size before relaxing)
 .eh_frame      0xffffffff800093a0      0x220 ../kernel/proc.o
                                        0x238 (size before relaxing)
 .eh_frame      0xffffffff800095c0      0x100 ../kernel/pic.o
                                        0x118 (size before relaxing)
 .eh_frame      0xffffffff800096c0      0x100 ../kernel/cpu.o
                                        0x118 (size before relaxing)
 .eh_frame      0xffffffff800097c0      0x178 ../kernel/kernel.o
                                        0x190 (size before relaxing)
 .eh_frame      0xffffffff80009938      0x128 ../kernel/slab.o
                                        0x140 (size before relaxing)
 .eh_frame      0xffffffff80009a60       0x20 ../main.o
                                         0x38 (size before relaxing)
 .eh_frame      0xffffffff80009a80       0x40 ../fs/ramfs/ramfs_subr.o
                                         0x58 (size before relaxing)
 .eh_frame      0xffffffff80009ac0      0x3e8 ../fs/ramfs/ramfs.o
                                        0x400 (size before relaxing)
 .eh_frame      0xffffffff80009ea8       0x40 ../fs/ramfs/initramfs.o
                                         0x58 (size before relaxing)
 .eh_frame      0xffffffff80009ee8      0x300 ../fs/vfs.o
                                        0x318 (size before relaxing)

.rela.dyn       0xffffffff8000a1e8        0x0
 .rela.got      0xffffffff8000a1e8        0x0 ../kernel/acpi.o
 .rela.iplt     0xffffffff8000a1e8        0x0 ../kernel/acpi.o
 .rela.text     0xffffffff8000a1e8        0x0 ../kernel/acpi.o
                0xffffffff8000b1e8                . = (. + CONSTANT (MAXPAGESIZE))

.data           0xffffffff8000b200      0x1d0
 *(.data .data.*)
 .data          0xffffffff8000b200       0x30 ../kernel/acpi.o
 .data          0xffffffff8000b230        0x0 ../kernel/spinlock.o
 .data          0xffffffff8000b230        0x0 ../kernel/panic.o
 .data          0xffffffff8000b230        0x0 ../kernel/time.o
 .data          0xffffffff8000b230        0x0 ../kernel/apic.o
 .data          0xffffffff8000b230        0x0 ../kernel/string.o
 .data          0xffffffff8000b230        0x0 ../kernel/gdt.o
 .data          0xffffffff8000b230        0x0 ../kernel/interrupt.o
 *fill*         0xffffffff8000b230       0x10 
 .data          0xffffffff8000b240       0x7f ../kernel/kbd.o
 .data          0xffffffff8000b2bf        0x0 ../kernel/io.o
 .data          0xffffffff8000b2bf        0x0 ../kernel/pmm.o
 .data          0xffffffff8000b2bf        0x0 ../kernel/idt.o
 .data          0xffffffff8000b2bf        0x0 ../kernel/vmm.o
 .data          0xffffffff8000b2bf        0x1 ../kernel/proc.o
 .data          0xffffffff8000b2c0        0x0 ../kernel/pic.o
 .data          0xffffffff8000b2c0       0x38 ../kernel/cpu.o
 *fill*         0xffffffff8000b2f8        0x8 
 .data          0xffffffff8000b300       0x88 ../kernel/kernel.o
 .data          0xffffffff8000b388        0x0 ../kernel/slab.o
 .data          0xffffffff8000b388        0x0 ../main.o
 .data          0xffffffff8000b388        0x0 ../fs/ramfs/ramfs_subr.o
 .data          0xffffffff8000b388        0x0 ../fs/ramfs/ramfs.o
 *fill*         0xffffffff8000b388       0x18 
 .data          0xffffffff8000b3a0       0x30 ../fs/ramfs/initramfs.o
 .data          0xffffffff8000b3d0        0x0 ../fs/vfs.o

.got            0xffffffff8000b3d0        0x0
 .got           0xffffffff8000b3d0        0x0 ../kernel/acpi.o

.got.plt        0xffffffff8000b3d0        0x0
 .got.plt       0xffffffff8000b3d0        0x0 ../kernel/acpi.o

.igot.plt       0xffffffff8000b3d0        0x0
 .igot.plt      0xffffffff8000b3d0        0x0 ../kernel/acpi.o

.bss            0xffffffff8000b3e0     0x3134
 *(COMMON)
 COMMON         0xffffffff8000b3e0       0x10 ../kernel/acpi.o
                0xffffffff8000b3e0                lapicc
                0xffffffff8000b3e8                rsdt
 COMMON         0xffffffff8000b3f0        0x8 ../kernel/spinlock.o
                0xffffffff8000b3f0                x
                0xffffffff8000b3f4                spinlock
 COMMON         0xffffffff8000b3f8       0x11 ../kernel/time.o
                0xffffffff8000b3f8                PIT_COUNTER
                0xffffffff8000b400                EOI
                0xffffffff8000b408                NMI_LINT
 *fill*         0xffffffff8000b409        0x7 
 COMMON         0xffffffff8000b410       0x18 ../kernel/gdt.o
                0xffffffff8000b410                PML4E
                0xffffffff8000b418                bitmap
                0xffffffff8000b420                MAXPG
 *fill*         0xffffffff8000b428       0x18 
 COMMON         0xffffffff8000b440       0x50 ../kernel/cpu.o
                0xffffffff8000b440                vfslist
                0xffffffff8000b478                head
                0xffffffff8000b480                rootvn
                0xffffffff8000b488                mountedlist
 COMMON         0xffffffff8000b490        0x8 ../fs/vfs.o
                0xffffffff8000b490                rootfs
 *(.bss .bss.*)
 .bss           0xffffffff8000b498        0x0 ../kernel/acpi.o
 .bss           0xffffffff8000b498        0x0 ../kernel/spinlock.o
 .bss           0xffffffff8000b498        0x0 ../kernel/panic.o
 .bss           0xffffffff8000b498        0x0 ../kernel/time.o
 .bss           0xffffffff8000b498        0x8 ../kernel/apic.o
 .bss           0xffffffff8000b4a0        0x0 ../kernel/string.o
 .bss           0xffffffff8000b4a0       0x1a ../kernel/gdt.o
 .bss           0xffffffff8000b4ba        0x0 ../kernel/interrupt.o
 .bss           0xffffffff8000b4ba        0x2 ../kernel/kbd.o
 .bss           0xffffffff8000b4bc        0x0 ../kernel/io.o
 .bss           0xffffffff8000b4bc        0x0 ../kernel/pmm.o
 *fill*         0xffffffff8000b4bc        0x4 
 .bss           0xffffffff8000b4c0     0x100a ../kernel/idt.o
 .bss           0xffffffff8000c4ca        0x0 ../kernel/vmm.o
 *fill*         0xffffffff8000c4ca       0x16 
 .bss           0xffffffff8000c4e0     0x200c ../kernel/proc.o
 .bss           0xffffffff8000e4ec        0x0 ../kernel/pic.o
 .bss           0xffffffff8000e4ec        0x0 ../kernel/cpu.o
 .bss           0xffffffff8000e4ec        0x8 ../kernel/kernel.o
 *fill*         0xffffffff8000e4f4        0xc 
 .bss           0xffffffff8000e500       0x14 ../kernel/slab.o
 .bss           0xffffffff8000e514        0x0 ../main.o
 .bss           0xffffffff8000e514        0x0 ../fs/ramfs/ramfs_subr.o
 .bss           0xffffffff8000e514        0x0 ../fs/ramfs/ramfs.o
 .bss           0xffffffff8000e514        0x0 ../fs/ramfs/initramfs.o
 .bss           0xffffffff8000e514        0x0 ../fs/vfs.o

/DISCARD/
 *(.note .note.*)
OUTPUT(kernel.elf elf64-x86-64)

.debug_info     0x0000000000000000     0x99c4
 .debug_info    0x0000000000000000      0x38c ../kernel/acpi.o
 .debug_info    0x000000000000038c      0x20b ../kernel/spinlock.o
 .debug_info    0x0000000000000597       0xd5 ../kernel/panic.o
 .debug_info    0x000000000000066c      0x40d ../kernel/time.o
 .debug_info    0x0000000000000a79      0x5d3 ../kernel/apic.o
 .debug_info    0x000000000000104c      0x455 ../kernel/string.o
 .debug_info    0x00000000000014a1      0x47a ../kernel/gdt.o
 .debug_info    0x000000000000191b      0x25b ../kernel/interrupt.o
 .debug_info    0x0000000000001b76      0x7fa ../kernel/kbd.o
 .debug_info    0x0000000000002370      0x109 ../kernel/io.o
 .debug_info    0x0000000000002479      0x522 ../kernel/pmm.o
 .debug_info    0x000000000000299b      0x6b1 ../kernel/idt.o
 .debug_info    0x000000000000304c      0x6a1 ../kernel/vmm.o
 .debug_info    0x00000000000036ed      0x926 ../kernel/proc.o
 .debug_info    0x0000000000004013      0x27c ../kernel/pic.o
 .debug_info    0x000000000000428f      0x8fe ../kernel/cpu.o
 .debug_info    0x0000000000004b8d      0xd42 ../kernel/kernel.o
 .debug_info    0x00000000000058cf      0x6a2 ../kernel/slab.o
 .debug_info    0x0000000000005f71       0x77 ../main.o
 .debug_info    0x0000000000005fe8      0x5b9 ../fs/ramfs/ramfs_subr.o
 .debug_info    0x00000000000065a1     0x1b4b ../fs/ramfs/ramfs.o
 .debug_info    0x00000000000080ec      0x85e ../fs/ramfs/initramfs.o
 .debug_info    0x000000000000894a      0xfe5 ../fs/vfs.o
 .debug_info    0x000000000000992f       0x4c ./switch.o
 .debug_info    0x000000000000997b       0x49 ./isr.o

.debug_abbrev   0x0000000000000000     0x29e8
 .debug_abbrev  0x0000000000000000      0x156 ../kernel/acpi.o
 .debug_abbrev  0x0000000000000156      0x114 ../kernel/spinlock.o
 .debug_abbrev  0x000000000000026a       0x95 ../kernel/panic.o
 .debug_abbrev  0x00000000000002ff      0x1d1 ../kernel/time.o
 .debug_abbrev  0x00000000000004d0      0x1df ../kernel/apic.o
 .debug_abbrev  0x00000000000006af      0x10e ../kernel/string.o
 .debug_abbrev  0x00000000000007bd      0x222 ../kernel/gdt.o
 .debug_abbrev  0x00000000000009df      0x19e ../kernel/interrupt.o
 .debug_abbrev  0x0000000000000b7d      0x239 ../kernel/kbd.o
 .debug_abbrev  0x0000000000000db6       0xa0 ../kernel/io.o
 .debug_abbrev  0x0000000000000e56      0x18d ../kernel/pmm.o
 .debug_abbrev  0x0000000000000fe3      0x284 ../kernel/idt.o
 .debug_abbrev  0x0000000000001267      0x1c7 ../kernel/vmm.o
 .debug_abbrev  0x000000000000142e      0x2c5 ../kernel/proc.o
 .debug_abbrev  0x00000000000016f3      0x146 ../kernel/pic.o
 .debug_abbrev  0x0000000000001839      0x266 ../kernel/cpu.o
 .debug_abbrev  0x0000000000001a9f      0x2bb ../kernel/kernel.o
 .debug_abbrev  0x0000000000001d5a      0x24a ../kernel/slab.o
 .debug_abbrev  0x0000000000001fa4       0x53 ../main.o
 .debug_abbrev  0x0000000000001ff7      0x1c7 ../fs/ramfs/ramfs_subr.o
 .debug_abbrev  0x00000000000021be      0x336 ../fs/ramfs/ramfs.o
 .debug_abbrev  0x00000000000024f4      0x208 ../fs/ramfs/initramfs.o
 .debug_abbrev  0x00000000000026fc      0x2b6 ../fs/vfs.o
 .debug_abbrev  0x00000000000029b2       0x1b ./switch.o
 .debug_abbrev  0x00000000000029cd       0x1b ./isr.o

.debug_aranges  0x0000000000000000      0x4b0
 .debug_aranges
                0x0000000000000000       0x30 ../kernel/acpi.o
 .debug_aranges
                0x0000000000000030       0x30 ../kernel/spinlock.o
 .debug_aranges
                0x0000000000000060       0x30 ../kernel/panic.o
 .debug_aranges
                0x0000000000000090       0x30 ../kernel/time.o
 .debug_aranges
                0x00000000000000c0       0x30 ../kernel/apic.o
 .debug_aranges
                0x00000000000000f0       0x30 ../kernel/string.o
 .debug_aranges
                0x0000000000000120       0x30 ../kernel/gdt.o
 .debug_aranges
                0x0000000000000150       0x30 ../kernel/interrupt.o
 .debug_aranges
                0x0000000000000180       0x30 ../kernel/kbd.o
 .debug_aranges
                0x00000000000001b0       0x30 ../kernel/io.o
 .debug_aranges
                0x00000000000001e0       0x30 ../kernel/pmm.o
 .debug_aranges
                0x0000000000000210       0x30 ../kernel/idt.o
 .debug_aranges
                0x0000000000000240       0x30 ../kernel/vmm.o
 .debug_aranges
                0x0000000000000270       0x30 ../kernel/proc.o
 .debug_aranges
                0x00000000000002a0       0x30 ../kernel/pic.o
 .debug_aranges
                0x00000000000002d0       0x30 ../kernel/cpu.o
 .debug_aranges
                0x0000000000000300       0x30 ../kernel/kernel.o
 .debug_aranges
                0x0000000000000330       0x30 ../kernel/slab.o
 .debug_aranges
                0x0000000000000360       0x30 ../main.o
 .debug_aranges
                0x0000000000000390       0x30 ../fs/ramfs/ramfs_subr.o
 .debug_aranges
                0x00000000000003c0       0x30 ../fs/ramfs/ramfs.o
 .debug_aranges
                0x00000000000003f0       0x30 ../fs/ramfs/initramfs.o
 .debug_aranges
                0x0000000000000420       0x30 ../fs/vfs.o
 .debug_aranges
                0x0000000000000450       0x30 ./switch.o
 .debug_aranges
                0x0000000000000480       0x30 ./isr.o

.debug_line     0x0000000000000000     0x37ab
 .debug_line    0x0000000000000000      0x158 ../kernel/acpi.o
 .debug_line    0x0000000000000158       0xec ../kernel/spinlock.o
 .debug_line    0x0000000000000244       0xb8 ../kernel/panic.o
 .debug_line    0x00000000000002fc      0x179 ../kernel/time.o
 .debug_line    0x0000000000000475      0x185 ../kernel/apic.o
 .debug_line    0x00000000000005fa      0x2aa ../kernel/string.o
 .debug_line    0x00000000000008a4      0x1d5 ../kernel/gdt.o
 .debug_line    0x0000000000000a79      0x13c ../kernel/interrupt.o
 .debug_line    0x0000000000000bb5      0x214 ../kernel/kbd.o
 .debug_line    0x0000000000000dc9       0x69 ../kernel/io.o
 .debug_line    0x0000000000000e32      0x33d ../kernel/pmm.o
 .debug_line    0x000000000000116f      0x1d9 ../kernel/idt.o
 .debug_line    0x0000000000001348      0x365 ../kernel/vmm.o
 .debug_line    0x00000000000016ad      0x24b ../kernel/proc.o
 .debug_line    0x00000000000018f8      0x114 ../kernel/pic.o
 .debug_line    0x0000000000001a0c      0x1b2 ../kernel/cpu.o
 .debug_line    0x0000000000001bbe      0x214 ../kernel/kernel.o
 .debug_line    0x0000000000001dd2      0x314 ../kernel/slab.o
 .debug_line    0x00000000000020e6       0x4c ../main.o
 .debug_line    0x0000000000002132      0x146 ../fs/ramfs/ramfs_subr.o
 .debug_line    0x0000000000002278      0xaa7 ../fs/ramfs/ramfs.o
 .debug_line    0x0000000000002d1f      0x195 ../fs/ramfs/initramfs.o
 .debug_line    0x0000000000002eb4      0x844 ../fs/vfs.o
 .debug_line    0x00000000000036f8       0x42 ./switch.o
 .debug_line    0x000000000000373a       0x71 ./isr.o

.debug_str      0x0000000000000000     0x1337
 .debug_str     0x0000000000000000      0x24e ../kernel/acpi.o
                                        0x2b5 (size before relaxing)
 .debug_str     0x000000000000024e       0xb7 ../kernel/spinlock.o
                                        0x25a (size before relaxing)
 .debug_str     0x0000000000000305       0x18 ../kernel/panic.o
                                        0x1b8 (size before relaxing)
 .debug_str     0x000000000000031d       0x77 ../kernel/time.o
                                        0x2ab (size before relaxing)
 .debug_str     0x0000000000000394       0xb2 ../kernel/apic.o
                                        0x318 (size before relaxing)
 .debug_str     0x0000000000000446       0x6b ../kernel/string.o
                                        0x216 (size before relaxing)
 .debug_str     0x00000000000004b1       0xea ../kernel/gdt.o
                                        0x2e3 (size before relaxing)
 .debug_str     0x000000000000059b       0x36 ../kernel/interrupt.o
                                        0x20d (size before relaxing)
 .debug_str     0x00000000000005d1      0x22e ../kernel/kbd.o
                                        0x48f (size before relaxing)
 .debug_str     0x00000000000007ff       0x23 ../kernel/io.o
                                        0x1ac (size before relaxing)
 .debug_str     0x0000000000000822       0xcb ../kernel/pmm.o
                                        0x2e9 (size before relaxing)
 .debug_str     0x00000000000008ed       0x80 ../kernel/idt.o
                                        0x32e (size before relaxing)
 .debug_str     0x000000000000096d       0x88 ../kernel/vmm.o
                                        0x2bf (size before relaxing)
 .debug_str     0x00000000000009f5       0xa7 ../kernel/proc.o
                                        0x3c9 (size before relaxing)
 .debug_str     0x0000000000000a9c       0x37 ../kernel/pic.o
                                        0x202 (size before relaxing)
 .debug_str     0x0000000000000ad3      0x12b ../kernel/cpu.o
                                        0x4b6 (size before relaxing)
 .debug_str     0x0000000000000bfe      0x1d5 ../kernel/kernel.o
                                        0x685 (size before relaxing)
 .debug_str     0x0000000000000dd3       0xac ../kernel/slab.o
                                        0x2e9 (size before relaxing)
 .debug_str     0x0000000000000e7f        0xa ../main.o
                                        0x139 (size before relaxing)
 .debug_str     0x0000000000000e89       0x6f ../fs/ramfs/ramfs_subr.o
                                        0x386 (size before relaxing)
 .debug_str     0x0000000000000ef8      0x27d ../fs/ramfs/ramfs.o
                                        0x640 (size before relaxing)
 .debug_str     0x0000000000001175      0x120 ../fs/ramfs/initramfs.o
                                        0x49f (size before relaxing)
 .debug_str     0x0000000000001295       0xa2 ../fs/vfs.o
                                        0x4bf (size before relaxing)

.comment        0x0000000000000000       0x2b
 .comment       0x0000000000000000       0x2b ../kernel/acpi.o
                                         0x2c (size before relaxing)
 .comment       0x000000000000002b       0x2c ../kernel/spinlock.o
 .comment       0x000000000000002b       0x2c ../kernel/panic.o
 .comment       0x000000000000002b       0x2c ../kernel/time.o
 .comment       0x000000000000002b       0x2c ../kernel/apic.o
 .comment       0x000000000000002b       0x2c ../kernel/string.o
 .comment       0x000000000000002b       0x2c ../kernel/gdt.o
 .comment       0x000000000000002b       0x2c ../kernel/interrupt.o
 .comment       0x000000000000002b       0x2c ../kernel/kbd.o
 .comment       0x000000000000002b       0x2c ../kernel/io.o
 .comment       0x000000000000002b       0x2c ../kernel/pmm.o
 .comment       0x000000000000002b       0x2c ../kernel/idt.o
 .comment       0x000000000000002b       0x2c ../kernel/vmm.o
 .comment       0x000000000000002b       0x2c ../kernel/proc.o
 .comment       0x000000000000002b       0x2c ../kernel/pic.o
 .comment       0x000000000000002b       0x2c ../kernel/cpu.o
 .comment       0x000000000000002b       0x2c ../kernel/kernel.o
 .comment       0x000000000000002b       0x2c ../kernel/slab.o
 .comment       0x000000000000002b       0x2c ../main.o
 .comment       0x000000000000002b       0x2c ../fs/ramfs/ramfs_subr.o
 .comment       0x000000000000002b       0x2c ../fs/ramfs/ramfs.o
 .comment       0x000000000000002b       0x2c ../fs/ramfs/initramfs.o
 .comment       0x000000000000002b       0x2c ../fs/vfs.o

.debug_ranges   0x0000000000000000       0x30
 .debug_ranges  0x0000000000000000       0x30 ../fs/vfs.o

.debug_pubnames
                0x0000000000000000       0x24
 .debug_pubnames
                0x0000000000000000       0x12 ./switch.o
 .debug_pubnames
                0x0000000000000012       0x12 ./isr.o

.debug_frame    0x0000000000000000        0xc
 .debug_frame   0x0000000000000000        0x4 ./switch.o
 *fill*         0x0000000000000004        0x4 
 .debug_frame   0x0000000000000008        0x4 ./isr.o

.debug_loc      0x0000000000000000       0x20
 .debug_loc     0x0000000000000000       0x10 ./switch.o
 .debug_loc     0x0000000000000010       0x10 ./isr.o
