
Merging program properties

Removed property 0xc0000002 to merge ../ACPI/acpi.o (0x3) and ./switch.o (not found)

Allocating common symbols
Common symbol       size              file

x                   0x4               ../kernel/spinlock.o
PML4E               0x8               ../kernel/gdt.o
vfslist             0x38              ../kernel/cpu.o
rootfs              0x8               ../fs/vfs.o
bitmap              0x8               ../kernel/gdt.o
head                0x8               ../kernel/cpu.o
PIT_COUNTER         0x4               ../kernel/time.o
lapicc              0x8               ../ACPI/acpi.o
MAXPG               0x8               ../kernel/gdt.o
rsdt                0x8               ../ACPI/acpi.o
rootvn              0x8               ../fs/vfs.o
spinlock            0x4               ../kernel/spinlock.o
mountedlist         0x8               ../kernel/cpu.o
EOI                 0x8               ../kernel/time.o
NMI_LINT            0x1               ../kernel/time.o

Discarded input sections

 .note.GNU-stack
                0x0000000000000000        0x0 ../ACPI/acpi.o
 .note.gnu.property
                0x0000000000000000       0x20 ../ACPI/acpi.o
 .note.GNU-stack
                0x0000000000000000        0x0 ../kernel/spinlock.o
 .note.gnu.property
                0x0000000000000000       0x20 ../kernel/spinlock.o
 .note.GNU-stack
                0x0000000000000000        0x0 ../kernel/panic.o
 .note.gnu.property
                0x0000000000000000       0x20 ../kernel/panic.o
 .note.GNU-stack
                0x0000000000000000        0x0 ../kernel/time.o
 .note.gnu.property
                0x0000000000000000       0x20 ../kernel/time.o
 .note.GNU-stack
                0x0000000000000000        0x0 ../kernel/apic.o
 .note.gnu.property
                0x0000000000000000       0x20 ../kernel/apic.o
 .note.GNU-stack
                0x0000000000000000        0x0 ../kernel/string.o
 .note.gnu.property
                0x0000000000000000       0x20 ../kernel/string.o
 .note.GNU-stack
                0x0000000000000000        0x0 ../kernel/gdt.o
 .note.gnu.property
                0x0000000000000000       0x20 ../kernel/gdt.o
 .note.GNU-stack
                0x0000000000000000        0x0 ../kernel/l.o
 .note.gnu.property
                0x0000000000000000       0x20 ../kernel/l.o
 .note.GNU-stack
                0x0000000000000000        0x0 ../kernel/interrupt.o
 .note.gnu.property
                0x0000000000000000       0x20 ../kernel/interrupt.o
 .note.GNU-stack
                0x0000000000000000        0x0 ../kernel/kbd.o
 .note.gnu.property
                0x0000000000000000       0x20 ../kernel/kbd.o
 .note.GNU-stack
                0x0000000000000000        0x0 ../kernel/io.o
 .note.gnu.property
                0x0000000000000000       0x20 ../kernel/io.o
 .note.GNU-stack
                0x0000000000000000        0x0 ../kernel/pmm.o
 .note.gnu.property
                0x0000000000000000       0x20 ../kernel/pmm.o
 .note.GNU-stack
                0x0000000000000000        0x0 ../kernel/idt.o
 .note.gnu.property
                0x0000000000000000       0x20 ../kernel/idt.o
 .note.GNU-stack
                0x0000000000000000        0x0 ../kernel/vmm.o
 .note.gnu.property
                0x0000000000000000       0x20 ../kernel/vmm.o
 .note.GNU-stack
                0x0000000000000000        0x0 ../kernel/proc.o
 .note.gnu.property
                0x0000000000000000       0x20 ../kernel/proc.o
 .note.GNU-stack
                0x0000000000000000        0x0 ../kernel/pic.o
 .note.gnu.property
                0x0000000000000000       0x20 ../kernel/pic.o
 .note.GNU-stack
                0x0000000000000000        0x0 ../kernel/cpu.o
 .note.gnu.property
                0x0000000000000000       0x20 ../kernel/cpu.o
 .note.GNU-stack
                0x0000000000000000        0x0 ../kernel/tmpfs.o
 .note.gnu.property
                0x0000000000000000       0x20 ../kernel/tmpfs.o
 .note.GNU-stack
                0x0000000000000000        0x0 ../kernel/kernel.o
 .note.gnu.property
                0x0000000000000000       0x20 ../kernel/kernel.o
 .note.GNU-stack
                0x0000000000000000        0x0 ../kernel/slab.o
 .note.gnu.property
                0x0000000000000000       0x20 ../kernel/slab.o
 .note.GNU-stack
                0x0000000000000000        0x0 ../ll.o
 .note.gnu.property
                0x0000000000000000       0x20 ../ll.o
 .note.GNU-stack
                0x0000000000000000        0x0 ../fs/vfs.o
 .note.gnu.property
                0x0000000000000000       0x20 ../fs/vfs.o
 .note.GNU-stack
                0x0000000000000000        0x0 ../fs/ramfs.o
 .note.gnu.property
                0x0000000000000000       0x20 ../fs/ramfs.o

Memory Configuration

Name             Origin             Length             Attributes
*default*        0x0000000000000000 0xffffffffffffffff

Linker script and memory map

LOAD ../ACPI/acpi.o
LOAD ../kernel/spinlock.o
LOAD ../kernel/panic.o
LOAD ../kernel/time.o
LOAD ../kernel/apic.o
LOAD ../kernel/string.o
LOAD ../kernel/gdt.o
LOAD ../kernel/l.o
LOAD ../kernel/interrupt.o
LOAD ../kernel/kbd.o
LOAD ../kernel/io.o
LOAD ../kernel/pmm.o
LOAD ../kernel/idt.o
LOAD ../kernel/vmm.o
LOAD ../kernel/proc.o
LOAD ../kernel/pic.o
LOAD ../kernel/cpu.o
LOAD ../kernel/tmpfs.o
LOAD ../kernel/kernel.o
LOAD ../kernel/slab.o
LOAD ../ll.o
LOAD ../fs/vfs.o
LOAD ../fs/ramfs.o
LOAD ./switch.o
LOAD ./isr.o
                0xffffffff80000000                . = 0xffffffff80000000

.text           0xffffffff80000000     0x6862
 *(.text .text.*)
 .text          0xffffffff80000000      0x113 ../ACPI/acpi.o
                0xffffffff80000000                init_acpi
                0xffffffff80000096                get_acpi_sdt
 .text          0xffffffff80000113       0xc0 ../kernel/spinlock.o
                0xffffffff80000113                acquire
                0xffffffff8000014a                release
                0xffffffff8000016d                trylock
                0xffffffff8000018b                init_lock
                0xffffffff800001a8                init_and_acquire
 .text          0xffffffff800001d3       0x21 ../kernel/panic.o
                0xffffffff800001d3                panic
 .text          0xffffffff800001f4      0x1cb ../kernel/time.o
                0xffffffff800002ba                sleep
                0xffffffff800002f8                configure_timer
                0xffffffff8000036b                init_pit
 .text          0xffffffff800003bf      0x221 ../kernel/apic.o
                0xffffffff800003bf                walk_madt
                0xffffffff8000045f                init_apic
                0xffffffff8000058e                apic_timer
 .text          0xffffffff800005e0      0x419 ../kernel/string.o
                0xffffffff800005e0                memcpy
                0xffffffff80000642                strlen
                0xffffffff8000067e                strcmp
                0xffffffff80000702                strncmp
                0xffffffff80000761                strchr
                0xffffffff800007a6                strcpy
                0xffffffff8000080f                strdup
                0xffffffff8000088b                strldup
                0xffffffff800008fb                memzero
                0xffffffff8000093b                itoa
 .text          0xffffffff800009f9      0x33d ../kernel/gdt.o
                0xffffffff80000abf                load_gdt
                0xffffffff80000ad1                init_gdt
                0xffffffff80000bf2                init_tss
 .text          0xffffffff80000d36        0x0 ../kernel/l.o
 .text          0xffffffff80000d36      0x166 ../kernel/interrupt.o
                0xffffffff80000dfc                init_interrupt
                0xffffffff80000e73                timerh
 .text          0xffffffff80000e9c      0x474 ../kernel/kbd.o
                0xffffffff80000f62                kbd_press
                0xffffffff8000101d                print_char
                0xffffffff8000106c                init_kbd
                0xffffffff800010f2                setconfb
                0xffffffff80001132                getconfb
                0xffffffff80001166                getscancode
                0xffffffff800011b6                gettype
                0xffffffff80001206                testps2port
                0xffffffff80001271                testps2control
                0xffffffff800012c0                disdev
                0xffffffff800012e9                check_ps2
 .text          0xffffffff80001310       0x4a ../kernel/io.o
                0xffffffff80001310                write32
                0xffffffff8000133b                read32
 .text          0xffffffff8000135a      0x530 ../kernel/pmm.o
                0xffffffff800013e9                palloc
                0xffffffff80001538                pallocaddr
                0xffffffff800015b9                freepg
                0xffffffff80001632                initbmap
                0xffffffff80001736                setentry
                0xffffffff8000179e                getmemsz
                0xffffffff80001813                getentry
 .text          0xffffffff8000188a      0x29f ../kernel/idt.o
                0xffffffff80001950                load_idt
                0xffffffff80001962                init_idt
                0xffffffff800019c7                new_irq
                0xffffffff800019f6                set_idt_entry
                0xffffffff80001a81                trap
 .text          0xffffffff80001b29      0x7a0 ../kernel/vmm.o
                0xffffffff80001b66                V2P
                0xffffffff80001b89                P2V
                0xffffffff80001bac                getpaddr
                0xffffffff80001bc8                init_vmm
                0xffffffff80001c05                mappage
                0xffffffff80001d56                unmappage
                0xffffffff80001dd9                remappage
                0xffffffff80002035                newentry
                0xffffffff800020d8                test
 .text          0xffffffff800022c9      0x3f4 ../kernel/proc.o
                0xffffffff8000238f                init_plock
                0xffffffff800023a4                init_proc
                0xffffffff800023ec                acq
                0xffffffff80002408                r
                0xffffffff80002424                set_current_proc
                0xffffffff8000244b                get_current_proc
                0xffffffff8000245f                startproc
                0xffffffff800024ae                allocproc
                0xffffffff800025c6                scheduler
 .text          0xffffffff800026bd      0x1d9 ../kernel/pic.o
                0xffffffff80002783                unmask_irq
                0xffffffff800027ce                pic_remap
 .text          0xffffffff80002896      0x190 ../kernel/cpu.o
                0xffffffff8000295c                init_cpu
                0xffffffff8000298d                cpu
 .text          0xffffffff80002a26        0x0 ../kernel/tmpfs.o
 .text          0xffffffff80002a26      0x2e3 ../kernel/kernel.o
                0xffffffff80002aec                print
                0xffffffff80002b5e                printl
                0xffffffff80002bc4                kmain
                0xffffffff80002cca                thread3
                0xffffffff80002cdf                thread2
                0xffffffff80002cf4                thread1
 .text          0xffffffff80002d09      0x6e1 ../kernel/slab.o
                0xffffffff80002d09                kalloc
                0xffffffff80002dde                kfree
                0xffffffff8000315a                roundup
                0xffffffff800031a2                test_slab
 .text          0xffffffff800033ea        0x0 ../ll.o
 .text          0xffffffff800033ea     0x13d7 ../fs/vfs.o
                0xffffffff80003470                init_rootfs
                0xffffffff800034db                init_rootvn
                0xffffffff80003519                namei
                0xffffffff800036d5                lookup
                0xffffffff80003a22                vfs_readdir
                0xffffffff80003aa9                vfs_link
                0xffffffff80003bb9                vfs_readlink_locked
                0xffffffff80003c10                vfs_readlink
                0xffffffff80003c89                vfs_symlink
                0xffffffff80003d3b                vfs_root
                0xffffffff80003d8b                vfs_mount
                0xffffffff80003f67                vfs_unmount
                0xffffffff800040b9                vfs_unlink
                0xffffffff800041ce                vfs_read
                0xffffffff8000424e                vfs_write
                0xffffffff800042ce                vfs_open
                0xffffffff800043f9                vfs_create
                0xffffffff80004430                vfs_mkdir
                0xffffffff80004507                vfs_rmdir
                0xffffffff80004644                vfs_close
                0xffffffff800046fe                printdir
 .text          0xffffffff800047c1     0x1e8f ../fs/ramfs.o
                0xffffffff80005b91                ramfs_t
 .text          0xffffffff80006650       0x1b ./switch.o
                0xffffffff80006650                switc
 *fill*         0xffffffff8000666b        0x5 
 .text          0xffffffff80006670      0x1f2 ./isr.o
                0xffffffff80006670                isr_timer
                0xffffffff80006674                isr_kbd
                0xffffffff80006678                isr_apic_timer
                0xffffffff8000667c                spurious
                0xffffffff800066a4                ret
                0xffffffff80006762                isr_table

.iplt           0xffffffff80006862        0x0
 .iplt          0xffffffff80006862        0x0 ../ACPI/acpi.o
                0xffffffff80007862                . = (. + CONSTANT (MAXPAGESIZE))

.rodata         0xffffffff80007880      0x5d0
 *(.rodata .rodata.*)
 .rodata        0xffffffff80007880       0x13 ../kernel/apic.o
 .rodata        0xffffffff80007893       0x29 ../kernel/kbd.o
 *fill*         0xffffffff800078bc        0x4 
 .rodata        0xffffffff800078c0       0x77 ../kernel/pmm.o
 .rodata        0xffffffff80007937        0xd ../kernel/idt.o
 *fill*         0xffffffff80007944        0x4 
 .rodata        0xffffffff80007948       0xe1 ../kernel/vmm.o
 *fill*         0xffffffff80007a29        0x7 
 .rodata        0xffffffff80007a30       0x47 ../kernel/kernel.o
 .rodata        0xffffffff80007a77       0x25 ../kernel/slab.o
 .rodata        0xffffffff80007a9c        0x7 ../fs/vfs.o
 *fill*         0xffffffff80007aa3       0x1d 
 .rodata        0xffffffff80007ac0      0x390 ../fs/ramfs.o
                0xffffffff80007c00                ram_ops

.eh_frame       0xffffffff80007e50     0x1a0c
 .eh_frame      0xffffffff80007e50       0x58 ../ACPI/acpi.o
 .eh_frame      0xffffffff80007ea8       0xa0 ../kernel/spinlock.o
                                         0xb8 (size before relaxing)
 .eh_frame      0xffffffff80007f48       0x20 ../kernel/panic.o
                                         0x38 (size before relaxing)
 .eh_frame      0xffffffff80007f68      0x120 ../kernel/time.o
                                        0x138 (size before relaxing)
 .eh_frame      0xffffffff80008088       0x80 ../kernel/apic.o
                                         0x98 (size before relaxing)
 .eh_frame      0xffffffff80008108      0x140 ../kernel/string.o
                                        0x158 (size before relaxing)
 .eh_frame      0xffffffff80008248      0x148 ../kernel/gdt.o
                                        0x160 (size before relaxing)
 .eh_frame      0xffffffff80008390      0x100 ../kernel/interrupt.o
                                        0x118 (size before relaxing)
 .eh_frame      0xffffffff80008490      0x220 ../kernel/kbd.o
                                        0x238 (size before relaxing)
 .eh_frame      0xffffffff800086b0       0x40 ../kernel/io.o
                                         0x58 (size before relaxing)
 .eh_frame      0xffffffff800086f0      0x120 ../kernel/pmm.o
                                        0x138 (size before relaxing)
 .eh_frame      0xffffffff80008810      0x160 ../kernel/idt.o
                                        0x178 (size before relaxing)
 .eh_frame      0xffffffff80008970      0x168 ../kernel/vmm.o
                                        0x180 (size before relaxing)
 .eh_frame      0xffffffff80008ad8      0x200 ../kernel/proc.o
                                        0x218 (size before relaxing)
 .eh_frame      0xffffffff80008cd8      0x100 ../kernel/pic.o
                                        0x118 (size before relaxing)
 .eh_frame      0xffffffff80008dd8      0x100 ../kernel/cpu.o
                                        0x118 (size before relaxing)
 .eh_frame      0xffffffff80008ed8      0x178 ../kernel/kernel.o
                                        0x190 (size before relaxing)
 .eh_frame      0xffffffff80009050      0x128 ../kernel/slab.o
                                        0x140 (size before relaxing)
 .eh_frame      0xffffffff80009178      0x300 ../fs/vfs.o
                                        0x318 (size before relaxing)
 .eh_frame      0xffffffff80009478      0x3e4 ../fs/ramfs.o
                                        0x400 (size before relaxing)

.rela.dyn       0xffffffff80009860        0x0
 .rela.got      0xffffffff80009860        0x0 ../ACPI/acpi.o
 .rela.iplt     0xffffffff80009860        0x0 ../ACPI/acpi.o
 .rela.text     0xffffffff80009860        0x0 ../ACPI/acpi.o
                0xffffffff8000a860                . = (. + CONSTANT (MAXPAGESIZE))

.data           0xffffffff8000a860      0x188
 *(.data .data.*)
 .data          0xffffffff8000a860       0x30 ../ACPI/acpi.o
 .data          0xffffffff8000a890        0x0 ../kernel/spinlock.o
 .data          0xffffffff8000a890        0x0 ../kernel/panic.o
 .data          0xffffffff8000a890        0x0 ../kernel/time.o
 .data          0xffffffff8000a890        0x0 ../kernel/apic.o
 .data          0xffffffff8000a890        0x0 ../kernel/string.o
 .data          0xffffffff8000a890        0x0 ../kernel/gdt.o
 .data          0xffffffff8000a890        0x0 ../kernel/l.o
 .data          0xffffffff8000a890        0x0 ../kernel/interrupt.o
 *fill*         0xffffffff8000a890       0x10 
 .data          0xffffffff8000a8a0       0x7f ../kernel/kbd.o
 .data          0xffffffff8000a91f        0x0 ../kernel/io.o
 .data          0xffffffff8000a91f        0x0 ../kernel/pmm.o
 .data          0xffffffff8000a91f        0x0 ../kernel/idt.o
 .data          0xffffffff8000a91f        0x0 ../kernel/vmm.o
 .data          0xffffffff8000a91f        0x1 ../kernel/proc.o
 .data          0xffffffff8000a920        0x0 ../kernel/pic.o
 .data          0xffffffff8000a920       0x38 ../kernel/cpu.o
 .data          0xffffffff8000a958        0x0 ../kernel/tmpfs.o
 *fill*         0xffffffff8000a958        0x8 
 .data          0xffffffff8000a960       0x88 ../kernel/kernel.o
 .data          0xffffffff8000a9e8        0x0 ../kernel/slab.o
 .data          0xffffffff8000a9e8        0x0 ../ll.o
 .data          0xffffffff8000a9e8        0x0 ../fs/vfs.o
 .data          0xffffffff8000a9e8        0x0 ../fs/ramfs.o

.got            0xffffffff8000a9e8        0x0
 .got           0xffffffff8000a9e8        0x0 ../ACPI/acpi.o

.got.plt        0xffffffff8000a9e8        0x0
 .got.plt       0xffffffff8000a9e8        0x0 ../ACPI/acpi.o

.igot.plt       0xffffffff8000a9e8        0x0
 .igot.plt      0xffffffff8000a9e8        0x0 ../ACPI/acpi.o

.bss            0xffffffff8000aa00     0x3134
 *(COMMON)
 COMMON         0xffffffff8000aa00       0x10 ../ACPI/acpi.o
                0xffffffff8000aa00                lapicc
                0xffffffff8000aa08                rsdt
 COMMON         0xffffffff8000aa10        0x8 ../kernel/spinlock.o
                0xffffffff8000aa10                x
                0xffffffff8000aa14                spinlock
 COMMON         0xffffffff8000aa18       0x11 ../kernel/time.o
                0xffffffff8000aa18                PIT_COUNTER
                0xffffffff8000aa20                EOI
                0xffffffff8000aa28                NMI_LINT
 *fill*         0xffffffff8000aa29        0x7 
 COMMON         0xffffffff8000aa30       0x18 ../kernel/gdt.o
                0xffffffff8000aa30                PML4E
                0xffffffff8000aa38                bitmap
                0xffffffff8000aa40                MAXPG
 *fill*         0xffffffff8000aa48       0x18 
 COMMON         0xffffffff8000aa60       0x48 ../kernel/cpu.o
                0xffffffff8000aa60                vfslist
                0xffffffff8000aa98                head
                0xffffffff8000aaa0                mountedlist
 COMMON         0xffffffff8000aaa8       0x10 ../fs/vfs.o
                0xffffffff8000aaa8                rootfs
                0xffffffff8000aab0                rootvn
 *(.bss .bss.*)
 .bss           0xffffffff8000aab8        0x0 ../ACPI/acpi.o
 .bss           0xffffffff8000aab8        0x0 ../kernel/spinlock.o
 .bss           0xffffffff8000aab8        0x0 ../kernel/panic.o
 .bss           0xffffffff8000aab8        0x0 ../kernel/time.o
 .bss           0xffffffff8000aab8        0x8 ../kernel/apic.o
 .bss           0xffffffff8000aac0        0x0 ../kernel/string.o
 .bss           0xffffffff8000aac0       0x1a ../kernel/gdt.o
 .bss           0xffffffff8000aada        0x0 ../kernel/l.o
 .bss           0xffffffff8000aada        0x0 ../kernel/interrupt.o
 .bss           0xffffffff8000aada        0x2 ../kernel/kbd.o
 .bss           0xffffffff8000aadc        0x0 ../kernel/io.o
 .bss           0xffffffff8000aadc        0x0 ../kernel/pmm.o
 *fill*         0xffffffff8000aadc        0x4 
 .bss           0xffffffff8000aae0     0x100a ../kernel/idt.o
 .bss           0xffffffff8000baea        0x0 ../kernel/vmm.o
 *fill*         0xffffffff8000baea       0x16 
 .bss           0xffffffff8000bb00     0x200c ../kernel/proc.o
 .bss           0xffffffff8000db0c        0x0 ../kernel/pic.o
 .bss           0xffffffff8000db0c        0x0 ../kernel/cpu.o
 .bss           0xffffffff8000db0c        0x0 ../kernel/tmpfs.o
 .bss           0xffffffff8000db0c        0x8 ../kernel/kernel.o
 *fill*         0xffffffff8000db14        0xc 
 .bss           0xffffffff8000db20       0x14 ../kernel/slab.o
 .bss           0xffffffff8000db34        0x0 ../ll.o
 .bss           0xffffffff8000db34        0x0 ../fs/vfs.o
 .bss           0xffffffff8000db34        0x0 ../fs/ramfs.o

/DISCARD/
 *(.note .note.*)
OUTPUT(kernel.elf elf64-x86-64)

.debug_info     0x0000000000000000     0x885c
 .debug_info    0x0000000000000000      0x38c ../ACPI/acpi.o
 .debug_info    0x000000000000038c      0x20b ../kernel/spinlock.o
 .debug_info    0x0000000000000597       0xd5 ../kernel/panic.o
 .debug_info    0x000000000000066c      0x40d ../kernel/time.o
 .debug_info    0x0000000000000a79      0x5eb ../kernel/apic.o
 .debug_info    0x0000000000001064      0x455 ../kernel/string.o
 .debug_info    0x00000000000014b9      0x48e ../kernel/gdt.o
 .debug_info    0x0000000000001947      0x25b ../kernel/interrupt.o
 .debug_info    0x0000000000001ba2      0x7fa ../kernel/kbd.o
 .debug_info    0x000000000000239c      0x109 ../kernel/io.o
 .debug_info    0x00000000000024a5      0x522 ../kernel/pmm.o
 .debug_info    0x00000000000029c7      0x6b1 ../kernel/idt.o
 .debug_info    0x0000000000003078      0x680 ../kernel/vmm.o
 .debug_info    0x00000000000036f8      0x887 ../kernel/proc.o
 .debug_info    0x0000000000003f7f      0x27c ../kernel/pic.o
 .debug_info    0x00000000000041fb      0x8e8 ../kernel/cpu.o
 .debug_info    0x0000000000004ae3      0xcb5 ../kernel/kernel.o
 .debug_info    0x0000000000005798      0x6a2 ../kernel/slab.o
 .debug_info    0x0000000000005e3a      0xfe5 ../fs/vfs.o
 .debug_info    0x0000000000006e1f     0x19a8 ../fs/ramfs.o
 .debug_info    0x00000000000087c7       0x4c ./switch.o
 .debug_info    0x0000000000008813       0x49 ./isr.o

.debug_abbrev   0x0000000000000000     0x25b6
 .debug_abbrev  0x0000000000000000      0x156 ../ACPI/acpi.o
 .debug_abbrev  0x0000000000000156      0x114 ../kernel/spinlock.o
 .debug_abbrev  0x000000000000026a       0x95 ../kernel/panic.o
 .debug_abbrev  0x00000000000002ff      0x1d1 ../kernel/time.o
 .debug_abbrev  0x00000000000004d0      0x1df ../kernel/apic.o
 .debug_abbrev  0x00000000000006af      0x10e ../kernel/string.o
 .debug_abbrev  0x00000000000007bd      0x222 ../kernel/gdt.o
 .debug_abbrev  0x00000000000009df      0x19e ../kernel/interrupt.o
 .debug_abbrev  0x0000000000000b7d      0x239 ../kernel/kbd.o
 .debug_abbrev  0x0000000000000db6       0xa0 ../kernel/io.o
 .debug_abbrev  0x0000000000000e56      0x18d ../kernel/pmm.o
 .debug_abbrev  0x0000000000000fe3      0x284 ../kernel/idt.o
 .debug_abbrev  0x0000000000001267      0x1e1 ../kernel/vmm.o
 .debug_abbrev  0x0000000000001448      0x2a4 ../kernel/proc.o
 .debug_abbrev  0x00000000000016ec      0x146 ../kernel/pic.o
 .debug_abbrev  0x0000000000001832      0x266 ../kernel/cpu.o
 .debug_abbrev  0x0000000000001a98      0x2b2 ../kernel/kernel.o
 .debug_abbrev  0x0000000000001d4a      0x24a ../kernel/slab.o
 .debug_abbrev  0x0000000000001f94      0x2b6 ../fs/vfs.o
 .debug_abbrev  0x000000000000224a      0x336 ../fs/ramfs.o
 .debug_abbrev  0x0000000000002580       0x1b ./switch.o
 .debug_abbrev  0x000000000000259b       0x1b ./isr.o

.debug_aranges  0x0000000000000000      0x420
 .debug_aranges
                0x0000000000000000       0x30 ../ACPI/acpi.o
 .debug_aranges
                0x0000000000000030       0x30 ../kernel/spinlock.o
 .debug_aranges
                0x0000000000000060       0x30 ../kernel/panic.o
 .debug_aranges
                0x0000000000000090       0x30 ../kernel/time.o
 .debug_aranges
                0x00000000000000c0       0x30 ../kernel/apic.o
 .debug_aranges
                0x00000000000000f0       0x30 ../kernel/string.o
 .debug_aranges
                0x0000000000000120       0x30 ../kernel/gdt.o
 .debug_aranges
                0x0000000000000150       0x30 ../kernel/interrupt.o
 .debug_aranges
                0x0000000000000180       0x30 ../kernel/kbd.o
 .debug_aranges
                0x00000000000001b0       0x30 ../kernel/io.o
 .debug_aranges
                0x00000000000001e0       0x30 ../kernel/pmm.o
 .debug_aranges
                0x0000000000000210       0x30 ../kernel/idt.o
 .debug_aranges
                0x0000000000000240       0x30 ../kernel/vmm.o
 .debug_aranges
                0x0000000000000270       0x30 ../kernel/proc.o
 .debug_aranges
                0x00000000000002a0       0x30 ../kernel/pic.o
 .debug_aranges
                0x00000000000002d0       0x30 ../kernel/cpu.o
 .debug_aranges
                0x0000000000000300       0x30 ../kernel/kernel.o
 .debug_aranges
                0x0000000000000330       0x30 ../kernel/slab.o
 .debug_aranges
                0x0000000000000360       0x30 ../fs/vfs.o
 .debug_aranges
                0x0000000000000390       0x30 ../fs/ramfs.o
 .debug_aranges
                0x00000000000003c0       0x30 ./switch.o
 .debug_aranges
                0x00000000000003f0       0x30 ./isr.o

.debug_line     0x0000000000000000     0x3430
 .debug_line    0x0000000000000000      0x156 ../ACPI/acpi.o
 .debug_line    0x0000000000000156       0xee ../kernel/spinlock.o
 .debug_line    0x0000000000000244       0xb8 ../kernel/panic.o
 .debug_line    0x00000000000002fc      0x189 ../kernel/time.o
 .debug_line    0x0000000000000485      0x18d ../kernel/apic.o
 .debug_line    0x0000000000000612      0x2b2 ../kernel/string.o
 .debug_line    0x00000000000008c4      0x1e7 ../kernel/gdt.o
 .debug_line    0x0000000000000aab        0x0 ../kernel/l.o
 .debug_line    0x0000000000000aab      0x14a ../kernel/interrupt.o
 .debug_line    0x0000000000000bf5      0x236 ../kernel/kbd.o
 .debug_line    0x0000000000000e2b       0x6b ../kernel/io.o
 .debug_line    0x0000000000000e96      0x34a ../kernel/pmm.o
 .debug_line    0x00000000000011e0      0x1ef ../kernel/idt.o
 .debug_line    0x00000000000013cf      0x377 ../kernel/vmm.o
 .debug_line    0x0000000000001746      0x240 ../kernel/proc.o
 .debug_line    0x0000000000001986      0x122 ../kernel/pic.o
 .debug_line    0x0000000000001aa8      0x1a4 ../kernel/cpu.o
 .debug_line    0x0000000000001c4c        0x0 ../kernel/tmpfs.o
 .debug_line    0x0000000000001c4c      0x219 ../kernel/kernel.o
 .debug_line    0x0000000000001e65      0x31a ../kernel/slab.o
 .debug_line    0x000000000000217f        0x0 ../ll.o
 .debug_line    0x000000000000217f      0x835 ../fs/vfs.o
 .debug_line    0x00000000000029b4      0x9c9 ../fs/ramfs.o
 .debug_line    0x000000000000337d       0x42 ./switch.o
 .debug_line    0x00000000000033bf       0x71 ./isr.o

.debug_str      0x0000000000000000     0x1224
 .debug_str     0x0000000000000000      0x24c ../ACPI/acpi.o
                                        0x2b3 (size before relaxing)
 .debug_str     0x000000000000024c       0xb7 ../kernel/spinlock.o
                                        0x25a (size before relaxing)
 .debug_str     0x0000000000000303       0x18 ../kernel/panic.o
                                        0x1b8 (size before relaxing)
 .debug_str     0x000000000000031b       0x77 ../kernel/time.o
                                        0x2ab (size before relaxing)
 .debug_str     0x0000000000000392       0xb9 ../kernel/apic.o
                                        0x31f (size before relaxing)
 .debug_str     0x000000000000044b       0x6b ../kernel/string.o
                                        0x216 (size before relaxing)
 .debug_str     0x00000000000004b6       0xfe ../kernel/gdt.o
                                        0x2f7 (size before relaxing)
 .debug_str     0x00000000000005b4        0xe ../kernel/l.o
                                        0x138 (size before relaxing)
 .debug_str     0x00000000000005c2       0x36 ../kernel/interrupt.o
                                        0x20d (size before relaxing)
 .debug_str     0x00000000000005f8      0x22e ../kernel/kbd.o
                                        0x48f (size before relaxing)
 .debug_str     0x0000000000000826       0x23 ../kernel/io.o
                                        0x1ac (size before relaxing)
 .debug_str     0x0000000000000849       0xcb ../kernel/pmm.o
                                        0x2e9 (size before relaxing)
 .debug_str     0x0000000000000914       0x80 ../kernel/idt.o
                                        0x32e (size before relaxing)
 .debug_str     0x0000000000000994       0x88 ../kernel/vmm.o
                                        0x2b7 (size before relaxing)
 .debug_str     0x0000000000000a1c       0x8a ../kernel/proc.o
                                        0x39b (size before relaxing)
 .debug_str     0x0000000000000aa6       0x37 ../kernel/pic.o
                                        0x202 (size before relaxing)
 .debug_str     0x0000000000000add      0x12b ../kernel/cpu.o
                                        0x4af (size before relaxing)
 .debug_str     0x0000000000000c08       0x12 ../kernel/tmpfs.o
                                        0x13c (size before relaxing)
 .debug_str     0x0000000000000c1a      0x1cb ../kernel/kernel.o
                                        0x65d (size before relaxing)
 .debug_str     0x0000000000000de5       0xac ../kernel/slab.o
                                        0x2e9 (size before relaxing)
 .debug_str     0x0000000000000e91        0x8 ../ll.o
                                        0x132 (size before relaxing)
 .debug_str     0x0000000000000e99      0x176 ../fs/vfs.o
                                        0x4bf (size before relaxing)
 .debug_str     0x000000000000100f      0x215 ../fs/ramfs.o
                                        0x62d (size before relaxing)

.comment        0x0000000000000000       0x2b
 .comment       0x0000000000000000       0x2b ../ACPI/acpi.o
                                         0x2c (size before relaxing)
 .comment       0x000000000000002b       0x2c ../kernel/spinlock.o
 .comment       0x000000000000002b       0x2c ../kernel/panic.o
 .comment       0x000000000000002b       0x2c ../kernel/time.o
 .comment       0x000000000000002b       0x2c ../kernel/apic.o
 .comment       0x000000000000002b       0x2c ../kernel/string.o
 .comment       0x000000000000002b       0x2c ../kernel/gdt.o
 .comment       0x000000000000002b       0x2c ../kernel/l.o
 .comment       0x000000000000002b       0x2c ../kernel/interrupt.o
 .comment       0x000000000000002b       0x2c ../kernel/kbd.o
 .comment       0x000000000000002b       0x2c ../kernel/io.o
 .comment       0x000000000000002b       0x2c ../kernel/pmm.o
 .comment       0x000000000000002b       0x2c ../kernel/idt.o
 .comment       0x000000000000002b       0x2c ../kernel/vmm.o
 .comment       0x000000000000002b       0x2c ../kernel/proc.o
 .comment       0x000000000000002b       0x2c ../kernel/pic.o
 .comment       0x000000000000002b       0x2c ../kernel/cpu.o
 .comment       0x000000000000002b       0x2c ../kernel/tmpfs.o
 .comment       0x000000000000002b       0x2c ../kernel/kernel.o
 .comment       0x000000000000002b       0x2c ../kernel/slab.o
 .comment       0x000000000000002b       0x2c ../ll.o
 .comment       0x000000000000002b       0x2c ../fs/vfs.o
 .comment       0x000000000000002b       0x2c ../fs/ramfs.o

.debug_ranges   0x0000000000000000       0x30
 .debug_ranges  0x0000000000000000       0x30 ../fs/vfs.o

.debug_pubnames
                0x0000000000000000       0x24
 .debug_pubnames
                0x0000000000000000       0x12 ./switch.o
 .debug_pubnames
                0x0000000000000012       0x12 ./isr.o

.debug_frame    0x0000000000000000        0xc
 .debug_frame   0x0000000000000000        0x4 ./switch.o
 *fill*         0x0000000000000004        0x4 
 .debug_frame   0x0000000000000008        0x4 ./isr.o

.debug_loc      0x0000000000000000       0x20
 .debug_loc     0x0000000000000000       0x10 ./switch.o
 .debug_loc     0x0000000000000010       0x10 ./isr.o
