
Merging program properties

Removed property 0xc0000002 to merge ../ACPI/acpi.o (0x3) and ./switch.o (not found)

Allocating common symbols
Common symbol       size              file

PML4E               0x8               ../kernel/gdt.o
bitmap              0x8               ../kernel/gdt.o
curproc             0x8               ../kernel/proc.o
PIT_COUNTER         0x4               ../kernel/time.o
lapicc              0x8               ../ACPI/acpi.o
MAXPG               0x8               ../kernel/gdt.o
rsdt                0x8               ../ACPI/acpi.o
spinlock            0x4               ../kernel/spinlock.o
ptable              0x17e8            ../kernel/proc.o
EOI                 0x8               ../kernel/time.o
NMI_LINT            0x1               ../kernel/time.o

Discarded input sections

 .note.GNU-stack
                0x0000000000000000        0x0 ../ACPI/acpi.o
 .note.gnu.property
                0x0000000000000000       0x20 ../ACPI/acpi.o
 .note.GNU-stack
                0x0000000000000000        0x0 ../kernel/spinlock.o
 .note.gnu.property
                0x0000000000000000       0x20 ../kernel/spinlock.o
 .note.GNU-stack
                0x0000000000000000        0x0 ../kernel/panic.o
 .note.gnu.property
                0x0000000000000000       0x20 ../kernel/panic.o
 .note.GNU-stack
                0x0000000000000000        0x0 ../kernel/time.o
 .note.gnu.property
                0x0000000000000000       0x20 ../kernel/time.o
 .note.GNU-stack
                0x0000000000000000        0x0 ../kernel/apic.o
 .note.gnu.property
                0x0000000000000000       0x20 ../kernel/apic.o
 .note.GNU-stack
                0x0000000000000000        0x0 ../kernel/string.o
 .note.gnu.property
                0x0000000000000000       0x20 ../kernel/string.o
 .note.GNU-stack
                0x0000000000000000        0x0 ../kernel/gdt.o
 .note.gnu.property
                0x0000000000000000       0x20 ../kernel/gdt.o
 .note.GNU-stack
                0x0000000000000000        0x0 ../kernel/interrupt.o
 .note.gnu.property
                0x0000000000000000       0x20 ../kernel/interrupt.o
 .note.GNU-stack
                0x0000000000000000        0x0 ../kernel/kbd.o
 .note.gnu.property
                0x0000000000000000       0x20 ../kernel/kbd.o
 .note.GNU-stack
                0x0000000000000000        0x0 ../kernel/io.o
 .note.gnu.property
                0x0000000000000000       0x20 ../kernel/io.o
 .note.GNU-stack
                0x0000000000000000        0x0 ../kernel/pmm.o
 .note.gnu.property
                0x0000000000000000       0x20 ../kernel/pmm.o
 .note.GNU-stack
                0x0000000000000000        0x0 ../kernel/idt.o
 .note.gnu.property
                0x0000000000000000       0x20 ../kernel/idt.o
 .note.GNU-stack
                0x0000000000000000        0x0 ../kernel/vmm.o
 .note.gnu.property
                0x0000000000000000       0x20 ../kernel/vmm.o
 .note.GNU-stack
                0x0000000000000000        0x0 ../kernel/proc.o
 .note.gnu.property
                0x0000000000000000       0x20 ../kernel/proc.o
 .note.GNU-stack
                0x0000000000000000        0x0 ../kernel/pic.o
 .note.gnu.property
                0x0000000000000000       0x20 ../kernel/pic.o
 .note.GNU-stack
                0x0000000000000000        0x0 ../kernel/cpu.o
 .note.gnu.property
                0x0000000000000000       0x20 ../kernel/cpu.o
 .note.GNU-stack
                0x0000000000000000        0x0 ../kernel/kernel.o
 .note.gnu.property
                0x0000000000000000       0x20 ../kernel/kernel.o

Memory Configuration

Name             Origin             Length             Attributes
*default*        0x0000000000000000 0xffffffffffffffff

Linker script and memory map

LOAD ../ACPI/acpi.o
LOAD ../kernel/spinlock.o
LOAD ../kernel/panic.o
LOAD ../kernel/time.o
LOAD ../kernel/apic.o
LOAD ../kernel/string.o
LOAD ../kernel/gdt.o
LOAD ../kernel/interrupt.o
LOAD ../kernel/kbd.o
LOAD ../kernel/io.o
LOAD ../kernel/pmm.o
LOAD ../kernel/idt.o
LOAD ../kernel/vmm.o
LOAD ../kernel/proc.o
LOAD ../kernel/pic.o
LOAD ../kernel/cpu.o
LOAD ../kernel/kernel.o
LOAD ./switch.o
LOAD ./isr.o
                0xffffffff80000000                . = 0xffffffff80000000

.text           0xffffffff80000000     0x2b22
 *(.text .text.*)
 .text          0xffffffff80000000      0x113 ../ACPI/acpi.o
                0xffffffff80000000                init_acpi
                0xffffffff80000096                get_acpi_sdt
 .text          0xffffffff80000113       0x80 ../kernel/spinlock.o
                0xffffffff80000113                acquire
                0xffffffff80000153                release
                0xffffffff80000176                init_lock
 .text          0xffffffff80000193       0x21 ../kernel/panic.o
                0xffffffff80000193                panic
 .text          0xffffffff800001b4      0x1df ../kernel/time.o
                0xffffffff8000028e                sleep
                0xffffffff800002cc                configure_timer
                0xffffffff8000033f                init_pit
 .text          0xffffffff80000393      0x202 ../kernel/apic.o
                0xffffffff80000393                walk_madt
                0xffffffff80000433                init_apic
                0xffffffff80000562                apic_timer
 .text          0xffffffff80000595      0x18b ../kernel/string.o
                0xffffffff80000595                strlen
                0xffffffff800005cf                memcpy
                0xffffffff80000626                memzero
                0xffffffff80000662                itoa
 .text          0xffffffff80000720      0x351 ../kernel/gdt.o
                0xffffffff800007fa                load_gdt
                0xffffffff8000080c                init_gdt
                0xffffffff8000092d                init_tss
 .text          0xffffffff80000a71      0x17a ../kernel/interrupt.o
                0xffffffff80000b4b                init_interrupt
                0xffffffff80000bc2                timerh
 .text          0xffffffff80000beb      0x48b ../kernel/kbd.o
                0xffffffff80000cc5                kbd_press
                0xffffffff80000d80                print_char
                0xffffffff80000dcf                init_kbd
                0xffffffff80000e55                setconfb
                0xffffffff80000e98                getconfb
                0xffffffff80000ecc                getscancode
                0xffffffff80000f1c                gettype
                0xffffffff80000f6c                testps2port
                0xffffffff80000fd7                testps2control
                0xffffffff80001026                disdev
                0xffffffff8000104f                check_ps2
 .text          0xffffffff80001076       0x4a ../kernel/io.o
                0xffffffff80001076                write32
                0xffffffff800010a1                read32
 .text          0xffffffff800010c0      0x522 ../kernel/pmm.o
                0xffffffff800010c0                togglepage
                0xffffffff80001116                isfree
                0xffffffff80001157                palloc
                0xffffffff800012ad                pallocaddr
                0xffffffff8000132b                freepg
                0xffffffff80001385                initbmap
                0xffffffff8000148e                setentry
                0xffffffff800014f6                getmemsz
                0xffffffff8000156b                getentry
 .text          0xffffffff800015e2      0x2c8 ../kernel/idt.o
                0xffffffff800016bc                load_idt
                0xffffffff800016ce                init_idt
                0xffffffff80001733                new_irq
                0xffffffff80001762                set_idt_entry
                0xffffffff800017ed                l
                0xffffffff800017f8                trap
 .text          0xffffffff800018aa      0x7c1 ../kernel/vmm.o
                0xffffffff800018aa                V2P
                0xffffffff800018cd                P2V
                0xffffffff800018f0                getpaddr
                0xffffffff8000190c                init_vmm
                0xffffffff80001949                mappage
                0xffffffff80001a96                unmappage
                0xffffffff80001b01                remappage
                0xffffffff80001d5a                newentry
                0xffffffff80001dfd                test
 .text          0xffffffff8000206b      0x2c7 ../kernel/proc.o
                0xffffffff80002145                set_current_proc
                0xffffffff80002171                get_current_proc
                0xffffffff800021b8                startproc
                0xffffffff80002209                allocproc
                0xffffffff80002289                scheduler
 .text          0xffffffff80002332      0x1fc ../kernel/pic.o
                0xffffffff8000240c                unmask_irq
                0xffffffff8000245a                pic_remap
 .text          0xffffffff8000252e      0x195 ../kernel/cpu.o
                0xffffffff80002608                init_cpu
                0xffffffff80002639                cpu
 .text          0xffffffff800026c3      0x24e ../kernel/kernel.o
                0xffffffff8000279d                print
                0xffffffff8000280f                kmain
                0xffffffff800028f0                thread3
                0xffffffff800028fb                thread2
                0xffffffff80002906                thread1
 *fill*         0xffffffff80002911        0xf 
 .text          0xffffffff80002920        0x9 ./switch.o
                0xffffffff80002920                switc
 *fill*         0xffffffff80002929        0x7 
 .text          0xffffffff80002930      0x1f2 ./isr.o
                0xffffffff80002930                isr_timer
                0xffffffff80002934                isr_kbd
                0xffffffff80002938                isr_apic_timer
                0xffffffff8000293c                spurious
                0xffffffff80002961                ret
                0xffffffff80002a22                isr_table

.iplt           0xffffffff80002b22        0x0
 .iplt          0xffffffff80002b22        0x0 ../ACPI/acpi.o
                0xffffffff80003b22                . = (. + CONSTANT (MAXPAGESIZE))

.rodata         0xffffffff80003b28      0x18d
 *(.rodata .rodata.*)
 .rodata        0xffffffff80003b28       0x13 ../kernel/apic.o
 .rodata        0xffffffff80003b3b       0x29 ../kernel/kbd.o
 *fill*         0xffffffff80003b64        0x4 
 .rodata        0xffffffff80003b68       0x5d ../kernel/pmm.o
 .rodata        0xffffffff80003bc5        0xd ../kernel/idt.o
 *fill*         0xffffffff80003bd2        0x6 
 .rodata        0xffffffff80003bd8       0xc1 ../kernel/vmm.o
 .rodata        0xffffffff80003c99       0x1c ../kernel/kernel.o

.eh_frame       0xffffffff80003cb8     0x103c
 .eh_frame      0xffffffff80003cb8       0x58 ../ACPI/acpi.o
 .eh_frame      0xffffffff80003d10       0x60 ../kernel/spinlock.o
                                         0x78 (size before relaxing)
 .eh_frame      0xffffffff80003d70       0x20 ../kernel/panic.o
                                         0x38 (size before relaxing)
 .eh_frame      0xffffffff80003d90      0x120 ../kernel/time.o
                                        0x138 (size before relaxing)
 .eh_frame      0xffffffff80003eb0       0x80 ../kernel/apic.o
                                         0x98 (size before relaxing)
 .eh_frame      0xffffffff80003f30       0x80 ../kernel/string.o
                                         0x98 (size before relaxing)
 .eh_frame      0xffffffff80003fb0      0x148 ../kernel/gdt.o
                                        0x160 (size before relaxing)
 .eh_frame      0xffffffff800040f8      0x100 ../kernel/interrupt.o
                                        0x118 (size before relaxing)
 .eh_frame      0xffffffff800041f8      0x220 ../kernel/kbd.o
                                        0x238 (size before relaxing)
 .eh_frame      0xffffffff80004418       0x40 ../kernel/io.o
                                         0x58 (size before relaxing)
 .eh_frame      0xffffffff80004458      0x120 ../kernel/pmm.o
                                        0x138 (size before relaxing)
 .eh_frame      0xffffffff80004578      0x180 ../kernel/idt.o
                                        0x198 (size before relaxing)
 .eh_frame      0xffffffff800046f8      0x148 ../kernel/vmm.o
                                        0x160 (size before relaxing)
 .eh_frame      0xffffffff80004840      0x160 ../kernel/proc.o
                                        0x178 (size before relaxing)
 .eh_frame      0xffffffff800049a0      0x100 ../kernel/pic.o
                                        0x118 (size before relaxing)
 .eh_frame      0xffffffff80004aa0      0x100 ../kernel/cpu.o
                                        0x118 (size before relaxing)
 .eh_frame      0xffffffff80004ba0      0x154 ../kernel/kernel.o
                                        0x170 (size before relaxing)

.rela.dyn       0xffffffff80004cf8        0x0
 .rela.got      0xffffffff80004cf8        0x0 ../ACPI/acpi.o
 .rela.iplt     0xffffffff80004cf8        0x0 ../ACPI/acpi.o
 .rela.text     0xffffffff80004cf8        0x0 ../ACPI/acpi.o
                0xffffffff80005cf8                . = (. + CONSTANT (MAXPAGESIZE))

.data           0xffffffff80005d00      0x170
 *(.data .data.*)
 .data          0xffffffff80005d00       0x30 ../ACPI/acpi.o
 .data          0xffffffff80005d30        0x0 ../kernel/spinlock.o
 .data          0xffffffff80005d30        0x0 ../kernel/panic.o
 .data          0xffffffff80005d30        0x0 ../kernel/time.o
 .data          0xffffffff80005d30        0x0 ../kernel/apic.o
 .data          0xffffffff80005d30        0x0 ../kernel/string.o
 .data          0xffffffff80005d30        0x0 ../kernel/gdt.o
 .data          0xffffffff80005d30        0x0 ../kernel/interrupt.o
 *fill*         0xffffffff80005d30       0x10 
 .data          0xffffffff80005d40       0x7f ../kernel/kbd.o
 .data          0xffffffff80005dbf        0x0 ../kernel/io.o
 .data          0xffffffff80005dbf        0x0 ../kernel/pmm.o
 .data          0xffffffff80005dbf        0x0 ../kernel/idt.o
 .data          0xffffffff80005dbf        0x0 ../kernel/vmm.o
 .data          0xffffffff80005dbf        0x1 ../kernel/proc.o
 .data          0xffffffff80005dc0        0x0 ../kernel/pic.o
 .data          0xffffffff80005dc0       0x38 ../kernel/cpu.o
 *fill*         0xffffffff80005df8        0x8 
 .data          0xffffffff80005e00       0x70 ../kernel/kernel.o

.got            0xffffffff80005e70        0x0
 .got           0xffffffff80005e70        0x0 ../ACPI/acpi.o

.got.plt        0xffffffff80005e70        0x0
 .got.plt       0xffffffff80005e70        0x0 ../ACPI/acpi.o

.igot.plt       0xffffffff80005e70        0x0
 .igot.plt      0xffffffff80005e70        0x0 ../ACPI/acpi.o

.bss            0xffffffff80005e80     0x28a0
 *(COMMON)
 COMMON         0xffffffff80005e80       0x10 ../ACPI/acpi.o
                0xffffffff80005e80                lapicc
                0xffffffff80005e88                rsdt
 COMMON         0xffffffff80005e90        0x4 ../kernel/spinlock.o
                0xffffffff80005e90                spinlock
 *fill*         0xffffffff80005e94        0x4 
 COMMON         0xffffffff80005e98       0x11 ../kernel/time.o
                0xffffffff80005e98                PIT_COUNTER
                0xffffffff80005ea0                EOI
                0xffffffff80005ea8                NMI_LINT
 *fill*         0xffffffff80005ea9        0x7 
 COMMON         0xffffffff80005eb0       0x18 ../kernel/gdt.o
                0xffffffff80005eb0                PML4E
                0xffffffff80005eb8                bitmap
                0xffffffff80005ec0                MAXPG
 *fill*         0xffffffff80005ec8       0x18 
 COMMON         0xffffffff80005ee0     0x1808 ../kernel/proc.o
                0xffffffff80005ee0                curproc
                0xffffffff80005f00                ptable
 *(.bss .bss.*)
 .bss           0xffffffff800076e8        0x0 ../ACPI/acpi.o
 .bss           0xffffffff800076e8        0x0 ../kernel/spinlock.o
 .bss           0xffffffff800076e8        0x0 ../kernel/panic.o
 .bss           0xffffffff800076e8        0x0 ../kernel/time.o
 .bss           0xffffffff800076e8        0x8 ../kernel/apic.o
 .bss           0xffffffff800076f0        0x0 ../kernel/string.o
 .bss           0xffffffff800076f0       0x1a ../kernel/gdt.o
 .bss           0xffffffff8000770a        0x0 ../kernel/interrupt.o
 .bss           0xffffffff8000770a        0x2 ../kernel/kbd.o
 .bss           0xffffffff8000770c        0x0 ../kernel/io.o
 .bss           0xffffffff8000770c        0x0 ../kernel/pmm.o
 *fill*         0xffffffff8000770c        0x4 
 .bss           0xffffffff80007710     0x100a ../kernel/idt.o
 .bss           0xffffffff8000871a        0x0 ../kernel/vmm.o
 *fill*         0xffffffff8000871a        0x2 
 .bss           0xffffffff8000871c        0x4 ../kernel/proc.o
 .bss           0xffffffff80008720        0x0 ../kernel/pic.o
 .bss           0xffffffff80008720        0x0 ../kernel/cpu.o
 .bss           0xffffffff80008720        0x0 ../kernel/kernel.o

/DISCARD/
 *(.note .note.*)
OUTPUT(kernel.elf elf64-x86-64)

.debug_info     0x0000000000000000     0x4bd4
 .debug_info    0x0000000000000000      0x38c ../ACPI/acpi.o
 .debug_info    0x000000000000038c      0x13e ../kernel/spinlock.o
 .debug_info    0x00000000000004ca       0xb5 ../kernel/panic.o
 .debug_info    0x000000000000057f      0x3ea ../kernel/time.o
 .debug_info    0x0000000000000969      0x535 ../kernel/apic.o
 .debug_info    0x0000000000000e9e      0x204 ../kernel/string.o
 .debug_info    0x00000000000010a2      0x46a ../kernel/gdt.o
 .debug_info    0x000000000000150c      0x23f ../kernel/interrupt.o
 .debug_info    0x000000000000174b      0x7ea ../kernel/kbd.o
 .debug_info    0x0000000000001f35       0xf5 ../kernel/io.o
 .debug_info    0x000000000000202a      0x507 ../kernel/pmm.o
 .debug_info    0x0000000000002531      0x6b0 ../kernel/idt.o
 .debug_info    0x0000000000002be1      0x6a6 ../kernel/vmm.o
 .debug_info    0x0000000000003287      0x688 ../kernel/proc.o
 .debug_info    0x000000000000390f      0x26c ../kernel/pic.o
 .debug_info    0x0000000000003b7b      0x5db ../kernel/cpu.o
 .debug_info    0x0000000000004156      0x9e9 ../kernel/kernel.o
 .debug_info    0x0000000000004b3f       0x4c ./switch.o
 .debug_info    0x0000000000004b8b       0x49 ./isr.o

.debug_abbrev   0x0000000000000000     0x1a43
 .debug_abbrev  0x0000000000000000      0x156 ../ACPI/acpi.o
 .debug_abbrev  0x0000000000000156       0xbe ../kernel/spinlock.o
 .debug_abbrev  0x0000000000000214       0x76 ../kernel/panic.o
 .debug_abbrev  0x000000000000028a      0x1b5 ../kernel/time.o
 .debug_abbrev  0x000000000000043f      0x1b7 ../kernel/apic.o
 .debug_abbrev  0x00000000000005f6       0xdb ../kernel/string.o
 .debug_abbrev  0x00000000000006d1      0x1f3 ../kernel/gdt.o
 .debug_abbrev  0x00000000000008c4      0x178 ../kernel/interrupt.o
 .debug_abbrev  0x0000000000000a3c      0x20a ../kernel/kbd.o
 .debug_abbrev  0x0000000000000c46       0x8d ../kernel/io.o
 .debug_abbrev  0x0000000000000cd3      0x15e ../kernel/pmm.o
 .debug_abbrev  0x0000000000000e31      0x29d ../kernel/idt.o
 .debug_abbrev  0x00000000000010ce      0x1c3 ../kernel/vmm.o
 .debug_abbrev  0x0000000000001291      0x200 ../kernel/proc.o
 .debug_abbrev  0x0000000000001491      0x120 ../kernel/pic.o
 .debug_abbrev  0x00000000000015b1      0x1f3 ../kernel/cpu.o
 .debug_abbrev  0x00000000000017a4      0x269 ../kernel/kernel.o
 .debug_abbrev  0x0000000000001a0d       0x1b ./switch.o
 .debug_abbrev  0x0000000000001a28       0x1b ./isr.o

.debug_aranges  0x0000000000000000      0x390
 .debug_aranges
                0x0000000000000000       0x30 ../ACPI/acpi.o
 .debug_aranges
                0x0000000000000030       0x30 ../kernel/spinlock.o
 .debug_aranges
                0x0000000000000060       0x30 ../kernel/panic.o
 .debug_aranges
                0x0000000000000090       0x30 ../kernel/time.o
 .debug_aranges
                0x00000000000000c0       0x30 ../kernel/apic.o
 .debug_aranges
                0x00000000000000f0       0x30 ../kernel/string.o
 .debug_aranges
                0x0000000000000120       0x30 ../kernel/gdt.o
 .debug_aranges
                0x0000000000000150       0x30 ../kernel/interrupt.o
 .debug_aranges
                0x0000000000000180       0x30 ../kernel/kbd.o
 .debug_aranges
                0x00000000000001b0       0x30 ../kernel/io.o
 .debug_aranges
                0x00000000000001e0       0x30 ../kernel/pmm.o
 .debug_aranges
                0x0000000000000210       0x30 ../kernel/idt.o
 .debug_aranges
                0x0000000000000240       0x30 ../kernel/vmm.o
 .debug_aranges
                0x0000000000000270       0x30 ../kernel/proc.o
 .debug_aranges
                0x00000000000002a0       0x30 ../kernel/pic.o
 .debug_aranges
                0x00000000000002d0       0x30 ../kernel/cpu.o
 .debug_aranges
                0x0000000000000300       0x30 ../kernel/kernel.o
 .debug_aranges
                0x0000000000000330       0x30 ./switch.o
 .debug_aranges
                0x0000000000000360       0x30 ./isr.o

.debug_line     0x0000000000000000     0x1c23
 .debug_line    0x0000000000000000      0x156 ../ACPI/acpi.o
 .debug_line    0x0000000000000156       0xd9 ../kernel/spinlock.o
 .debug_line    0x000000000000022f       0x64 ../kernel/panic.o
 .debug_line    0x0000000000000293      0x17a ../kernel/time.o
 .debug_line    0x000000000000040d      0x177 ../kernel/apic.o
 .debug_line    0x0000000000000584      0x135 ../kernel/string.o
 .debug_line    0x00000000000006b9      0x1d8 ../kernel/gdt.o
 .debug_line    0x0000000000000891      0x13b ../kernel/interrupt.o
 .debug_line    0x00000000000009cc      0x245 ../kernel/kbd.o
 .debug_line    0x0000000000000c11       0x59 ../kernel/io.o
 .debug_line    0x0000000000000c6a      0x336 ../kernel/pmm.o
 .debug_line    0x0000000000000fa0      0x1e7 ../kernel/idt.o
 .debug_line    0x0000000000001187      0x3a5 ../kernel/vmm.o
 .debug_line    0x000000000000152c      0x1d8 ../kernel/proc.o
 .debug_line    0x0000000000001704      0x121 ../kernel/pic.o
 .debug_line    0x0000000000001825      0x174 ../kernel/cpu.o
 .debug_line    0x0000000000001999      0x1d9 ../kernel/kernel.o
 .debug_line    0x0000000000001b72       0x40 ./switch.o
 .debug_line    0x0000000000001bb2       0x71 ./isr.o

.debug_str      0x0000000000000000      0xc45
 .debug_str     0x0000000000000000      0x25e ../ACPI/acpi.o
                                        0x2aa (size before relaxing)
 .debug_str     0x000000000000025e       0x42 ../kernel/spinlock.o
                                        0x1cf (size before relaxing)
 .debug_str     0x00000000000002a0        0xe ../kernel/panic.o
                                        0x19c (size before relaxing)
 .debug_str     0x00000000000002ae       0x6f ../kernel/time.o
                                        0x29a (size before relaxing)
 .debug_str     0x000000000000031d       0xb4 ../kernel/apic.o
                                        0x309 (size before relaxing)
 .debug_str     0x00000000000003d1       0x33 ../kernel/string.o
                                        0x1c0 (size before relaxing)
 .debug_str     0x0000000000000404       0xfe ../kernel/gdt.o
                                        0x2d9 (size before relaxing)
 .debug_str     0x0000000000000502       0x36 ../kernel/interrupt.o
                                        0x201 (size before relaxing)
 .debug_str     0x0000000000000538      0x22e ../kernel/kbd.o
                                        0x48b (size before relaxing)
 .debug_str     0x0000000000000766       0x23 ../kernel/io.o
                                        0x1a3 (size before relaxing)
 .debug_str     0x0000000000000789       0xd5 ../kernel/pmm.o
                                        0x2d2 (size before relaxing)
 .debug_str     0x000000000000085e       0x76 ../kernel/idt.o
                                        0x32c (size before relaxing)
 .debug_str     0x00000000000008d4       0x88 ../kernel/vmm.o
                                        0x28d (size before relaxing)
 .debug_str     0x000000000000095c       0x75 ../kernel/proc.o
                                        0x33b (size before relaxing)
 .debug_str     0x00000000000009d1       0x37 ../kernel/pic.o
                                        0x1fe (size before relaxing)
 .debug_str     0x0000000000000a08       0xad ../kernel/cpu.o
                                        0x36d (size before relaxing)
 .debug_str     0x0000000000000ab5      0x190 ../kernel/kernel.o
                                        0x550 (size before relaxing)

.comment        0x0000000000000000       0x2b
 .comment       0x0000000000000000       0x2b ../ACPI/acpi.o
                                         0x2c (size before relaxing)
 .comment       0x000000000000002b       0x2c ../kernel/spinlock.o
 .comment       0x000000000000002b       0x2c ../kernel/panic.o
 .comment       0x000000000000002b       0x2c ../kernel/time.o
 .comment       0x000000000000002b       0x2c ../kernel/apic.o
 .comment       0x000000000000002b       0x2c ../kernel/string.o
 .comment       0x000000000000002b       0x2c ../kernel/gdt.o
 .comment       0x000000000000002b       0x2c ../kernel/interrupt.o
 .comment       0x000000000000002b       0x2c ../kernel/kbd.o
 .comment       0x000000000000002b       0x2c ../kernel/io.o
 .comment       0x000000000000002b       0x2c ../kernel/pmm.o
 .comment       0x000000000000002b       0x2c ../kernel/idt.o
 .comment       0x000000000000002b       0x2c ../kernel/vmm.o
 .comment       0x000000000000002b       0x2c ../kernel/proc.o
 .comment       0x000000000000002b       0x2c ../kernel/pic.o
 .comment       0x000000000000002b       0x2c ../kernel/cpu.o
 .comment       0x000000000000002b       0x2c ../kernel/kernel.o

.debug_pubnames
                0x0000000000000000       0x24
 .debug_pubnames
                0x0000000000000000       0x12 ./switch.o
 .debug_pubnames
                0x0000000000000012       0x12 ./isr.o

.debug_frame    0x0000000000000000        0xc
 .debug_frame   0x0000000000000000        0x4 ./switch.o
 *fill*         0x0000000000000004        0x4 
 .debug_frame   0x0000000000000008        0x4 ./isr.o

.debug_loc      0x0000000000000000       0x20
 .debug_loc     0x0000000000000000       0x10 ./switch.o
 .debug_loc     0x0000000000000010       0x10 ./isr.o
