
Merging program properties

Removed property 0xc0000002 to merge ../ACPI/acpi.o (0x3) and ./switch.o (not found)

Allocating common symbols
Common symbol       size              file

x                   0x4               ../kernel/spinlock.o
PML4E               0x8               ../kernel/gdt.o
bitmap              0x8               ../kernel/gdt.o
PIT_COUNTER         0x4               ../kernel/time.o
lapicc              0x8               ../ACPI/acpi.o
MAXPG               0x8               ../kernel/gdt.o
rsdt                0x8               ../ACPI/acpi.o
spinlock            0x4               ../kernel/spinlock.o
EOI                 0x8               ../kernel/time.o
NMI_LINT            0x1               ../kernel/time.o

Discarded input sections

 .note.GNU-stack
                0x0000000000000000        0x0 ../ACPI/acpi.o
 .note.gnu.property
                0x0000000000000000       0x20 ../ACPI/acpi.o
 .note.GNU-stack
                0x0000000000000000        0x0 ../kernel/spinlock.o
 .note.gnu.property
                0x0000000000000000       0x20 ../kernel/spinlock.o
 .note.GNU-stack
                0x0000000000000000        0x0 ../kernel/panic.o
 .note.gnu.property
                0x0000000000000000       0x20 ../kernel/panic.o
 .note.GNU-stack
                0x0000000000000000        0x0 ../kernel/time.o
 .note.gnu.property
                0x0000000000000000       0x20 ../kernel/time.o
 .note.GNU-stack
                0x0000000000000000        0x0 ../kernel/apic.o
 .note.gnu.property
                0x0000000000000000       0x20 ../kernel/apic.o
 .note.GNU-stack
                0x0000000000000000        0x0 ../kernel/string.o
 .note.gnu.property
                0x0000000000000000       0x20 ../kernel/string.o
 .note.GNU-stack
                0x0000000000000000        0x0 ../kernel/gdt.o
 .note.gnu.property
                0x0000000000000000       0x20 ../kernel/gdt.o
 .note.GNU-stack
                0x0000000000000000        0x0 ../kernel/interrupt.o
 .note.gnu.property
                0x0000000000000000       0x20 ../kernel/interrupt.o
 .note.GNU-stack
                0x0000000000000000        0x0 ../kernel/kbd.o
 .note.gnu.property
                0x0000000000000000       0x20 ../kernel/kbd.o
 .note.GNU-stack
                0x0000000000000000        0x0 ../kernel/io.o
 .note.gnu.property
                0x0000000000000000       0x20 ../kernel/io.o
 .note.GNU-stack
                0x0000000000000000        0x0 ../kernel/pmm.o
 .note.gnu.property
                0x0000000000000000       0x20 ../kernel/pmm.o
 .note.GNU-stack
                0x0000000000000000        0x0 ../kernel/idt.o
 .note.gnu.property
                0x0000000000000000       0x20 ../kernel/idt.o
 .note.GNU-stack
                0x0000000000000000        0x0 ../kernel/vmm.o
 .note.gnu.property
                0x0000000000000000       0x20 ../kernel/vmm.o
 .note.GNU-stack
                0x0000000000000000        0x0 ../kernel/proc.o
 .note.gnu.property
                0x0000000000000000       0x20 ../kernel/proc.o
 .note.GNU-stack
                0x0000000000000000        0x0 ../kernel/pic.o
 .note.gnu.property
                0x0000000000000000       0x20 ../kernel/pic.o
 .note.GNU-stack
                0x0000000000000000        0x0 ../kernel/cpu.o
 .note.gnu.property
                0x0000000000000000       0x20 ../kernel/cpu.o
 .note.GNU-stack
                0x0000000000000000        0x0 ../kernel/tmpfs.o
 .note.gnu.property
                0x0000000000000000       0x20 ../kernel/tmpfs.o
 .note.GNU-stack
                0x0000000000000000        0x0 ../kernel/kernel.o
 .note.gnu.property
                0x0000000000000000       0x20 ../kernel/kernel.o
 .note.GNU-stack
                0x0000000000000000        0x0 ../kernel/slab.o
 .note.gnu.property
                0x0000000000000000       0x20 ../kernel/slab.o
 .note.GNU-stack
                0x0000000000000000        0x0 ../fs/vfs.o
 .note.gnu.property
                0x0000000000000000       0x20 ../fs/vfs.o
 .note.GNU-stack
                0x0000000000000000        0x0 ../fs/ramfs.o
 .note.gnu.property
                0x0000000000000000       0x20 ../fs/ramfs.o

Memory Configuration

Name             Origin             Length             Attributes
*default*        0x0000000000000000 0xffffffffffffffff

Linker script and memory map

LOAD ../ACPI/acpi.o
LOAD ../kernel/spinlock.o
LOAD ../kernel/panic.o
LOAD ../kernel/time.o
LOAD ../kernel/apic.o
LOAD ../kernel/string.o
LOAD ../kernel/gdt.o
LOAD ../kernel/interrupt.o
LOAD ../kernel/kbd.o
LOAD ../kernel/io.o
LOAD ../kernel/pmm.o
LOAD ../kernel/idt.o
LOAD ../kernel/vmm.o
LOAD ../kernel/proc.o
LOAD ../kernel/pic.o
LOAD ../kernel/cpu.o
LOAD ../kernel/tmpfs.o
LOAD ../kernel/kernel.o
LOAD ../kernel/slab.o
LOAD ../fs/vfs.o
LOAD ../fs/ramfs.o
LOAD ./switch.o
LOAD ./isr.o
                0xffffffff80000000                . = 0xffffffff80000000

.text           0xffffffff80000000     0x2f72
 *(.text .text.*)
 .text          0xffffffff80000000      0x113 ../ACPI/acpi.o
                0xffffffff80000000                init_acpi
                0xffffffff80000096                get_acpi_sdt
 .text          0xffffffff80000113       0x77 ../kernel/spinlock.o
                0xffffffff80000113                acquire
                0xffffffff8000014a                release
                0xffffffff8000016d                init_lock
 .text          0xffffffff8000018a       0x21 ../kernel/panic.o
                0xffffffff8000018a                panic
 .text          0xffffffff800001ab      0x1cb ../kernel/time.o
                0xffffffff80000271                sleep
                0xffffffff800002af                configure_timer
                0xffffffff80000322                init_pit
 .text          0xffffffff80000376      0x221 ../kernel/apic.o
                0xffffffff80000376                walk_madt
                0xffffffff80000416                init_apic
                0xffffffff80000545                apic_timer
 .text          0xffffffff80000597      0x18b ../kernel/string.o
                0xffffffff80000597                strlen
                0xffffffff800005d1                memcpy
                0xffffffff80000628                memzero
                0xffffffff80000664                itoa
 .text          0xffffffff80000722      0x33d ../kernel/gdt.o
                0xffffffff800007e8                load_gdt
                0xffffffff800007fa                init_gdt
                0xffffffff8000091b                init_tss
 .text          0xffffffff80000a5f      0x166 ../kernel/interrupt.o
                0xffffffff80000b25                init_interrupt
                0xffffffff80000b9c                timerh
 .text          0xffffffff80000bc5      0x474 ../kernel/kbd.o
                0xffffffff80000c8b                kbd_press
                0xffffffff80000d46                print_char
                0xffffffff80000d95                init_kbd
                0xffffffff80000e1b                setconfb
                0xffffffff80000e5b                getconfb
                0xffffffff80000e8f                getscancode
                0xffffffff80000edf                gettype
                0xffffffff80000f2f                testps2port
                0xffffffff80000f9a                testps2control
                0xffffffff80000fe9                disdev
                0xffffffff80001012                check_ps2
 .text          0xffffffff80001039       0x4a ../kernel/io.o
                0xffffffff80001039                write32
                0xffffffff80001064                read32
 .text          0xffffffff80001083      0x519 ../kernel/pmm.o
                0xffffffff80001083                togglepage
                0xffffffff800010d9                isfree
                0xffffffff8000111a                palloc
                0xffffffff80001269                pallocaddr
                0xffffffff800012ea                freepg
                0xffffffff80001344                initbmap
                0xffffffff80001448                setentry
                0xffffffff800014b0                getmemsz
                0xffffffff80001525                getentry
 .text          0xffffffff8000159c      0x29f ../kernel/idt.o
                0xffffffff80001662                load_idt
                0xffffffff80001674                init_idt
                0xffffffff800016d9                new_irq
                0xffffffff80001708                set_idt_entry
                0xffffffff80001793                trap
 .text          0xffffffff8000183b      0x7bc ../kernel/vmm.o
                0xffffffff8000183b                V2P
                0xffffffff8000185e                P2V
                0xffffffff80001881                getpaddr
                0xffffffff8000189d                init_vmm
                0xffffffff800018da                mappage
                0xffffffff80001a27                unmappage
                0xffffffff80001a8a                remappage
                0xffffffff80001ce6                newentry
                0xffffffff80001d89                test
 .text          0xffffffff80001ff7      0x3f4 ../kernel/proc.o
                0xffffffff800020bd                init_plock
                0xffffffff800020d2                init_proc
                0xffffffff8000211a                acq
                0xffffffff80002136                r
                0xffffffff80002152                set_current_proc
                0xffffffff80002179                get_current_proc
                0xffffffff8000218d                startproc
                0xffffffff800021dc                allocproc
                0xffffffff800022f4                scheduler
 .text          0xffffffff800023eb      0x1d9 ../kernel/pic.o
                0xffffffff800024b1                unmask_irq
                0xffffffff800024fc                pic_remap
 .text          0xffffffff800025c4      0x190 ../kernel/cpu.o
                0xffffffff8000268a                init_cpu
                0xffffffff800026bb                cpu
 .text          0xffffffff80002754        0x0 ../kernel/tmpfs.o
 .text          0xffffffff80002754      0x2a8 ../kernel/kernel.o
                0xffffffff8000281a                print
                0xffffffff8000288c                kmain
                0xffffffff800029bd                thread3
                0xffffffff800029d2                thread2
                0xffffffff800029e7                thread1
 .text          0xffffffff800029fc      0x268 ../kernel/slab.o
                0xffffffff80002aff                kalloc
                0xffffffff80002b76                kfree
 .text          0xffffffff80002c64       0x96 ../fs/vfs.o
                0xffffffff80002c64                vfs_mount
 .text          0xffffffff80002cfa       0x58 ../fs/ramfs.o
                0xffffffff80002cfa                ramfs_mount
                0xffffffff80002d24                ramfs_root
 *fill*         0xffffffff80002d52        0xe 
 .text          0xffffffff80002d60       0x1b ./switch.o
                0xffffffff80002d60                switc
 *fill*         0xffffffff80002d7b        0x5 
 .text          0xffffffff80002d80      0x1f2 ./isr.o
                0xffffffff80002d80                isr_timer
                0xffffffff80002d84                isr_kbd
                0xffffffff80002d88                isr_apic_timer
                0xffffffff80002d8c                spurious
                0xffffffff80002db4                ret
                0xffffffff80002e72                isr_table

.iplt           0xffffffff80002f72        0x0
 .iplt          0xffffffff80002f72        0x0 ../ACPI/acpi.o
                0xffffffff80003f72                . = (. + CONSTANT (MAXPAGESIZE))

.rodata         0xffffffff80003f80      0x228
 *(.rodata .rodata.*)
 .rodata        0xffffffff80003f80       0x13 ../kernel/apic.o
 .rodata        0xffffffff80003f93       0x29 ../kernel/kbd.o
 *fill*         0xffffffff80003fbc        0x4 
 .rodata        0xffffffff80003fc0       0x5d ../kernel/pmm.o
 .rodata        0xffffffff8000401d        0xd ../kernel/idt.o
 *fill*         0xffffffff8000402a        0x6 
 .rodata        0xffffffff80004030       0xc1 ../kernel/vmm.o
 *fill*         0xffffffff800040f1        0x7 
 .rodata        0xffffffff800040f8       0x47 ../kernel/kernel.o
 .rodata        0xffffffff8000413f       0x13 ../kernel/slab.o
 *fill*         0xffffffff80004152        0xe 
 .rodata        0xffffffff80004160       0x48 ../fs/ramfs.o

.eh_frame       0xffffffff800041a8     0x11c0
 .eh_frame      0xffffffff800041a8       0x58 ../ACPI/acpi.o
 .eh_frame      0xffffffff80004200       0x60 ../kernel/spinlock.o
                                         0x78 (size before relaxing)
 .eh_frame      0xffffffff80004260       0x20 ../kernel/panic.o
                                         0x38 (size before relaxing)
 .eh_frame      0xffffffff80004280      0x120 ../kernel/time.o
                                        0x138 (size before relaxing)
 .eh_frame      0xffffffff800043a0       0x80 ../kernel/apic.o
                                         0x98 (size before relaxing)
 .eh_frame      0xffffffff80004420       0x80 ../kernel/string.o
                                         0x98 (size before relaxing)
 .eh_frame      0xffffffff800044a0      0x148 ../kernel/gdt.o
                                        0x160 (size before relaxing)
 .eh_frame      0xffffffff800045e8      0x100 ../kernel/interrupt.o
                                        0x118 (size before relaxing)
 .eh_frame      0xffffffff800046e8      0x220 ../kernel/kbd.o
                                        0x238 (size before relaxing)
 .eh_frame      0xffffffff80004908       0x40 ../kernel/io.o
                                         0x58 (size before relaxing)
 .eh_frame      0xffffffff80004948      0x120 ../kernel/pmm.o
                                        0x138 (size before relaxing)
 .eh_frame      0xffffffff80004a68      0x160 ../kernel/idt.o
                                        0x178 (size before relaxing)
 .eh_frame      0xffffffff80004bc8      0x148 ../kernel/vmm.o
                                        0x160 (size before relaxing)
 .eh_frame      0xffffffff80004d10      0x200 ../kernel/proc.o
                                        0x218 (size before relaxing)
 .eh_frame      0xffffffff80004f10      0x100 ../kernel/pic.o
                                        0x118 (size before relaxing)
 .eh_frame      0xffffffff80005010      0x100 ../kernel/cpu.o
                                        0x118 (size before relaxing)
 .eh_frame      0xffffffff80005110      0x158 ../kernel/kernel.o
                                        0x170 (size before relaxing)
 .eh_frame      0xffffffff80005268       0xa0 ../kernel/slab.o
                                         0xb8 (size before relaxing)
 .eh_frame      0xffffffff80005308       0x20 ../fs/vfs.o
                                         0x38 (size before relaxing)
 .eh_frame      0xffffffff80005328       0x40 ../fs/ramfs.o
                                         0x58 (size before relaxing)

.rela.dyn       0xffffffff80005368        0x0
 .rela.got      0xffffffff80005368        0x0 ../ACPI/acpi.o
 .rela.iplt     0xffffffff80005368        0x0 ../ACPI/acpi.o
 .rela.text     0xffffffff80005368        0x0 ../ACPI/acpi.o
                0xffffffff80006368                . = (. + CONSTANT (MAXPAGESIZE))

.data           0xffffffff80006380      0x190
 *(.data .data.*)
 .data          0xffffffff80006380       0x30 ../ACPI/acpi.o
 .data          0xffffffff800063b0        0x0 ../kernel/spinlock.o
 .data          0xffffffff800063b0        0x0 ../kernel/panic.o
 .data          0xffffffff800063b0        0x0 ../kernel/time.o
 .data          0xffffffff800063b0        0x0 ../kernel/apic.o
 .data          0xffffffff800063b0        0x0 ../kernel/string.o
 .data          0xffffffff800063b0        0x0 ../kernel/gdt.o
 .data          0xffffffff800063b0        0x0 ../kernel/interrupt.o
 *fill*         0xffffffff800063b0       0x10 
 .data          0xffffffff800063c0       0x7f ../kernel/kbd.o
 .data          0xffffffff8000643f        0x0 ../kernel/io.o
 .data          0xffffffff8000643f        0x0 ../kernel/pmm.o
 .data          0xffffffff8000643f        0x0 ../kernel/idt.o
 .data          0xffffffff8000643f        0x0 ../kernel/vmm.o
 .data          0xffffffff8000643f        0x1 ../kernel/proc.o
 .data          0xffffffff80006440        0x0 ../kernel/pic.o
 .data          0xffffffff80006440       0x38 ../kernel/cpu.o
 .data          0xffffffff80006478        0x0 ../kernel/tmpfs.o
 *fill*         0xffffffff80006478        0x8 
 .data          0xffffffff80006480       0x88 ../kernel/kernel.o
 .data          0xffffffff80006508        0x0 ../kernel/slab.o
 .data          0xffffffff80006508        0x0 ../fs/vfs.o
 .data          0xffffffff80006508        0x8 ../fs/ramfs.o
                0xffffffff80006508                vfslist

.got            0xffffffff80006510        0x0
 .got           0xffffffff80006510        0x0 ../ACPI/acpi.o

.got.plt        0xffffffff80006510        0x0
 .got.plt       0xffffffff80006510        0x0 ../ACPI/acpi.o

.igot.plt       0xffffffff80006510        0x0
 .igot.plt      0xffffffff80006510        0x0 ../ACPI/acpi.o

.bss            0xffffffff80006520     0x30b8
 *(COMMON)
 COMMON         0xffffffff80006520       0x10 ../ACPI/acpi.o
                0xffffffff80006520                lapicc
                0xffffffff80006528                rsdt
 COMMON         0xffffffff80006530        0x8 ../kernel/spinlock.o
                0xffffffff80006530                x
                0xffffffff80006534                spinlock
 COMMON         0xffffffff80006538       0x11 ../kernel/time.o
                0xffffffff80006538                PIT_COUNTER
                0xffffffff80006540                EOI
                0xffffffff80006548                NMI_LINT
 *fill*         0xffffffff80006549        0x7 
 COMMON         0xffffffff80006550       0x18 ../kernel/gdt.o
                0xffffffff80006550                PML4E
                0xffffffff80006558                bitmap
                0xffffffff80006560                MAXPG
 *(.bss .bss.*)
 .bss           0xffffffff80006568        0x0 ../ACPI/acpi.o
 .bss           0xffffffff80006568        0x0 ../kernel/spinlock.o
 .bss           0xffffffff80006568        0x0 ../kernel/panic.o
 .bss           0xffffffff80006568        0x0 ../kernel/time.o
 .bss           0xffffffff80006568        0x8 ../kernel/apic.o
 .bss           0xffffffff80006570        0x0 ../kernel/string.o
 .bss           0xffffffff80006570       0x1a ../kernel/gdt.o
 .bss           0xffffffff8000658a        0x0 ../kernel/interrupt.o
 .bss           0xffffffff8000658a        0x2 ../kernel/kbd.o
 .bss           0xffffffff8000658c        0x0 ../kernel/io.o
 .bss           0xffffffff8000658c        0x0 ../kernel/pmm.o
 *fill*         0xffffffff8000658c        0x4 
 .bss           0xffffffff80006590     0x100a ../kernel/idt.o
 .bss           0xffffffff8000759a        0x0 ../kernel/vmm.o
 *fill*         0xffffffff8000759a        0x6 
 .bss           0xffffffff800075a0     0x200c ../kernel/proc.o
 .bss           0xffffffff800095ac        0x0 ../kernel/pic.o
 .bss           0xffffffff800095ac        0x0 ../kernel/cpu.o
 .bss           0xffffffff800095ac        0x0 ../kernel/tmpfs.o
 .bss           0xffffffff800095ac        0x8 ../kernel/kernel.o
 *fill*         0xffffffff800095b4        0x4 
 .bss           0xffffffff800095b8        0x8 ../kernel/slab.o
 .bss           0xffffffff800095c0        0x8 ../fs/vfs.o
 .bss           0xffffffff800095c8       0x10 ../fs/ramfs.o

/DISCARD/
 *(.note .note.*)
OUTPUT(kernel.elf elf64-x86-64)

.debug_info     0x0000000000000000     0x58c1
 .debug_info    0x0000000000000000      0x38c ../ACPI/acpi.o
 .debug_info    0x000000000000038c      0x19e ../kernel/spinlock.o
 .debug_info    0x000000000000052a       0xd5 ../kernel/panic.o
 .debug_info    0x00000000000005ff      0x40d ../kernel/time.o
 .debug_info    0x0000000000000a0c      0x5eb ../kernel/apic.o
 .debug_info    0x0000000000000ff7      0x218 ../kernel/string.o
 .debug_info    0x000000000000120f      0x48e ../kernel/gdt.o
 .debug_info    0x000000000000169d      0x25b ../kernel/interrupt.o
 .debug_info    0x00000000000018f8      0x7fa ../kernel/kbd.o
 .debug_info    0x00000000000020f2      0x109 ../kernel/io.o
 .debug_info    0x00000000000021fb      0x4fe ../kernel/pmm.o
 .debug_info    0x00000000000026f9      0x6b1 ../kernel/idt.o
 .debug_info    0x0000000000002daa      0x680 ../kernel/vmm.o
 .debug_info    0x000000000000342a      0x887 ../kernel/proc.o
 .debug_info    0x0000000000003cb1      0x27c ../kernel/pic.o
 .debug_info    0x0000000000003f2d      0x614 ../kernel/cpu.o
 .debug_info    0x0000000000004541      0xac9 ../kernel/kernel.o
 .debug_info    0x000000000000500a      0x2d9 ../kernel/slab.o
 .debug_info    0x00000000000052e3      0x274 ../fs/vfs.o
 .debug_info    0x0000000000005557      0x2d5 ../fs/ramfs.o
 .debug_info    0x000000000000582c       0x4c ./switch.o
 .debug_info    0x0000000000005878       0x49 ./isr.o

.debug_abbrev   0x0000000000000000     0x20a7
 .debug_abbrev  0x0000000000000000      0x156 ../ACPI/acpi.o
 .debug_abbrev  0x0000000000000156       0xda ../kernel/spinlock.o
 .debug_abbrev  0x0000000000000230       0x95 ../kernel/panic.o
 .debug_abbrev  0x00000000000002c5      0x1d1 ../kernel/time.o
 .debug_abbrev  0x0000000000000496      0x1df ../kernel/apic.o
 .debug_abbrev  0x0000000000000675       0xee ../kernel/string.o
 .debug_abbrev  0x0000000000000763      0x222 ../kernel/gdt.o
 .debug_abbrev  0x0000000000000985      0x19e ../kernel/interrupt.o
 .debug_abbrev  0x0000000000000b23      0x239 ../kernel/kbd.o
 .debug_abbrev  0x0000000000000d5c       0xa0 ../kernel/io.o
 .debug_abbrev  0x0000000000000dfc      0x171 ../kernel/pmm.o
 .debug_abbrev  0x0000000000000f6d      0x284 ../kernel/idt.o
 .debug_abbrev  0x00000000000011f1      0x1e1 ../kernel/vmm.o
 .debug_abbrev  0x00000000000013d2      0x2a4 ../kernel/proc.o
 .debug_abbrev  0x0000000000001676      0x146 ../kernel/pic.o
 .debug_abbrev  0x00000000000017bc      0x227 ../kernel/cpu.o
 .debug_abbrev  0x00000000000019e3      0x2aa ../kernel/kernel.o
 .debug_abbrev  0x0000000000001c8d      0x16d ../kernel/slab.o
 .debug_abbrev  0x0000000000001dfa      0x126 ../fs/vfs.o
 .debug_abbrev  0x0000000000001f20      0x151 ../fs/ramfs.o
 .debug_abbrev  0x0000000000002071       0x1b ./switch.o
 .debug_abbrev  0x000000000000208c       0x1b ./isr.o

.debug_aranges  0x0000000000000000      0x420
 .debug_aranges
                0x0000000000000000       0x30 ../ACPI/acpi.o
 .debug_aranges
                0x0000000000000030       0x30 ../kernel/spinlock.o
 .debug_aranges
                0x0000000000000060       0x30 ../kernel/panic.o
 .debug_aranges
                0x0000000000000090       0x30 ../kernel/time.o
 .debug_aranges
                0x00000000000000c0       0x30 ../kernel/apic.o
 .debug_aranges
                0x00000000000000f0       0x30 ../kernel/string.o
 .debug_aranges
                0x0000000000000120       0x30 ../kernel/gdt.o
 .debug_aranges
                0x0000000000000150       0x30 ../kernel/interrupt.o
 .debug_aranges
                0x0000000000000180       0x30 ../kernel/kbd.o
 .debug_aranges
                0x00000000000001b0       0x30 ../kernel/io.o
 .debug_aranges
                0x00000000000001e0       0x30 ../kernel/pmm.o
 .debug_aranges
                0x0000000000000210       0x30 ../kernel/idt.o
 .debug_aranges
                0x0000000000000240       0x30 ../kernel/vmm.o
 .debug_aranges
                0x0000000000000270       0x30 ../kernel/proc.o
 .debug_aranges
                0x00000000000002a0       0x30 ../kernel/pic.o
 .debug_aranges
                0x00000000000002d0       0x30 ../kernel/cpu.o
 .debug_aranges
                0x0000000000000300       0x30 ../kernel/kernel.o
 .debug_aranges
                0x0000000000000330       0x30 ../kernel/slab.o
 .debug_aranges
                0x0000000000000360       0x30 ../fs/vfs.o
 .debug_aranges
                0x0000000000000390       0x30 ../fs/ramfs.o
 .debug_aranges
                0x00000000000003c0       0x30 ./switch.o
 .debug_aranges
                0x00000000000003f0       0x30 ./isr.o

.debug_line     0x0000000000000000     0x207f
 .debug_line    0x0000000000000000      0x156 ../ACPI/acpi.o
 .debug_line    0x0000000000000156       0xde ../kernel/spinlock.o
 .debug_line    0x0000000000000234       0xb8 ../kernel/panic.o
 .debug_line    0x00000000000002ec      0x189 ../kernel/time.o
 .debug_line    0x0000000000000475      0x18d ../kernel/apic.o
 .debug_line    0x0000000000000602      0x147 ../kernel/string.o
 .debug_line    0x0000000000000749      0x1e7 ../kernel/gdt.o
 .debug_line    0x0000000000000930      0x14a ../kernel/interrupt.o
 .debug_line    0x0000000000000a7a      0x236 ../kernel/kbd.o
 .debug_line    0x0000000000000cb0       0x6b ../kernel/io.o
 .debug_line    0x0000000000000d1b      0x345 ../kernel/pmm.o
 .debug_line    0x0000000000001060      0x1ef ../kernel/idt.o
 .debug_line    0x000000000000124f      0x3b7 ../kernel/vmm.o
 .debug_line    0x0000000000001606      0x240 ../kernel/proc.o
 .debug_line    0x0000000000001846      0x122 ../kernel/pic.o
 .debug_line    0x0000000000001968      0x184 ../kernel/cpu.o
 .debug_line    0x0000000000001aec        0x0 ../kernel/tmpfs.o
 .debug_line    0x0000000000001aec      0x211 ../kernel/kernel.o
 .debug_line    0x0000000000001cfd      0x1be ../kernel/slab.o
 .debug_line    0x0000000000001ebb       0x98 ../fs/vfs.o
 .debug_line    0x0000000000001f53       0x79 ../fs/ramfs.o
 .debug_line    0x0000000000001fcc       0x42 ./switch.o
 .debug_line    0x000000000000200e       0x71 ./isr.o

.debug_str      0x0000000000000000      0xe20
 .debug_str     0x0000000000000000      0x243 ../ACPI/acpi.o
                                        0x2aa (size before relaxing)
 .debug_str     0x0000000000000243       0xa6 ../kernel/spinlock.o
                                        0x238 (size before relaxing)
 .debug_str     0x00000000000002e9       0x18 ../kernel/panic.o
                                        0x1af (size before relaxing)
 .debug_str     0x0000000000000301       0x77 ../kernel/time.o
                                        0x2a2 (size before relaxing)
 .debug_str     0x0000000000000378       0xb9 ../kernel/apic.o
                                        0x316 (size before relaxing)
 .debug_str     0x0000000000000431       0x33 ../kernel/string.o
                                        0x1c0 (size before relaxing)
 .debug_str     0x0000000000000464      0x10a ../kernel/gdt.o
                                        0x2ee (size before relaxing)
 .debug_str     0x000000000000056e       0x36 ../kernel/interrupt.o
                                        0x204 (size before relaxing)
 .debug_str     0x00000000000005a4      0x22e ../kernel/kbd.o
                                        0x486 (size before relaxing)
 .debug_str     0x00000000000007d2       0x23 ../kernel/io.o
                                        0x1a3 (size before relaxing)
 .debug_str     0x00000000000007f5       0xcb ../kernel/pmm.o
                                        0x2e0 (size before relaxing)
 .debug_str     0x00000000000008c0       0x80 ../kernel/idt.o
                                        0x325 (size before relaxing)
 .debug_str     0x0000000000000940       0x88 ../kernel/vmm.o
                                        0x298 (size before relaxing)
 .debug_str     0x00000000000009c8       0x8a ../kernel/proc.o
                                        0x392 (size before relaxing)
 .debug_str     0x0000000000000a52       0x37 ../kernel/pic.o
                                        0x1f9 (size before relaxing)
 .debug_str     0x0000000000000a89       0xad ../kernel/cpu.o
                                        0x391 (size before relaxing)
 .debug_str     0x0000000000000b36       0x12 ../kernel/tmpfs.o
                                        0x133 (size before relaxing)
 .debug_str     0x0000000000000b48      0x219 ../kernel/kernel.o
                                        0x5ab (size before relaxing)
 .debug_str     0x0000000000000d61       0x5f ../kernel/slab.o
                                        0x241 (size before relaxing)
 .debug_str     0x0000000000000dc0       0x27 ../fs/vfs.o
                                        0x249 (size before relaxing)
 .debug_str     0x0000000000000de7       0x39 ../fs/ramfs.o
                                        0x205 (size before relaxing)

.comment        0x0000000000000000       0x2b
 .comment       0x0000000000000000       0x2b ../ACPI/acpi.o
                                         0x2c (size before relaxing)
 .comment       0x000000000000002b       0x2c ../kernel/spinlock.o
 .comment       0x000000000000002b       0x2c ../kernel/panic.o
 .comment       0x000000000000002b       0x2c ../kernel/time.o
 .comment       0x000000000000002b       0x2c ../kernel/apic.o
 .comment       0x000000000000002b       0x2c ../kernel/string.o
 .comment       0x000000000000002b       0x2c ../kernel/gdt.o
 .comment       0x000000000000002b       0x2c ../kernel/interrupt.o
 .comment       0x000000000000002b       0x2c ../kernel/kbd.o
 .comment       0x000000000000002b       0x2c ../kernel/io.o
 .comment       0x000000000000002b       0x2c ../kernel/pmm.o
 .comment       0x000000000000002b       0x2c ../kernel/idt.o
 .comment       0x000000000000002b       0x2c ../kernel/vmm.o
 .comment       0x000000000000002b       0x2c ../kernel/proc.o
 .comment       0x000000000000002b       0x2c ../kernel/pic.o
 .comment       0x000000000000002b       0x2c ../kernel/cpu.o
 .comment       0x000000000000002b       0x2c ../kernel/tmpfs.o
 .comment       0x000000000000002b       0x2c ../kernel/kernel.o
 .comment       0x000000000000002b       0x2c ../kernel/slab.o
 .comment       0x000000000000002b       0x2c ../fs/vfs.o
 .comment       0x000000000000002b       0x2c ../fs/ramfs.o

.debug_pubnames
                0x0000000000000000       0x24
 .debug_pubnames
                0x0000000000000000       0x12 ./switch.o
 .debug_pubnames
                0x0000000000000012       0x12 ./isr.o

.debug_frame    0x0000000000000000        0xc
 .debug_frame   0x0000000000000000        0x4 ./switch.o
 *fill*         0x0000000000000004        0x4 
 .debug_frame   0x0000000000000008        0x4 ./isr.o

.debug_loc      0x0000000000000000       0x20
 .debug_loc     0x0000000000000000       0x10 ./switch.o
 .debug_loc     0x0000000000000010       0x10 ./isr.o
