
Merging program properties

Removed property 0xc0000002 to merge ../kernel/acpi.o (0x3) and ./switch.o (not found)

Allocating common symbols
Common symbol       size              file

x                   0x4               ../kernel/spinlock.o
PML4E               0x8               ../kernel/gdt.o
vfslist             0x38              ../kernel/cpu.o
rootfs              0x8               ../fs/vfs.o
bitmap              0x8               ../kernel/gdt.o
head                0x8               ../kernel/cpu.o
PIT_COUNTER         0x4               ../kernel/time.o
lapicc              0x8               ../kernel/acpi.o
MAXPG               0x8               ../kernel/gdt.o
rsdt                0x8               ../kernel/acpi.o
rootvn              0x8               ../kernel/cpu.o
spinlock            0x4               ../kernel/spinlock.o
mountedlist         0x8               ../kernel/cpu.o
EOI                 0x8               ../kernel/time.o
NMI_LINT            0x1               ../kernel/time.o

Discarded input sections

 .note.GNU-stack
                0x0000000000000000        0x0 ../kernel/acpi.o
 .note.gnu.property
                0x0000000000000000       0x20 ../kernel/acpi.o
 .note.GNU-stack
                0x0000000000000000        0x0 ../kernel/spinlock.o
 .note.gnu.property
                0x0000000000000000       0x20 ../kernel/spinlock.o
 .note.GNU-stack
                0x0000000000000000        0x0 ../kernel/panic.o
 .note.gnu.property
                0x0000000000000000       0x20 ../kernel/panic.o
 .note.GNU-stack
                0x0000000000000000        0x0 ../kernel/time.o
 .note.gnu.property
                0x0000000000000000       0x20 ../kernel/time.o
 .note.GNU-stack
                0x0000000000000000        0x0 ../kernel/apic.o
 .note.gnu.property
                0x0000000000000000       0x20 ../kernel/apic.o
 .note.GNU-stack
                0x0000000000000000        0x0 ../kernel/string.o
 .note.gnu.property
                0x0000000000000000       0x20 ../kernel/string.o
 .note.GNU-stack
                0x0000000000000000        0x0 ../kernel/gdt.o
 .note.gnu.property
                0x0000000000000000       0x20 ../kernel/gdt.o
 .note.GNU-stack
                0x0000000000000000        0x0 ../kernel/interrupt.o
 .note.gnu.property
                0x0000000000000000       0x20 ../kernel/interrupt.o
 .note.GNU-stack
                0x0000000000000000        0x0 ../kernel/kbd.o
 .note.gnu.property
                0x0000000000000000       0x20 ../kernel/kbd.o
 .note.GNU-stack
                0x0000000000000000        0x0 ../kernel/io.o
 .note.gnu.property
                0x0000000000000000       0x20 ../kernel/io.o
 .note.GNU-stack
                0x0000000000000000        0x0 ../kernel/pmm.o
 .note.gnu.property
                0x0000000000000000       0x20 ../kernel/pmm.o
 .note.GNU-stack
                0x0000000000000000        0x0 ../kernel/idt.o
 .note.gnu.property
                0x0000000000000000       0x20 ../kernel/idt.o
 .note.GNU-stack
                0x0000000000000000        0x0 ../kernel/vmm.o
 .note.gnu.property
                0x0000000000000000       0x20 ../kernel/vmm.o
 .note.GNU-stack
                0x0000000000000000        0x0 ../kernel/proc.o
 .note.gnu.property
                0x0000000000000000       0x20 ../kernel/proc.o
 .note.GNU-stack
                0x0000000000000000        0x0 ../kernel/pic.o
 .note.gnu.property
                0x0000000000000000       0x20 ../kernel/pic.o
 .note.GNU-stack
                0x0000000000000000        0x0 ../kernel/cpu.o
 .note.gnu.property
                0x0000000000000000       0x20 ../kernel/cpu.o
 .note.GNU-stack
                0x0000000000000000        0x0 ../kernel/kernel.o
 .note.gnu.property
                0x0000000000000000       0x20 ../kernel/kernel.o
 .note.GNU-stack
                0x0000000000000000        0x0 ../kernel/slab.o
 .note.gnu.property
                0x0000000000000000       0x20 ../kernel/slab.o
 .note.GNU-stack
                0x0000000000000000        0x0 ../main.o
 .note.gnu.property
                0x0000000000000000       0x20 ../main.o
 .note.GNU-stack
                0x0000000000000000        0x0 ../fs/ramfs/ramfs_subr.o
 .note.gnu.property
                0x0000000000000000       0x20 ../fs/ramfs/ramfs_subr.o
 .note.GNU-stack
                0x0000000000000000        0x0 ../fs/ramfs/ramfs.o
 .note.gnu.property
                0x0000000000000000       0x20 ../fs/ramfs/ramfs.o
 .note.GNU-stack
                0x0000000000000000        0x0 ../fs/ramfs/initramfs.o
 .note.gnu.property
                0x0000000000000000       0x20 ../fs/ramfs/initramfs.o
 .note.GNU-stack
                0x0000000000000000        0x0 ../fs/vfs.o
 .note.gnu.property
                0x0000000000000000       0x20 ../fs/vfs.o

Memory Configuration

Name             Origin             Length             Attributes
*default*        0x0000000000000000 0xffffffffffffffff

Linker script and memory map

LOAD ../kernel/acpi.o
LOAD ../kernel/spinlock.o
LOAD ../kernel/panic.o
LOAD ../kernel/time.o
LOAD ../kernel/apic.o
LOAD ../kernel/string.o
LOAD ../kernel/gdt.o
LOAD ../kernel/interrupt.o
LOAD ../kernel/kbd.o
LOAD ../kernel/io.o
LOAD ../kernel/pmm.o
LOAD ../kernel/idt.o
LOAD ../kernel/vmm.o
LOAD ../kernel/proc.o
LOAD ../kernel/pic.o
LOAD ../kernel/cpu.o
LOAD ../kernel/kernel.o
LOAD ../kernel/slab.o
LOAD ../main.o
LOAD ../fs/ramfs/ramfs_subr.o
LOAD ../fs/ramfs/ramfs.o
LOAD ../fs/ramfs/initramfs.o
LOAD ../fs/vfs.o
LOAD ./switch.o
LOAD ./isr.o
                0xffffffff80000000                . = 0xffffffff80000000

.text           0xffffffff80000000     0x70c2
 *(.text .text.*)
 .text          0xffffffff80000000      0x113 ../kernel/acpi.o
                0xffffffff80000000                init_acpi
                0xffffffff80000096                get_acpi_sdt
 .text          0xffffffff80000113       0xc0 ../kernel/spinlock.o
                0xffffffff80000113                acquire
                0xffffffff8000014a                release
                0xffffffff8000016d                trylock
                0xffffffff8000018b                init_lock
                0xffffffff800001a8                init_and_acquire
 .text          0xffffffff800001d3       0x21 ../kernel/panic.o
                0xffffffff800001d3                panic
 .text          0xffffffff800001f4      0x1cb ../kernel/time.o
                0xffffffff800002ba                sleep
                0xffffffff800002f8                configure_timer
                0xffffffff8000036b                init_pit
 .text          0xffffffff800003bf      0x221 ../kernel/apic.o
                0xffffffff800003bf                walk_madt
                0xffffffff8000045f                init_apic
                0xffffffff8000058e                apic_timer
 .text          0xffffffff800005e0      0x419 ../kernel/string.o
                0xffffffff800005e0                memcpy
                0xffffffff80000642                strlen
                0xffffffff8000067e                strcmp
                0xffffffff80000702                strncmp
                0xffffffff80000761                strchr
                0xffffffff800007a6                strcpy
                0xffffffff8000080f                strdup
                0xffffffff8000088b                strldup
                0xffffffff800008fb                memzero
                0xffffffff8000093b                itoa
 .text          0xffffffff800009f9      0x33d ../kernel/gdt.o
                0xffffffff80000abf                load_gdt
                0xffffffff80000ad1                init_gdt
                0xffffffff80000bf2                init_tss
 .text          0xffffffff80000d36      0x166 ../kernel/interrupt.o
                0xffffffff80000dfc                init_interrupt
                0xffffffff80000e73                timerh
 .text          0xffffffff80000e9c      0x474 ../kernel/kbd.o
                0xffffffff80000f62                kbd_press
                0xffffffff8000101d                print_char
                0xffffffff8000106c                init_kbd
                0xffffffff800010f2                setconfb
                0xffffffff80001132                getconfb
                0xffffffff80001166                getscancode
                0xffffffff800011b6                gettype
                0xffffffff80001206                testps2port
                0xffffffff80001271                testps2control
                0xffffffff800012c0                disdev
                0xffffffff800012e9                check_ps2
 .text          0xffffffff80001310       0x4a ../kernel/io.o
                0xffffffff80001310                write32
                0xffffffff8000133b                read32
 .text          0xffffffff8000135a      0x530 ../kernel/pmm.o
                0xffffffff800013e9                palloc
                0xffffffff80001538                pallocaddr
                0xffffffff800015b9                freepg
                0xffffffff80001632                initbmap
                0xffffffff80001736                setentry
                0xffffffff8000179e                getmemsz
                0xffffffff80001813                getentry
 .text          0xffffffff8000188a      0x29f ../kernel/idt.o
                0xffffffff80001950                load_idt
                0xffffffff80001962                init_idt
                0xffffffff800019c7                new_irq
                0xffffffff800019f6                set_idt_entry
                0xffffffff80001a81                trap
 .text          0xffffffff80001b29      0x7aa ../kernel/vmm.o
                0xffffffff80001b66                V2P
                0xffffffff80001b89                P2V
                0xffffffff80001bac                getpaddr
                0xffffffff80001bc8                init_vmm
                0xffffffff80001c0a                mappage
                0xffffffff80001d5b                unmappage
                0xffffffff80001dde                remappage
                0xffffffff8000203a                newentry
                0xffffffff800020e2                test
 .text          0xffffffff800022d3      0x509 ../kernel/proc.o
                0xffffffff80002399                init_plock
                0xffffffff800023ae                init_proc
                0xffffffff8000240c                acq
                0xffffffff80002428                r
                0xffffffff80002444                set_current_proc
                0xffffffff8000246b                get_current_proc
                0xffffffff8000247f                exec
                0xffffffff80002563                startproc
                0xffffffff800025b2                allocproc
                0xffffffff800026cf                scheduler
 .text          0xffffffff800027dc      0x1d9 ../kernel/pic.o
                0xffffffff800028a2                unmask_irq
                0xffffffff800028ed                pic_remap
 .text          0xffffffff800029b5      0x18b ../kernel/cpu.o
                0xffffffff80002a7b                init_cpu
                0xffffffff80002aac                cpu
 .text          0xffffffff80002b40      0x30f ../kernel/kernel.o
                0xffffffff80002c06                print
                0xffffffff80002c78                printl
                0xffffffff80002cde                kmain
                0xffffffff80002e10                thread3
                0xffffffff80002e25                thread2
                0xffffffff80002e3a                thread1
 .text          0xffffffff80002e4f      0x6e1 ../kernel/slab.o
                0xffffffff80002e4f                kalloc
                0xffffffff80002f24                kfree
                0xffffffff800032a0                roundup
                0xffffffff800032e8                test_slab
 .text          0xffffffff80003530       0x23 ../main.o
                0xffffffff80003530                main
 .text          0xffffffff80003553      0x13c ../fs/ramfs/ramfs_subr.o
 .text          0xffffffff8000368f     0x2276 ../fs/ramfs/ramfs.o
                0xffffffff80004b12                ramfs_t
 .text          0xffffffff80005905      0x1ce ../fs/ramfs/initramfs.o
                0xffffffff8000596b                initramfs
 .text          0xffffffff80005ad3     0x13d2 ../fs/vfs.o
                0xffffffff80005b49                init_rootfs
                0xffffffff80005bb4                init_rootvn
                0xffffffff80005bf2                namei
                0xffffffff80005dae                lookup
                0xffffffff800060fb                vfs_readdir
                0xffffffff80006182                vfs_link
                0xffffffff80006292                vfs_readlink_locked
                0xffffffff800062e9                vfs_readlink
                0xffffffff80006362                vfs_symlink
                0xffffffff80006414                vfs_root
                0xffffffff80006464                vfs_mount
                0xffffffff80006640                vfs_unmount
                0xffffffff80006792                vfs_unlink
                0xffffffff800068a7                vfs_read
                0xffffffff80006927                vfs_write
                0xffffffff800069a7                vfs_open
                0xffffffff80006ad2                vfs_create
                0xffffffff80006b09                vfs_mkdir
                0xffffffff80006bf5                vfs_rmdir
                0xffffffff80006d28                vfs_close
                0xffffffff80006de2                printdir
 *fill*         0xffffffff80006ea5        0xb 
 .text          0xffffffff80006eb0       0x1b ./switch.o
                0xffffffff80006eb0                switc
 *fill*         0xffffffff80006ecb        0x5 
 .text          0xffffffff80006ed0      0x1f2 ./isr.o
                0xffffffff80006ed0                isr_timer
                0xffffffff80006ed4                isr_kbd
                0xffffffff80006ed8                isr_apic_timer
                0xffffffff80006edc                spurious
                0xffffffff80006f04                ret
                0xffffffff80006fc2                isr_table

.iplt           0xffffffff800070c2        0x0
 .iplt          0xffffffff800070c2        0x0 ../kernel/acpi.o
                0xffffffff800080c2                . = (. + CONSTANT (MAXPAGESIZE))

.rodata         0xffffffff800080e0      0x695
 *(.rodata .rodata.*)
 .rodata        0xffffffff800080e0       0x13 ../kernel/apic.o
 .rodata        0xffffffff800080f3       0x29 ../kernel/kbd.o
 *fill*         0xffffffff8000811c        0x4 
 .rodata        0xffffffff80008120       0x77 ../kernel/pmm.o
 .rodata        0xffffffff80008197        0xd ../kernel/idt.o
 *fill*         0xffffffff800081a4        0x4 
 .rodata        0xffffffff800081a8       0xe1 ../kernel/vmm.o
 *fill*         0xffffffff80008289        0x7 
 .rodata        0xffffffff80008290       0x4c ../kernel/kernel.o
 .rodata        0xffffffff800082dc       0x25 ../kernel/slab.o
 *fill*         0xffffffff80008301        0x7 
 .rodata        0xffffffff80008308       0x22 ../fs/ramfs/ramfs_subr.o
 *fill*         0xffffffff8000832a       0x16 
 .rodata        0xffffffff80008340      0x3ff ../fs/ramfs/ramfs.o
                0xffffffff80008480                ram_ops
 .rodata        0xffffffff8000873f       0x2f ../fs/ramfs/initramfs.o
 .rodata        0xffffffff8000876e        0x7 ../fs/vfs.o

.eh_frame       0xffffffff80008778     0x1ad0
 .eh_frame      0xffffffff80008778       0x58 ../kernel/acpi.o
 .eh_frame      0xffffffff800087d0       0xa0 ../kernel/spinlock.o
                                         0xb8 (size before relaxing)
 .eh_frame      0xffffffff80008870       0x20 ../kernel/panic.o
                                         0x38 (size before relaxing)
 .eh_frame      0xffffffff80008890      0x120 ../kernel/time.o
                                        0x138 (size before relaxing)
 .eh_frame      0xffffffff800089b0       0x80 ../kernel/apic.o
                                         0x98 (size before relaxing)
 .eh_frame      0xffffffff80008a30      0x140 ../kernel/string.o
                                        0x158 (size before relaxing)
 .eh_frame      0xffffffff80008b70      0x148 ../kernel/gdt.o
                                        0x160 (size before relaxing)
 .eh_frame      0xffffffff80008cb8      0x100 ../kernel/interrupt.o
                                        0x118 (size before relaxing)
 .eh_frame      0xffffffff80008db8      0x220 ../kernel/kbd.o
                                        0x238 (size before relaxing)
 .eh_frame      0xffffffff80008fd8       0x40 ../kernel/io.o
                                         0x58 (size before relaxing)
 .eh_frame      0xffffffff80009018      0x120 ../kernel/pmm.o
                                        0x138 (size before relaxing)
 .eh_frame      0xffffffff80009138      0x160 ../kernel/idt.o
                                        0x178 (size before relaxing)
 .eh_frame      0xffffffff80009298      0x168 ../kernel/vmm.o
                                        0x180 (size before relaxing)
 .eh_frame      0xffffffff80009400      0x220 ../kernel/proc.o
                                        0x238 (size before relaxing)
 .eh_frame      0xffffffff80009620      0x100 ../kernel/pic.o
                                        0x118 (size before relaxing)
 .eh_frame      0xffffffff80009720      0x100 ../kernel/cpu.o
                                        0x118 (size before relaxing)
 .eh_frame      0xffffffff80009820      0x178 ../kernel/kernel.o
                                        0x190 (size before relaxing)
 .eh_frame      0xffffffff80009998      0x128 ../kernel/slab.o
                                        0x140 (size before relaxing)
 .eh_frame      0xffffffff80009ac0       0x20 ../main.o
                                         0x38 (size before relaxing)
 .eh_frame      0xffffffff80009ae0       0x40 ../fs/ramfs/ramfs_subr.o
                                         0x58 (size before relaxing)
 .eh_frame      0xffffffff80009b20      0x3e8 ../fs/ramfs/ramfs.o
                                        0x400 (size before relaxing)
 .eh_frame      0xffffffff80009f08       0x40 ../fs/ramfs/initramfs.o
                                         0x58 (size before relaxing)
 .eh_frame      0xffffffff80009f48      0x300 ../fs/vfs.o
                                        0x318 (size before relaxing)

.rela.dyn       0xffffffff8000a248        0x0
 .rela.got      0xffffffff8000a248        0x0 ../kernel/acpi.o
 .rela.iplt     0xffffffff8000a248        0x0 ../kernel/acpi.o
 .rela.text     0xffffffff8000a248        0x0 ../kernel/acpi.o
                0xffffffff8000b248                . = (. + CONSTANT (MAXPAGESIZE))

.data           0xffffffff8000b260      0x1b0
 *(.data .data.*)
 .data          0xffffffff8000b260       0x30 ../kernel/acpi.o
 .data          0xffffffff8000b290        0x0 ../kernel/spinlock.o
 .data          0xffffffff8000b290        0x0 ../kernel/panic.o
 .data          0xffffffff8000b290        0x0 ../kernel/time.o
 .data          0xffffffff8000b290        0x0 ../kernel/apic.o
 .data          0xffffffff8000b290        0x0 ../kernel/string.o
 .data          0xffffffff8000b290        0x0 ../kernel/gdt.o
 .data          0xffffffff8000b290        0x0 ../kernel/interrupt.o
 *fill*         0xffffffff8000b290       0x10 
 .data          0xffffffff8000b2a0       0x7f ../kernel/kbd.o
 .data          0xffffffff8000b31f        0x0 ../kernel/io.o
 .data          0xffffffff8000b31f        0x0 ../kernel/pmm.o
 .data          0xffffffff8000b31f        0x0 ../kernel/idt.o
 .data          0xffffffff8000b31f        0x0 ../kernel/vmm.o
 .data          0xffffffff8000b31f        0x1 ../kernel/proc.o
 .data          0xffffffff8000b320        0x0 ../kernel/pic.o
 .data          0xffffffff8000b320       0x38 ../kernel/cpu.o
 *fill*         0xffffffff8000b358        0x8 
 .data          0xffffffff8000b360       0x70 ../kernel/kernel.o
 .data          0xffffffff8000b3d0        0x0 ../kernel/slab.o
 .data          0xffffffff8000b3d0        0x0 ../main.o
 .data          0xffffffff8000b3d0        0x0 ../fs/ramfs/ramfs_subr.o
 .data          0xffffffff8000b3d0        0x0 ../fs/ramfs/ramfs.o
 *fill*         0xffffffff8000b3d0       0x10 
 .data          0xffffffff8000b3e0       0x30 ../fs/ramfs/initramfs.o
 .data          0xffffffff8000b410        0x0 ../fs/vfs.o

.got            0xffffffff8000b410        0x0
 .got           0xffffffff8000b410        0x0 ../kernel/acpi.o

.got.plt        0xffffffff8000b410        0x0
 .got.plt       0xffffffff8000b410        0x0 ../kernel/acpi.o

.igot.plt       0xffffffff8000b410        0x0
 .igot.plt      0xffffffff8000b410        0x0 ../kernel/acpi.o

.bss            0xffffffff8000b420     0x3924
 *(COMMON)
 COMMON         0xffffffff8000b420       0x10 ../kernel/acpi.o
                0xffffffff8000b420                lapicc
                0xffffffff8000b428                rsdt
 COMMON         0xffffffff8000b430        0x8 ../kernel/spinlock.o
                0xffffffff8000b430                x
                0xffffffff8000b434                spinlock
 COMMON         0xffffffff8000b438       0x11 ../kernel/time.o
                0xffffffff8000b438                PIT_COUNTER
                0xffffffff8000b440                EOI
                0xffffffff8000b448                NMI_LINT
 *fill*         0xffffffff8000b449        0x7 
 COMMON         0xffffffff8000b450       0x18 ../kernel/gdt.o
                0xffffffff8000b450                PML4E
                0xffffffff8000b458                bitmap
                0xffffffff8000b460                MAXPG
 *fill*         0xffffffff8000b468       0x18 
 COMMON         0xffffffff8000b480       0x50 ../kernel/cpu.o
                0xffffffff8000b480                vfslist
                0xffffffff8000b4b8                head
                0xffffffff8000b4c0                rootvn
                0xffffffff8000b4c8                mountedlist
 COMMON         0xffffffff8000b4d0        0x8 ../fs/vfs.o
                0xffffffff8000b4d0                rootfs
 *(.bss .bss.*)
 .bss           0xffffffff8000b4d8        0x0 ../kernel/acpi.o
 .bss           0xffffffff8000b4d8        0x0 ../kernel/spinlock.o
 .bss           0xffffffff8000b4d8        0x0 ../kernel/panic.o
 .bss           0xffffffff8000b4d8        0x0 ../kernel/time.o
 .bss           0xffffffff8000b4d8        0x8 ../kernel/apic.o
 .bss           0xffffffff8000b4e0        0x0 ../kernel/string.o
 .bss           0xffffffff8000b4e0       0x1a ../kernel/gdt.o
 .bss           0xffffffff8000b4fa        0x0 ../kernel/interrupt.o
 .bss           0xffffffff8000b4fa        0x2 ../kernel/kbd.o
 .bss           0xffffffff8000b4fc        0x0 ../kernel/io.o
 .bss           0xffffffff8000b4fc        0x0 ../kernel/pmm.o
 *fill*         0xffffffff8000b4fc        0x4 
 .bss           0xffffffff8000b500     0x100a ../kernel/idt.o
 .bss           0xffffffff8000c50a        0x0 ../kernel/vmm.o
 *fill*         0xffffffff8000c50a       0x16 
 .bss           0xffffffff8000c520     0x2804 ../kernel/proc.o
 .bss           0xffffffff8000ed24        0x0 ../kernel/pic.o
 .bss           0xffffffff8000ed24        0x0 ../kernel/cpu.o
 .bss           0xffffffff8000ed24        0x8 ../kernel/kernel.o
 *fill*         0xffffffff8000ed2c        0x4 
 .bss           0xffffffff8000ed30       0x14 ../kernel/slab.o
 .bss           0xffffffff8000ed44        0x0 ../main.o
 .bss           0xffffffff8000ed44        0x0 ../fs/ramfs/ramfs_subr.o
 .bss           0xffffffff8000ed44        0x0 ../fs/ramfs/ramfs.o
 .bss           0xffffffff8000ed44        0x0 ../fs/ramfs/initramfs.o
 .bss           0xffffffff8000ed44        0x0 ../fs/vfs.o

/DISCARD/
 *(.note .note.*)
OUTPUT(kernel.elf elf64-x86-64)

.debug_info     0x0000000000000000     0x9beb
 .debug_info    0x0000000000000000      0x38c ../kernel/acpi.o
 .debug_info    0x000000000000038c      0x20b ../kernel/spinlock.o
 .debug_info    0x0000000000000597       0xd5 ../kernel/panic.o
 .debug_info    0x000000000000066c      0x40d ../kernel/time.o
 .debug_info    0x0000000000000a79      0x5d3 ../kernel/apic.o
 .debug_info    0x000000000000104c      0x455 ../kernel/string.o
 .debug_info    0x00000000000014a1      0x47a ../kernel/gdt.o
 .debug_info    0x000000000000191b      0x25b ../kernel/interrupt.o
 .debug_info    0x0000000000001b76      0x7fa ../kernel/kbd.o
 .debug_info    0x0000000000002370      0x109 ../kernel/io.o
 .debug_info    0x0000000000002479      0x522 ../kernel/pmm.o
 .debug_info    0x000000000000299b      0x6b1 ../kernel/idt.o
 .debug_info    0x000000000000304c      0x6a1 ../kernel/vmm.o
 .debug_info    0x00000000000036ed      0xbbb ../kernel/proc.o
 .debug_info    0x00000000000042a8      0x27c ../kernel/pic.o
 .debug_info    0x0000000000004524      0x8fe ../kernel/cpu.o
 .debug_info    0x0000000000004e22      0xcd4 ../kernel/kernel.o
 .debug_info    0x0000000000005af6      0x6a2 ../kernel/slab.o
 .debug_info    0x0000000000006198       0x77 ../main.o
 .debug_info    0x000000000000620f      0x5b9 ../fs/ramfs/ramfs_subr.o
 .debug_info    0x00000000000067c8     0x1b4b ../fs/ramfs/ramfs.o
 .debug_info    0x0000000000008313      0x85e ../fs/ramfs/initramfs.o
 .debug_info    0x0000000000008b71      0xfe5 ../fs/vfs.o
 .debug_info    0x0000000000009b56       0x4c ./switch.o
 .debug_info    0x0000000000009ba2       0x49 ./isr.o

.debug_abbrev   0x0000000000000000     0x2a1d
 .debug_abbrev  0x0000000000000000      0x156 ../kernel/acpi.o
 .debug_abbrev  0x0000000000000156      0x114 ../kernel/spinlock.o
 .debug_abbrev  0x000000000000026a       0x95 ../kernel/panic.o
 .debug_abbrev  0x00000000000002ff      0x1d1 ../kernel/time.o
 .debug_abbrev  0x00000000000004d0      0x1df ../kernel/apic.o
 .debug_abbrev  0x00000000000006af      0x10e ../kernel/string.o
 .debug_abbrev  0x00000000000007bd      0x222 ../kernel/gdt.o
 .debug_abbrev  0x00000000000009df      0x19e ../kernel/interrupt.o
 .debug_abbrev  0x0000000000000b7d      0x239 ../kernel/kbd.o
 .debug_abbrev  0x0000000000000db6       0xa0 ../kernel/io.o
 .debug_abbrev  0x0000000000000e56      0x18d ../kernel/pmm.o
 .debug_abbrev  0x0000000000000fe3      0x284 ../kernel/idt.o
 .debug_abbrev  0x0000000000001267      0x1c7 ../kernel/vmm.o
 .debug_abbrev  0x000000000000142e      0x2f4 ../kernel/proc.o
 .debug_abbrev  0x0000000000001722      0x146 ../kernel/pic.o
 .debug_abbrev  0x0000000000001868      0x266 ../kernel/cpu.o
 .debug_abbrev  0x0000000000001ace      0x2c1 ../kernel/kernel.o
 .debug_abbrev  0x0000000000001d8f      0x24a ../kernel/slab.o
 .debug_abbrev  0x0000000000001fd9       0x53 ../main.o
 .debug_abbrev  0x000000000000202c      0x1c7 ../fs/ramfs/ramfs_subr.o
 .debug_abbrev  0x00000000000021f3      0x336 ../fs/ramfs/ramfs.o
 .debug_abbrev  0x0000000000002529      0x208 ../fs/ramfs/initramfs.o
 .debug_abbrev  0x0000000000002731      0x2b6 ../fs/vfs.o
 .debug_abbrev  0x00000000000029e7       0x1b ./switch.o
 .debug_abbrev  0x0000000000002a02       0x1b ./isr.o

.debug_aranges  0x0000000000000000      0x4b0
 .debug_aranges
                0x0000000000000000       0x30 ../kernel/acpi.o
 .debug_aranges
                0x0000000000000030       0x30 ../kernel/spinlock.o
 .debug_aranges
                0x0000000000000060       0x30 ../kernel/panic.o
 .debug_aranges
                0x0000000000000090       0x30 ../kernel/time.o
 .debug_aranges
                0x00000000000000c0       0x30 ../kernel/apic.o
 .debug_aranges
                0x00000000000000f0       0x30 ../kernel/string.o
 .debug_aranges
                0x0000000000000120       0x30 ../kernel/gdt.o
 .debug_aranges
                0x0000000000000150       0x30 ../kernel/interrupt.o
 .debug_aranges
                0x0000000000000180       0x30 ../kernel/kbd.o
 .debug_aranges
                0x00000000000001b0       0x30 ../kernel/io.o
 .debug_aranges
                0x00000000000001e0       0x30 ../kernel/pmm.o
 .debug_aranges
                0x0000000000000210       0x30 ../kernel/idt.o
 .debug_aranges
                0x0000000000000240       0x30 ../kernel/vmm.o
 .debug_aranges
                0x0000000000000270       0x30 ../kernel/proc.o
 .debug_aranges
                0x00000000000002a0       0x30 ../kernel/pic.o
 .debug_aranges
                0x00000000000002d0       0x30 ../kernel/cpu.o
 .debug_aranges
                0x0000000000000300       0x30 ../kernel/kernel.o
 .debug_aranges
                0x0000000000000330       0x30 ../kernel/slab.o
 .debug_aranges
                0x0000000000000360       0x30 ../main.o
 .debug_aranges
                0x0000000000000390       0x30 ../fs/ramfs/ramfs_subr.o
 .debug_aranges
                0x00000000000003c0       0x30 ../fs/ramfs/ramfs.o
 .debug_aranges
                0x00000000000003f0       0x30 ../fs/ramfs/initramfs.o
 .debug_aranges
                0x0000000000000420       0x30 ../fs/vfs.o
 .debug_aranges
                0x0000000000000450       0x30 ./switch.o
 .debug_aranges
                0x0000000000000480       0x30 ./isr.o

.debug_line     0x0000000000000000     0x37ed
 .debug_line    0x0000000000000000      0x158 ../kernel/acpi.o
 .debug_line    0x0000000000000158       0xec ../kernel/spinlock.o
 .debug_line    0x0000000000000244       0xb8 ../kernel/panic.o
 .debug_line    0x00000000000002fc      0x179 ../kernel/time.o
 .debug_line    0x0000000000000475      0x185 ../kernel/apic.o
 .debug_line    0x00000000000005fa      0x2aa ../kernel/string.o
 .debug_line    0x00000000000008a4      0x1d5 ../kernel/gdt.o
 .debug_line    0x0000000000000a79      0x13c ../kernel/interrupt.o
 .debug_line    0x0000000000000bb5      0x214 ../kernel/kbd.o
 .debug_line    0x0000000000000dc9       0x69 ../kernel/io.o
 .debug_line    0x0000000000000e32      0x33d ../kernel/pmm.o
 .debug_line    0x000000000000116f      0x1d9 ../kernel/idt.o
 .debug_line    0x0000000000001348      0x365 ../kernel/vmm.o
 .debug_line    0x00000000000016ad      0x28b ../kernel/proc.o
 .debug_line    0x0000000000001938      0x114 ../kernel/pic.o
 .debug_line    0x0000000000001a4c      0x1b2 ../kernel/cpu.o
 .debug_line    0x0000000000001bfe      0x20d ../kernel/kernel.o
 .debug_line    0x0000000000001e0b      0x314 ../kernel/slab.o
 .debug_line    0x000000000000211f       0x4c ../main.o
 .debug_line    0x000000000000216b      0x146 ../fs/ramfs/ramfs_subr.o
 .debug_line    0x00000000000022b1      0xab0 ../fs/ramfs/ramfs.o
 .debug_line    0x0000000000002d61      0x195 ../fs/ramfs/initramfs.o
 .debug_line    0x0000000000002ef6      0x844 ../fs/vfs.o
 .debug_line    0x000000000000373a       0x42 ./switch.o
 .debug_line    0x000000000000377c       0x71 ./isr.o

.debug_str      0x0000000000000000     0x1491
 .debug_str     0x0000000000000000      0x24e ../kernel/acpi.o
                                        0x2b5 (size before relaxing)
 .debug_str     0x000000000000024e       0xb7 ../kernel/spinlock.o
                                        0x25a (size before relaxing)
 .debug_str     0x0000000000000305       0x18 ../kernel/panic.o
                                        0x1b8 (size before relaxing)
 .debug_str     0x000000000000031d       0x77 ../kernel/time.o
                                        0x2ab (size before relaxing)
 .debug_str     0x0000000000000394       0xb2 ../kernel/apic.o
                                        0x318 (size before relaxing)
 .debug_str     0x0000000000000446       0x6b ../kernel/string.o
                                        0x216 (size before relaxing)
 .debug_str     0x00000000000004b1       0xea ../kernel/gdt.o
                                        0x2e3 (size before relaxing)
 .debug_str     0x000000000000059b       0x36 ../kernel/interrupt.o
                                        0x20d (size before relaxing)
 .debug_str     0x00000000000005d1      0x22e ../kernel/kbd.o
                                        0x48f (size before relaxing)
 .debug_str     0x00000000000007ff       0x23 ../kernel/io.o
                                        0x1ac (size before relaxing)
 .debug_str     0x0000000000000822       0xcb ../kernel/pmm.o
                                        0x2e9 (size before relaxing)
 .debug_str     0x00000000000008ed       0x80 ../kernel/idt.o
                                        0x32e (size before relaxing)
 .debug_str     0x000000000000096d       0x82 ../kernel/vmm.o
                                        0x2bf (size before relaxing)
 .debug_str     0x00000000000009ef      0x21b ../kernel/proc.o
                                        0x545 (size before relaxing)
 .debug_str     0x0000000000000c0a       0x30 ../kernel/pic.o
                                        0x202 (size before relaxing)
 .debug_str     0x0000000000000c3a      0x126 ../kernel/cpu.o
                                        0x4b6 (size before relaxing)
 .debug_str     0x0000000000000d60      0x1d5 ../kernel/kernel.o
                                        0x673 (size before relaxing)
 .debug_str     0x0000000000000f35       0xa6 ../kernel/slab.o
                                        0x2e9 (size before relaxing)
 .debug_str     0x0000000000000fdb        0xa ../main.o
                                        0x139 (size before relaxing)
 .debug_str     0x0000000000000fe5       0x6f ../fs/ramfs/ramfs_subr.o
                                        0x386 (size before relaxing)
 .debug_str     0x0000000000001054      0x27d ../fs/ramfs/ramfs.o
                                        0x640 (size before relaxing)
 .debug_str     0x00000000000012d1      0x11e ../fs/ramfs/initramfs.o
                                        0x49f (size before relaxing)
 .debug_str     0x00000000000013ef       0xa2 ../fs/vfs.o
                                        0x4bf (size before relaxing)

.comment        0x0000000000000000       0x2b
 .comment       0x0000000000000000       0x2b ../kernel/acpi.o
                                         0x2c (size before relaxing)
 .comment       0x000000000000002b       0x2c ../kernel/spinlock.o
 .comment       0x000000000000002b       0x2c ../kernel/panic.o
 .comment       0x000000000000002b       0x2c ../kernel/time.o
 .comment       0x000000000000002b       0x2c ../kernel/apic.o
 .comment       0x000000000000002b       0x2c ../kernel/string.o
 .comment       0x000000000000002b       0x2c ../kernel/gdt.o
 .comment       0x000000000000002b       0x2c ../kernel/interrupt.o
 .comment       0x000000000000002b       0x2c ../kernel/kbd.o
 .comment       0x000000000000002b       0x2c ../kernel/io.o
 .comment       0x000000000000002b       0x2c ../kernel/pmm.o
 .comment       0x000000000000002b       0x2c ../kernel/idt.o
 .comment       0x000000000000002b       0x2c ../kernel/vmm.o
 .comment       0x000000000000002b       0x2c ../kernel/proc.o
 .comment       0x000000000000002b       0x2c ../kernel/pic.o
 .comment       0x000000000000002b       0x2c ../kernel/cpu.o
 .comment       0x000000000000002b       0x2c ../kernel/kernel.o
 .comment       0x000000000000002b       0x2c ../kernel/slab.o
 .comment       0x000000000000002b       0x2c ../main.o
 .comment       0x000000000000002b       0x2c ../fs/ramfs/ramfs_subr.o
 .comment       0x000000000000002b       0x2c ../fs/ramfs/ramfs.o
 .comment       0x000000000000002b       0x2c ../fs/ramfs/initramfs.o
 .comment       0x000000000000002b       0x2c ../fs/vfs.o

.debug_ranges   0x0000000000000000       0x30
 .debug_ranges  0x0000000000000000       0x30 ../fs/vfs.o

.debug_pubnames
                0x0000000000000000       0x24
 .debug_pubnames
                0x0000000000000000       0x12 ./switch.o
 .debug_pubnames
                0x0000000000000012       0x12 ./isr.o

.debug_frame    0x0000000000000000        0xc
 .debug_frame   0x0000000000000000        0x4 ./switch.o
 *fill*         0x0000000000000004        0x4 
 .debug_frame   0x0000000000000008        0x4 ./isr.o

.debug_loc      0x0000000000000000       0x20
 .debug_loc     0x0000000000000000       0x10 ./switch.o
 .debug_loc     0x0000000000000010       0x10 ./isr.o
